10-08 12:22:02.751  1110  4100 V AlarmManager: set(PendingIntent{70dc483: PendingIntentRecord{9784ccf com.glance.lockscreenMLite broadcastIntent}}) : type=0 listener=null listenerTag=null workSource=null callingPackage=com.glance.lockscreenMLite callingUid=10181 triggerAtTime=1759948200750 win=64800000 tElapsed=129627117 maxElapsed=194427117 interval=86400000 flags=0x0
10-08 12:22:02.755  1110  1136 D SSense  : windowsChanged
10-08 12:22:02.755  1110  4100 V AlarmManager: set(PendingIntent{30ec600: PendingIntentRecord{456e6eb com.glance.lockscreenMLite broadcastIntent}}) : type=0 listener=null listenerTag=null workSource=null callingPackage=com.glance.lockscreenMLite callingUid=10181 triggerAtTime=1759948200753 win=64800000 tElapsed=129627120 maxElapsed=194427120 interval=86400000 flags=0x0
10-08 12:22:02.759  1110  1137 D WindowManager: Setting visibility of Window{f41b84e u0 com.android.systemui.ImageWallpaper}: true
10-08 12:22:02.759  1110  1137 D WindowManager: java.lang.Exception
10-08 12:22:02.759  1110  1137 D WindowManager: 	at com.android.server.wm.WindowState.sendAppVisibilityToClients(WindowState.java:3525)
10-08 12:22:02.759  1110  1137 D WindowManager: 	at com.android.server.wm.WindowContainer.sendAppVisibilityToClients(WindowContainer.java:1201)
10-08 12:22:02.759  1110  1137 D WindowManager: 	at com.android.server.wm.WindowToken.setClientVisible(WindowToken.java:398)
10-08 12:22:02.759  1110  1137 D WindowManager: 	at com.android.server.wm.WallpaperWindowToken.setVisible(WallpaperWindowToken.java:153)
10-08 12:22:02.759  1110  1137 D WindowManager: 	at com.android.server.wm.WallpaperWindowToken.commitVisibility(WallpaperWindowToken.java:195)
10-08 12:22:02.759  1110  1137 D WindowManager: 	at com.android.server.wm.WallpaperWindowToken.setVisibility(WallpaperWindowToken.java:180)
10-08 12:22:02.759  1110  1137 D WindowManager: 	at com.android.server.wm.WallpaperWindowToken.updateWallpaperWindows(WallpaperWindowToken.java:110)
10-08 12:22:02.759  1110  1137 D WindowManager: 	at com.android.server.wm.WallpaperController.updateWallpaperTokens(WallpaperController.java:661)
10-08 12:22:02.759  1110  1137 D WindowManager: 	at com.android.server.wm.WallpaperController.adjustWallpaperWindows(WallpaperController.java:702)
10-08 12:22:02.759  1110  1137 D WindowManager: 	at com.android.server.wm.DisplayContent.applySurfaceChangesTransaction(DisplayContent.java:4695)
10-08 12:22:02.759  1110  1137 D WindowManager: 	at com.android.server.wm.RootWindowContainer.applySurfaceChangesTransaction(RootWindowContainer.java:1038)
10-08 12:22:02.759  1110  1137 D WindowManager: 	at com.android.server.wm.RootWindowContainer.performSurfacePlacementNoTrace(RootWindowContainer.java:841)
10-08 12:22:02.759  1110  1137 D WindowManager: 	at com.android.server.wm.RootWindowContainer.performSurfacePlacement(RootWindowContainer.java:801)
10-08 12:22:02.759  1110  1137 D WindowManager: 	at com.android.server.wm.WindowSurfacePlacer.performSurfacePlacementLoop(WindowSurfacePlacer.java:179)
10-08 12:22:02.759  1110  1137 D WindowManager: 	at com.android.server.wm.WindowSurfacePlacer.performSurfacePlacement(WindowSurfacePlacer.java:128)
10-08 12:22:02.759  1110  1137 D WindowManager: 	at com.android.server.wm.WindowSurfacePlacer.performSurfacePlacement(WindowSurfacePlacer.java:117)
10-08 12:22:02.759  1110  1137 D WindowManager: 	at com.android.server.wm.WindowSurfacePlacer$Traverser.run(WindowSurfacePlacer.java:59)
10-08 12:22:02.759  1110  1137 D WindowManager: 	at android.os.Handler.handleCallback(Handler.java:942)
10-08 12:22:02.759  1110  1137 D WindowManager: 	at android.os.Handler.dispatchMessage(Handler.java:99)
10-08 12:22:02.759  1110  1137 D WindowManager: 	at android.os.Looper.loopOnce(Looper.java:201)
10-08 12:22:02.759  1110  1137 D WindowManager: 	at android.os.Looper.loop(Looper.java:288)
10-08 12:22:02.759  1110  1137 D WindowManager: 	at android.os.HandlerThread.run(HandlerThread.java:67)
10-08 12:22:02.759  1110  1137 D WindowManager: 	at com.android.server.ServiceThread.run(ServiceThread.java:44)
10-08 12:22:02.761  1110  1137 W WindowManager: Exception thrown during dispatchAppVisibility Window{d35e1bb u0 com.gig_tech/com.gig_tech.MainActivity EXITING}
10-08 12:22:02.761  1110  1137 W WindowManager: android.os.DeadObjectException
10-08 12:22:02.761  1110  1137 W WindowManager: 	at android.os.BinderProxy.transactNative(Native Method)
10-08 12:22:02.761  1110  1137 W WindowManager: 	at android.os.BinderProxy.transact(BinderProxy.java:595)
10-08 12:22:02.761  1110  1137 W WindowManager: 	at android.view.IWindow$Stub$Proxy.dispatchAppVisibility(IWindow.java:536)
10-08 12:22:02.761  1110  1137 W WindowManager: 	at com.android.server.wm.WindowState.sendAppVisibilityToClients(WindowState.java:3530)
10-08 12:22:02.761  1110  1137 W WindowManager: 	at com.android.server.wm.WindowContainer.sendAppVisibilityToClients(WindowContainer.java:1201)
10-08 12:22:02.761  1110  1137 W WindowManager: 	at com.android.server.wm.WindowToken.setClientVisible(WindowToken.java:398)
10-08 12:22:02.761  1110  1137 W WindowManager: 	at com.android.server.wm.ActivityRecord.setClientVisible(ActivityRecord.java:6639)
10-08 12:22:02.761  1110  1137 W WindowManager: 	at com.android.server.wm.ActivityRecord.postApplyAnimation(ActivityRecord.java:5355)
10-08 12:22:02.761  1110  1137 W WindowManager: 	at com.android.server.wm.ActivityRecord.commitVisibility(ActivityRecord.java:5310)
10-08 12:22:02.761  1110  1137 W WindowManager: 	at com.android.server.wm.ActivityRecord.commitVisibility(ActivityRecord.java:5314)
10-08 12:22:02.761  1110  1137 W WindowManager: 	at com.android.server.wm.AppTransitionController.handleClosingApps(AppTransitionController.java:1130)
10-08 12:22:02.761  1110  1137 W WindowManager: 	at com.android.server.wm.AppTransitionController.handleAppTransitionReady(AppTransitionController.java:296)
10-08 12:22:02.761  1110  1137 W WindowManager: 	at com.android.server.wm.RootWindowContainer.checkAppTransitionReady(RootWindowContainer.java:992)
10-08 12:22:02.761  1110  1137 W WindowManager: 	at com.android.server.wm.RootWindowContainer.performSurfacePlacementNoTrace(RootWindowContainer.java:859)
10-08 12:22:02.761  1110  1137 W WindowManager: 	at com.android.server.wm.RootWindowContainer.performSurfacePlacement(RootWindowContainer.java:801)
10-08 12:22:02.761  1110  1137 W WindowManager: 	at com.android.server.wm.WindowSurfacePlacer.performSurfacePlacementLoop(WindowSurfacePlacer.java:179)
10-08 12:22:02.761  1110  1137 W WindowManager: 	at com.android.server.wm.WindowSurfacePlacer.performSurfacePlacement(WindowSurfacePlacer.java:128)
10-08 12:22:02.761  1110  1137 W WindowManager: 	at com.android.server.wm.WindowSurfacePlacer.performSurfacePlacement(WindowSurfacePlacer.java:117)
10-08 12:22:02.761  1110  1137 W WindowManager: 	at com.android.server.wm.WindowSurfacePlacer$Traverser.run(WindowSurfacePlacer.java:59)
10-08 12:22:02.761  1110  1137 W WindowManager: 	at android.os.Handler.handleCallback(Handler.java:942)
10-08 12:22:02.761  1110  1137 W WindowManager: 	at android.os.Handler.dispatchMessage(Handler.java:99)
10-08 12:22:02.761  1110  1137 W WindowManager: 	at android.os.Looper.loopOnce(Looper.java:201)
10-08 12:22:02.761  1110  1137 W WindowManager: 	at android.os.Looper.loop(Looper.java:288)
10-08 12:22:02.761  1110  1137 W WindowManager: 	at android.os.HandlerThread.run(HandlerThread.java:67)
10-08 12:22:02.761  1110  1137 W WindowManager: 	at com.android.server.ServiceThread.run(ServiceThread.java:44)
10-08 12:22:02.767  1110  1136 D SSense  : windowsChanged
10-08 12:22:02.772  1110  4100 V AlarmManager: set(PendingIntent{a8408e2: PendingIntentRecord{f1541b6 com.glance.lockscreenMLite broadcastIntent}}) : type=0 listener=null listenerTag=null workSource=null callingPackage=com.glance.lockscreenMLite callingUid=10181 triggerAtTime=1759948200772 win=64800000 tElapsed=129627139 maxElapsed=194427139 interval=86400000 flags=0x0
10-08 12:22:02.850  1110  1518 D AppStartScene: updateAPPMem: error pid= -1
10-08 12:22:02.853  1110  1136 D SSense  : windowsChanged
10-08 12:22:02.860  1110  2051 D CompatibilityChangeReporter: Compat change id reported: 161252188; UID 10128; state: ENABLED
10-08 12:22:02.861  1110  2051 D CompatibilityChangeReporter: Compat change id reported: 135634846; UID 99033; state: DISABLED
10-08 12:22:02.861  1110  2051 D CompatibilityChangeReporter: Compat change id reported: 177438394; UID 99033; state: DISABLED
10-08 12:22:02.861  1110  2051 D CompatibilityChangeReporter: Compat change id reported: 135772972; UID 99033; state: DISABLED
10-08 12:22:02.861  1110  2051 D CompatibilityChangeReporter: Compat change id reported: 135754954; UID 99033; state: ENABLED
10-08 12:22:02.861  1110  1151 D ActivityManager: asking zygote to start proc:ProcessRecord{4918853 0:com.google.android.webview:sandboxed_process0:org.chromium.content.app.SandboxedProcessService0:0/u0a181i33}
10-08 12:22:02.861  1110  1151 D CompatibilityChangeReporter: Compat change id reported: 143937733; UID 10181; state: ENABLED
10-08 12:22:02.865  1110  1136 W ActivityManager: setHasOverlayUi called on unknown pid: 7949
10-08 12:22:02.869  1110  1136 D SSense  : windowsChanged
10-08 12:22:02.876  1110  1151 I ActivityManager: Start proc 8092:com.google.android.webview:sandboxed_process0:org.chromium.content.app.SandboxedProcessService0:0/u0i33 for  {com.glance.lockscreenMLite/org.chromium.content.app.SandboxedProcessService0:0}
10-08 12:22:02.876  1110  1151 D PreforkProcessScene: execution function name:preforkStart
10-08 12:22:03.003  1110  4100 D CompatibilityChangeReporter: Compat change id reported: 135634846; UID 10128; state: DISABLED
10-08 12:22:03.003  1110  4100 D CompatibilityChangeReporter: Compat change id reported: 177438394; UID 10128; state: DISABLED
10-08 12:22:03.003  1110  4100 D CompatibilityChangeReporter: Compat change id reported: 135772972; UID 10128; state: DISABLED
10-08 12:22:03.003  1110  4100 D CompatibilityChangeReporter: Compat change id reported: 135754954; UID 10128; state: ENABLED
10-08 12:22:03.004  1110  1151 D ActivityManager: asking zygote to start proc:ProcessRecord{dea3f6d 0:com.google.android.webview:webview_service/u0a128}
10-08 12:22:03.004  1110  1151 D CompatibilityChangeReporter: Compat change id reported: 143937733; UID 10128; state: ENABLED
10-08 12:22:03.004  1110  1151 D PreforkProcessScene: execution function name:handlePreforkStartProcess
10-08 12:22:03.004  1110  1151 D PreforkProcessScene: handlePreforkStartProcess,args:PreforkArgs entryPoint= android.app.ActivityThread ,niceName = com.google.android.webview:webview_service ,uid = 10128 ,gid = 10128 ,gids = [I@75e67a2 ,runtimeFlags = 19474432 ,mountExternal = 1 ,targetSdkVersion = 36 ,seInfo = default:targetSdkVersion=36:complete ,abi = arm64-v8a ,instructionSet = arm64 ,appDataDir = /data/user/0/com.google.android.webview ,invokeWith = null ,pkgName = com.google.android.webview, zygotePolicyFlags = 0, isTopApp = false, mDisabledCompatChanges = 132649864135634846135772972143231523143539591161145287162547999166236554168419799169897160170233598174042936174042980174043039174227820174228127176926741176926753176926771176926829177438394178038272180326787180326845181136395182811243184838306185004937189229956189969734189969744189969749189969779189969782189970036189970038189970040191513214196254758210856463226439802, pkgDataInfoMap = {com.google.android.webview=Pair{null 3000}}, whitelistedAppDataInfoMap = {com.google.android.gms=Pair{null 3049}}, bindMountAppStorageDirs = false, bindMountAppsData = true ,zygoteArgs = seq=1148
10-08 12:22:03.004  1110  1151 D PreforkProcessScene: isPackageSupportPreFork, procName:com.google.android.webview:webview_service,isSupport:false
10-08 12:22:03.004  1110  1151 D Prefork : startResult is empty and running normal execution.
10-08 12:22:03.014  1110  1151 I ActivityManager: Start proc 8117:com.google.android.webview:webview_service/u0a128 for service {com.google.android.webview/org.chromium.android_webview.services.ComponentsProviderService}
10-08 12:22:03.014  1110  1151 D PreforkProcessScene: execution function name:preforkStart
10-08 12:22:03.041  1110  5599 D CompatibilityChangeReporter: Compat change id reported: 168419799; UID 10128; state: DISABLED
10-08 12:22:03.154  1110  1136 W ActivityTaskManager: Activity top resumed state loss timeout for ActivityRecord{9fc3ad5 u0 com.gig_tech/.MainActivity} t-1 d0 f}}
10-08 12:22:03.456  1110  4100 I ActivityManager: Killing 7098:com.facebook.lite/u0a175 (adj 965): empty #17
10-08 12:22:03.456  1110  4100 I ActivityManager: Killing 6985:com.whatsapp/u0a190 (adj 975): empty #18
10-08 12:22:03.633  1110  1193 I AppsFilter: interaction: PackageSetting{1ed6886 io.cordova.ifb/10218} -> PackageSetting{8bff84d com.glance.lockscreenMLite/10181} BLOCKED
10-08 12:22:03.633  1110  1193 I AppsFilter: interaction: PackageSetting{5928547 com.genius.payhrms/10220} -> PackageSetting{8bff84d com.glance.lockscreenMLite/10181} BLOCKED
10-08 12:22:03.633  1110  1193 I AppsFilter: interaction: PackageSetting{fe89174 com.genius.employee/10203} -> PackageSetting{8bff84d com.glance.lockscreenMLite/10181} BLOCKED
10-08 12:22:03.633  1110  1193 I AppsFilter: interaction: PackageSetting{60f769d com.ifb_v2/10227} -> PackageSetting{8bff84d com.glance.lockscreenMLite/10181} BLOCKED
10-08 12:22:03.633  1110  1193 I AppsFilter: interaction: PackageSetting{3d583d com.bgc_fe/10233} -> PackageSetting{8bff84d com.glance.lockscreenMLite/10181} BLOCKED
10-08 12:22:03.633  1110  1193 I AppsFilter: interaction: PackageSetting{6e82ee3 com.opensissas/10199} -> PackageSetting{8bff84d com.glance.lockscreenMLite/10181} BLOCKED
10-08 12:22:03.633  1110  1193 I AppsFilter: interaction: PackageSetting{5b750e0 io.cordova.myapp00d753/10217} -> PackageSetting{8bff84d com.glance.lockscreenMLite/10181} BLOCKED
10-08 12:22:03.633  1110  1193 I AppsFilter: interaction: PackageSetting{6f1df99 com.geniuspayhr.himadri/10219} -> PackageSetting{8bff84d com.glance.lockscreenMLite/10181} BLOCKED
10-08 12:22:03.634  1110  1193 D BroadcastQueue: Add broadcast <BroadcastRecord{ff25f02 u0 android.intent.action.PACKAGE_CHANGED}> into [parallel | background], pending size 0
10-08 12:22:03.644  1110  1218 D CompatibilityChangeReporter: Compat change id reported: 171306433; UID 10181; state: ENABLED
10-08 12:22:03.645  1110  1218 D CompatibilityChangeReporter: Compat change id reported: 226439802; UID 10181; state: DISABLED
10-08 12:22:03.649  1110  1110 I Telecom : DefaultDialerCache: Refreshing default dialer for user 0: now com.google.android.dialer: DDC.oR@BSk
10-08 12:22:03.652  1110  1150 D BroadcastQueue: Done with parallel broadcast [background] [BroadcastRecord{ff25f02 u0 android.intent.action.PACKAGE_CHANGED}]
10-08 12:22:04.777  1110  4900 D BroadcastQueue: Add broadcast <BroadcastRecord{8b6b23d u0 X.3gz.NETWORKING_INACTIVE}> into [parallel | background], pending size 0
10-08 12:22:04.777  1110  1150 D BroadcastQueue: Done with parallel broadcast [background] [BroadcastRecord{8b6b23d u0 X.3gz.NETWORKING_INACTIVE}]
10-08 12:22:06.631  1110  1136 D SSense  : windowsChanged
10-08 12:22:08.257  1110  1149 I ActivityManager: Killing 7149:com.facebook.orca:fdidsync/u0a213 (adj 985): empty #17
10-08 12:22:09.046  1110  4900 D CompatibilityChangeReporter: Compat change id reported: 161252188; UID 10240; state: ENABLED
10-08 12:22:09.046  1110  4900 I ActivityTaskManager: START u0 {act=android.intent.action.MAIN cat=[android.intent.category.LAUNCHER] flg=0x10200000 cmp=com.gig_tech/.MainActivity bnds=[28,180][190,420]} from uid 10061, pid 1639
10-08 12:22:09.047  1110  4900 D CompatibilityChangeReporter: Compat change id reported: 194480991; UID 10240; state: ENABLED
10-08 12:22:09.049  1110  1518 D PerformanceDatabaseControl: queryMem pkgName = com.gig_tech
10-08 12:22:09.049  1110  4900 D CompatibilityChangeReporter: Compat change id reported: 174042980; UID 10240; state: DISABLED
10-08 12:22:09.050  1110  4900 D CompatibilityChangeReporter: Compat change id reported: 184838306; UID 10240; state: DISABLED
10-08 12:22:09.050  1110  4900 D CompatibilityChangeReporter: Compat change id reported: 185004937; UID 10240; state: DISABLED
10-08 12:22:09.050  1110  1518 D AppStartScene: doFastKillForAppStart:com.gig_tech,memAvail:44
10-08 12:22:09.050  1110  4900 D CompatibilityChangeReporter: Compat change id reported: 181136395; UID 10240; state: DISABLED
10-08 12:22:09.050  1110  4900 D CompatibilityChangeReporter: Compat change id reported: 174042936; UID 10240; state: DISABLED
10-08 12:22:09.052  1110  4900 D CompatibilityChangeReporter: Compat change id reported: 205907456; UID 10240; state: ENABLED
10-08 12:22:09.055  1110  4900 I ActivityTaskManager: ->startActivity for ActivityRecord{59b1deb u0 com.gig_tech/.MainActivity} t15861 d0} result:START_SUCCESS
10-08 12:22:09.056  1110  4900 D CompatibilityChangeReporter: Compat change id reported: 194833441; UID 10240; state: ENABLED
10-08 12:22:09.062  1110  1137 D WindowManager: Focus not requested, because it has no surface or is not focusable, request window=Window{f2ce592 u0 com.motorola.launcher3/com.android.launcher3.CustomizationPanelLauncher}, mCurrentFocusWindow= f2ce592 com.motorola.launcher3/com.android.launcher3.CustomizationPanelLauncher
10-08 12:22:09.063  1110  1136 D CompatibilityChangeReporter: Compat change id reported: 135634846; UID 10240; state: DISABLED
10-08 12:22:09.063  1110  1136 D CompatibilityChangeReporter: Compat change id reported: 177438394; UID 10240; state: DISABLED
10-08 12:22:09.063  1110  1136 D CompatibilityChangeReporter: Compat change id reported: 135772972; UID 10240; state: DISABLED
10-08 12:22:09.063  1110  1136 D CompatibilityChangeReporter: Compat change id reported: 135754954; UID 10240; state: ENABLED
10-08 12:22:09.063  1110  1151 D ActivityManager: asking zygote to start proc:ProcessRecord{530b9e1 0:com.gig_tech/u0a240}
10-08 12:22:09.063  1110  1151 D CompatibilityChangeReporter: Compat change id reported: 143937733; UID 10240; state: ENABLED
10-08 12:22:09.064  1110  1151 D PreforkProcessScene: execution function name:handlePreforkStartProcess
10-08 12:22:09.064  1110  8169 D CompatibilityChangeReporter: Compat change id reported: 168419799; UID 10240; state: DISABLED
10-08 12:22:09.064  1110  1151 D PreforkProcessScene: handlePreforkStartProcess,args:PreforkArgs entryPoint= android.app.ActivityThread ,niceName = com.gig_tech ,uid = 10240 ,gid = 10240 ,gids = [I@dd5cff4 ,runtimeFlags = 17377280 ,mountExternal = 1 ,targetSdkVersion = 35 ,seInfo = default:targetSdkVersion=35:complete ,abi = arm64-v8a ,instructionSet = arm64 ,appDataDir = /data/user/0/com.gig_tech ,invokeWith = null ,pkgName = com.gig_tech, zygotePolicyFlags = 1, isTopApp = true, mDisabledCompatChanges = 132649864135634846135772972143231523143539591161145287162547999166236554168419799169897160170233598174042936174042980174043039174227820174228127176926741176926753176926771176926829177438394178038272180326787180326845181136395182811243184838306185004937189229956189969734189969744189969749189969779189969782189970036189970038189970040191513214196254758210856463226439802288912692351566728, pkgDataInfoMap = {com.gig_tech=Pair{null 311197}}, whitelistedAppDataInfoMap = {com.google.android.gms=Pair{null 3049}}, bindMountAppStorageDirs = false, bindMountAppsData = true ,zygoteArgs = seq=1149
10-08 12:22:09.064  1110  1151 D PreforkProcessScene: isPackageSupportPreFork, procName:com.gig_tech,isSupport:false
10-08 12:22:09.064  1110  1151 D Prefork : startResult is empty and running normal execution.
10-08 12:22:09.067  1110  1137 D WindowManager: Focus not requested, because it has no surface or is not focusable, request window=Window{f2ce592 u0 com.motorola.launcher3/com.android.launcher3.CustomizationPanelLauncher}, mCurrentFocusWindow= f2ce592 com.motorola.launcher3/com.android.launcher3.CustomizationPanelLauncher
10-08 12:22:09.068  1110  1136 D SSense  : windowsChanged
10-08 12:22:09.071  1110  8568 D CoreBackPreview: Window{70badc7 u0 Splash Screen com.gig_tech}: Setting back callback OnBackInvokedCallbackInfo{mCallback=android.window.IOnBackInvokedCallback$Stub$Proxy@f2992, mPriority=0}
10-08 12:22:09.071  1110  1137 D WindowManager: Focus not requested, because it has no surface or is not focusable, request window=Window{f2ce592 u0 com.motorola.launcher3/com.android.launcher3.CustomizationPanelLauncher}, mCurrentFocusWindow= f2ce592 com.motorola.launcher3/com.android.launcher3.CustomizationPanelLauncher
10-08 12:22:09.086  1110  1151 I ActivityManager: Start proc 8156:com.gig_tech/u0a240 for next-top-activity {com.gig_tech/com.gig_tech.MainActivity}
10-08 12:22:09.086  1110  1151 D PreforkProcessScene: execution function name:preforkStart
10-08 12:22:09.115  1110  2051 D WindowManager: setFocusedApp mFocusedApp = ActivityRecord{59b1deb u0 com.gig_tech/.MainActivity} t15861 d0}displayId = 0Callers = com.android.server.wm.ActivityTaskManagerService.setResumedActivityUncheckLocked:4587 com.android.server.wm.TaskFragment.onActivityStateChanged:826 com.android.server.wm.ActivityRecord.setState:5477 com.android.server.wm.Task.minimalResumeActivityLocked:4804 
10-08 12:22:09.149  1110  1218 D BroadcastQueue: Add broadcast <BroadcastRecord{a2357db u0 android.os.action.POWER_SAVE_TEMP_WHITELIST_CHANGED}> into [parallel | background], pending size 0
10-08 12:22:09.150  1110  1150 D BroadcastQueue: Done with parallel broadcast [background] [BroadcastRecord{a2357db u0 android.os.action.POWER_SAVE_TEMP_WHITELIST_CHANGED}]
10-08 12:22:09.235  1110  1136 D SSense  : windowsChanged
10-08 12:22:09.280  1110  2051 D WindowManager: finishDrawingLocked: mDrawState=4 ,mWin=Window{c128bde u0 InputMethod}
10-08 12:22:09.280  1110  3213 D CompatibilityChangeReporter: Compat change id reported: 161145287; UID 10240; state: DISABLED
10-08 12:22:09.301  8156  8180 F libc    : Fatal signal 6 (SIGABRT), code -1 (SI_QUEUE) in tid 8180 (pool-2-thread-1), pid 8156 (com.gig_tech)
10-08 12:22:09.321  1110  2051 D CoreBackPreview: Window{6235145 u0 com.gig_tech/com.gig_tech.MainActivity}: Setting back callback OnBackInvokedCallbackInfo{mCallback=android.window.IOnBackInvokedCallback$Stub$Proxy@ee5edcb, mPriority=0}
10-08 12:22:09.322  1110  2051 D PreforkProcessScene: execution function name:schedStartPreForkedProcesses
10-08 12:22:09.322  1110  2051 D PreforkProcessScene: schedStartPreForkedProcesses
10-08 12:22:09.333  1110  1136 D SSense  : windowsChanged
10-08 12:22:09.334  1110  1137 D WindowManager: Setting visibility of Window{f41b84e u0 com.android.systemui.ImageWallpaper}: false
10-08 12:22:09.334  1110  1137 D WindowManager: java.lang.Exception
10-08 12:22:09.334  1110  1137 D WindowManager: 	at com.android.server.wm.WindowState.sendAppVisibilityToClients(WindowState.java:3525)
10-08 12:22:09.334  1110  1137 D WindowManager: 	at com.android.server.wm.WindowContainer.sendAppVisibilityToClients(WindowContainer.java:1201)
10-08 12:22:09.334  1110  1137 D WindowManager: 	at com.android.server.wm.WindowToken.setClientVisible(WindowToken.java:398)
10-08 12:22:09.334  1110  1137 D WindowManager: 	at com.android.server.wm.WallpaperWindowToken.setVisible(WallpaperWindowToken.java:153)
10-08 12:22:09.334  1110  1137 D WindowManager: 	at com.android.server.wm.WallpaperWindowToken.updateWallpaperWindows(WallpaperWindowToken.java:147)
10-08 12:22:09.334  1110  1137 D WindowManager: 	at com.android.server.wm.WallpaperController.updateWallpaperTokens(WallpaperController.java:661)
10-08 12:22:09.334  1110  1137 D WindowManager: 	at com.android.server.wm.WallpaperController.adjustWallpaperWindows(WallpaperController.java:702)
10-08 12:22:09.334  1110  1137 D WindowManager: 	at com.android.server.wm.DisplayContent.applySurfaceChangesTransaction(DisplayContent.java:4695)
10-08 12:22:09.334  1110  1137 D WindowManager: 	at com.android.server.wm.RootWindowContainer.applySurfaceChangesTransaction(RootWindowContainer.java:1038)
10-08 12:22:09.334  1110  1137 D WindowManager: 	at com.android.server.wm.RootWindowContainer.performSurfacePlacementNoTrace(RootWindowContainer.java:841)
10-08 12:22:09.334  1110  1137 D WindowManager: 	at com.android.server.wm.RootWindowContainer.performSurfacePlacement(RootWindowContainer.java:801)
10-08 12:22:09.334  1110  1137 D WindowManager: 	at com.android.server.wm.WindowSurfacePlacer.performSurfacePlacementLoop(WindowSurfacePlacer.java:179)
10-08 12:22:09.334  1110  1137 D WindowManager: 	at com.android.server.wm.WindowSurfacePlacer.performSurfacePlacement(WindowSurfacePlacer.java:128)
10-08 12:22:09.334  1110  1137 D WindowManager: 	at com.android.server.wm.WindowSurfacePlacer.performSurfacePlacement(WindowSurfacePlacer.java:117)
10-08 12:22:09.334  1110  1137 D WindowManager: 	at com.android.server.wm.WindowSurfacePlacer$Traverser.run(WindowSurfacePlacer.java:59)
10-08 12:22:09.334  1110  1137 D WindowManager: 	at android.os.Handler.handleCallback(Handler.java:942)
10-08 12:22:09.334  1110  1137 D WindowManager: 	at android.os.Handler.dispatchMessage(Handler.java:99)
10-08 12:22:09.334  1110  1137 D WindowManager: 	at android.os.Looper.loopOnce(Looper.java:201)
10-08 12:22:09.334  1110  1137 D WindowManager: 	at android.os.Looper.loop(Looper.java:288)
10-08 12:22:09.334  1110  1137 D WindowManager: 	at android.os.HandlerThread.run(HandlerThread.java:67)
10-08 12:22:09.334  1110  1137 D WindowManager: 	at com.android.server.ServiceThread.run(ServiceThread.java:44)
10-08 12:22:09.338  1110  1136 D SSense  : windowsChanged
10-08 12:22:09.391  1110  1193 D PackageManager: Package verification : verificationId = 18, streaming is false
10-08 12:22:09.636  8186  8186 F DEBUG   : *** *** *** *** *** *** *** *** *** *** *** *** *** *** *** ***
10-08 12:22:09.636  8186  8186 F DEBUG   : Build fingerprint: 'motorola/sabahl_gin/sabahl:13/TLAS33.105-285-7/105-285-7:user/release-keys'
10-08 12:22:09.637  8186  8186 F DEBUG   : Revision: '0'
10-08 12:22:09.637  8186  8186 F DEBUG   : ABI: 'arm64'
10-08 12:22:09.637  8186  8186 F DEBUG   : Timestamp: 2025-10-08 12:22:09.370718003+0530
10-08 12:22:09.637  8186  8186 F DEBUG   : Process uptime: 1s
10-08 12:22:09.637  8186  8186 F DEBUG   : Cmdline: com.gig_tech
10-08 12:22:09.637  8186  8186 F DEBUG   : pid: 8156, tid: 8180, name: pool-2-thread-1  >>> com.gig_tech <<<
10-08 12:22:09.637  8186  8186 F DEBUG   : uid: 10240
10-08 12:22:09.637  8186  8186 F DEBUG   : signal 6 (SIGABRT), code -1 (SI_QUEUE), fault addr --------
10-08 12:22:09.637  8186  8186 F DEBUG   : Abort message: 'terminating due to uncaught exception of type std::length_error: vector'
10-08 12:22:09.637  8186  8186 F DEBUG   :     x0  0000000000000000  x1  0000000000001ff4  x2  0000000000000006  x3  00000073e2b80bc0
10-08 12:22:09.637  8186  8186 F DEBUG   :     x4  646277641f736766  x5  646277641f736766  x6  646277641f736766  x7  7f7f7f7f7f7f7f7f
10-08 12:22:09.637  8186  8186 F DEBUG   :     x8  00000000000000f0  x9  00000074cd8d1af0  x10 0000000000000001  x11 00000074cd945e70
10-08 12:22:09.637  8186  8186 F DEBUG   :     x12 0000000001045268  x13 0000021341aeb767  x14 0011e0add24e6c00  x15 0000000026762762
10-08 12:22:09.637  8186  8186 F DEBUG   :     x16 00000074cd9b5a40  x17 00000074cd98eb10  x18 00000073873f2000  x19 0000000000001fdc
10-08 12:22:09.637  8186  8186 F DEBUG   :     x20 0000000000001ff4  x21 00000000ffffffff  x22 00000073e2b80cf0  x23 00000073e2b80d30
10-08 12:22:09.637  8186  8186 F DEBUG   :     x24 00000073e2b80de0  x25 00000073e2b84000  x26 b4000073e66cd200  x27 b4000073ec96e4a0
10-08 12:22:09.637  8186  8186 F DEBUG   :     x28 b4000073e6731480  x29 00000073e2b80c40
10-08 12:22:09.637  8186  8186 F DEBUG   :     lr  00000074cd936988  sp  00000073e2b80ba0  pc  00000074cd9369b4  pst 0000000000000000
10-08 12:22:09.637  8186  8186 F DEBUG   : backtrace:
10-08 12:22:09.637  8186  8186 F DEBUG   :       #00 pc 000000000008c9b4  /apex/com.android.runtime/lib64/bionic/libc.so (abort+164) (BuildId: 21cd09af0ad2ccf35d6b8ba2d064b3c4)
10-08 12:22:09.637  8186  8186 F DEBUG   :       #01 pc 00000000000a0210  /data/app/~~73ntv4_HpNNboQs_erOa1A==/com.gig_tech-rPUqmUKrWrq1Jr2ZFBQSxQ==/base.apk!libc++_shared.so (BuildId: 6783a7f3a0d9c67c55a74cadc441ed55aaa493da)
10-08 12:22:09.637  8186  8186 F DEBUG   :       #02 pc 000000000009eeb0  /data/app/~~73ntv4_HpNNboQs_erOa1A==/com.gig_tech-rPUqmUKrWrq1Jr2ZFBQSxQ==/base.apk!libc++_shared.so (BuildId: 6783a7f3a0d9c67c55a74cadc441ed55aaa493da)
10-08 12:22:09.637  8186  8186 F DEBUG   :       #03 pc 000000000009f374  /data/app/~~73ntv4_HpNNboQs_erOa1A==/com.gig_tech-rPUqmUKrWrq1Jr2ZFBQSxQ==/base.apk!libc++_shared.so (BuildId: 6783a7f3a0d9c67c55a74cadc441ed55aaa493da)
10-08 12:22:09.637  8186  8186 F DEBUG   :       #04 pc 000000000009f314  /data/app/~~73ntv4_HpNNboQs_erOa1A==/com.gig_tech-rPUqmUKrWrq1Jr2ZFBQSxQ==/base.apk!libc++_shared.so (std::terminate()+56) (BuildId: 6783a7f3a0d9c67c55a74cadc441ed55aaa493da)
10-08 12:22:09.637  8186  8186 F DEBUG   :       #05 pc 0000000000146024  /data/app/~~73ntv4_HpNNboQs_erOa1A==/com.gig_tech-rPUqmUKrWrq1Jr2ZFBQSxQ==/base.apk!libappmodules.so (BuildId: 0cef276504644e6a81046d6ff243cb15b49329a1)
10-08 12:22:09.637  8186  8186 F DEBUG   :       #06 pc 0000000000166674  /data/app/~~73ntv4_HpNNboQs_erOa1A==/com.gig_tech-rPUqmUKrWrq1Jr2ZFBQSxQ==/base.apk!libappmodules.so (void facebook::react::RawPropsParser::prepare<facebook::react::RNMapsOverlayProps>()+1472) (BuildId: 0cef276504644e6a81046d6ff243cb15b49329a1)
10-08 12:22:09.637  8186  8186 F DEBUG   :       #07 pc 0000000000166020  /data/app/~~73ntv4_HpNNboQs_erOa1A==/com.gig_tech-rPUqmUKrWrq1Jr2ZFBQSxQ==/base.apk!libappmodules.so (BuildId: 0cef276504644e6a81046d6ff243cb15b49329a1)
10-08 12:22:09.637  8186  8186 F DEBUG   :       #08 pc 0000000000165f74  /data/app/~~73ntv4_HpNNboQs_erOa1A==/com.gig_tech-rPUqmUKrWrq1Jr2ZFBQSxQ==/base.apk!libappmodules.so (_ZN8facebook5react38concreteComponentDescriptorConstructorINS0_27ConcreteComponentDescriptorINS0_22ConcreteViewShadowNodeIXadsoKcL_ZNS0_26RNMapsOverlayComponentNameEEEENS0_18RNMapsOverlayPropsENS0_25RNMapsOverlayEventEmitterENS0_18RNMapsOverlayStateEEEEEEENSt6__ndk110unique_ptrIKNS0_19ComponentDescriptorENSA_14default_deleteISD_EEEERKNS0_29ComponentDescriptorParametersE+36) (BuildId: 0cef276504644e6a81046d6ff243cb15b49329a1)
10-08 12:22:09.637  8186  8186 F DEBUG   :       #09 pc 00000000003da7dc  /data/app/~~73ntv4_HpNNboQs_erOa1A==/com.gig_tech-rPUqmUKrWrq1Jr2ZFBQSxQ==/base.apk!libreactnative.so (facebook::react::ComponentDescriptorRegistry::add(facebook::react::ComponentDescriptorProvider) const+148) (BuildId: 441a65d3ffa61685)
10-08 12:22:09.637  8186  8186 F DEBUG   :       #10 pc 00000000003da1e4  /data/app/~~73ntv4_HpNNboQs_erOa1A==/com.gig_tech-rPUqmUKrWrq1Jr2ZFBQSxQ==/base.apk!libreactnative.so (facebook::react::ComponentDescriptorProviderRegistry::createComponentDescriptorRegistry(facebook::react::ComponentDescriptorParameters const&) const+352) (BuildId: 441a65d3ffa61685)
10-08 12:22:09.637  8186  8186 F DEBUG   :       #11 pc 00000000003bac64  /data/app/~~73ntv4_HpNNboQs_erOa1A==/com.gig_tech-rPUqmUKrWrq1Jr2ZFBQSxQ==/base.apk!libreactnative.so (BuildId: 441a65d3ffa61685)
10-08 12:22:09.637  8186  8186 F DEBUG   :       #12 pc 000000000041f118  /data/app/~~73ntv4_HpNNboQs_erOa1A==/com.gig_tech-rPUqmUKrWrq1Jr2ZFBQSxQ==/base.apk!libreactnative.so (facebook::react::Scheduler::Scheduler(facebook::react::SchedulerToolbox const&, facebook::react::UIManagerAnimationDelegate*, facebook::react::SchedulerDelegate*)+2136) (BuildId: 441a65d3ffa61685)
10-08 12:22:09.637  8186  8186 F DEBUG   :       #13 pc 00000000002ab714  /data/app/~~73ntv4_HpNNboQs_erOa1A==/com.gig_tech-rPUqmUKrWrq1Jr2ZFBQSxQ==/base.apk!libreactnative.so (facebook::react::FabricUIManagerBinding::installFabricUIManager(facebook::jni::alias_ref<facebook::jni::detail::JTypeFor<facebook::jni::HybridClass<facebook::react::JRuntimeExecutor, facebook::jni::detail::BaseHybridClass>::JavaPart, facebook::jni::JObject, void>::_javaobject*>, facebook::jni::alias_ref<facebook::jni::detail::JTypeFor<facebook::jni::HybridClass<facebook::react::JRuntimeScheduler, facebook::jni::detail::BaseHybridClass>::JavaPart, facebook::jni::JObject, void>::_javaobject*>, facebook::jni::alias_ref<facebook::jni::detail::JTypeFor<facebook::react::JFabricUIManager, facebook::jni::JObject, void>::_javaobject*>, facebook::react::EventBeatManager*, facebook::react::ComponentFactory*)+3140) (BuildId: 441a65d3ffa61685)
10-08 12:22:09.637  8186  8186 F DEBUG   :       #14 pc 00000000002b0a14  /data/app/~~73ntv4_HpNNboQs_erOa1A==/com.gig_tech-rPUqmUKrWrq1Jr2ZFBQSxQ==/base.apk!libreactnative.so (facebook::jni::detail::MethodWrapper<void (facebook::react::FabricUIManagerBinding::*)(facebook::jni::alias_ref<facebook::jni::detail::JTypeFor<facebook::jni::HybridClass<facebook::react::JRuntimeExecutor, facebook::jni::detail::BaseHybridClass>::JavaPart, facebook::jni::JObject, void>::_javaobject*>, facebook::jni::alias_ref<facebook::jni::detail::JTypeFor<facebook::jni::HybridClass<facebook::react::JRuntimeScheduler, facebook::jni::detail::BaseHybridClass>::JavaPart, facebook::jni::JObject, void>::_javaobject*>, facebook::jni::alias_ref<facebook::jni::detail::JTypeFor<facebook::react::JFabricUIManager, facebook::jni::JObject, void>::_javaobject*>, facebook::react::EventBeatManager*, facebook::react::ComponentFactory*), &(facebook::react::FabricUIManagerBinding::installFabricUIManager(facebook::jni::alias_ref<facebook::jni::detail::JTypeFor<facebook::jni::HybridClass<facebook::react::JRuntimeExecutor, facebook::jni::detail::BaseHybridClass>::JavaPart, facebook::jni::JObject, void>::_javaobject*>, facebook::jni::alias_ref<facebook::jni::detail::JTypeFor<facebook::jni::HybridClass<facebook::react::JRuntimeScheduler, facebook::jni::detail::BaseHybridClass>::JavaPart, facebook::jni::JObject, void>::_javaobject*>, facebook::jni::alias_ref<facebook::jni::detail::JTypeFor<facebook::react::JFabricUIManager, facebook::jni::JObject, void>::_javaobject*>, facebook::react::EventBeatManager*, facebook::react::ComponentFactory*)), facebook::react::FabricUIManagerBinding, void, facebook::jni::alias_ref<facebook::jni::detail::JTypeFor<facebook::jni::HybridClass<facebook::react::JRuntimeExecutor, facebook::jni::detail::BaseHybridClass>::JavaPart, facebook::jni::JObject, void>::_javaobject*>, facebook::jni::alias_ref<facebook::jni::detail::JTypeFor<facebook::jni::HybridClass<facebook::react::JRuntimeScheduler, facebook::jni::detail::BaseHybridClass>::JavaPart, facebook::jni::JObject, void>::_javaobject*>, facebook::jni::alias_ref<facebook::jni::detail::JTypeFor<facebook::react::JFabricUIManager, facebook::jni::JObject, void>::_javaobject*>, facebook::react::EventBeatManager*, facebook::react::ComponentFactory*>::dispatch(facebook::jni::alias_ref<facebook::jni::detail::JTypeFor<facebook::jni::HybridClass<facebook::react::FabricUIManagerBinding, facebook::jni::detail::BaseHybridClass>::JavaPart, facebook::jni::JObject, void>::_javaobject*>, facebook::jni::alias_ref<facebook::jni::detail::JTypeFor<facebook::jni::HybridClass<facebook::react::JRuntimeExecutor, facebook::jni::detail::BaseHybridClass>::JavaPart, facebook::jni::JObject, void>::_javaobject*>&&, facebook::jni::alias_ref<facebook::jni::detail::JTypeFor<facebook::jni::HybridClass<facebook::react::JRuntimeScheduler, facebook::jni::detail::BaseHybridClass>::JavaPart, facebook::jni::JObject, void>::_javaobject*>&&, facebook::jni::alias_ref<facebook::jni::detail::JTypeFor<facebook::react::JFabricUIManager, facebook::jni::JObject, void>::_javaobject*>&&, facebook::react::EventBeatManager*&&, facebook::react::ComponentFactory*&&)+124) (BuildId: 441a65d3ffa61685)
10-08 12:22:09.637  8186  8186 F DEBUG   :       #15 pc 00000000002adc74  /data/app/~~73ntv4_HpNNboQs_erOa1A==/com.gig_tech-rPUqmUKrWrq1Jr2ZFBQSxQ==/base.apk!libreactnative.so (facebook::jni::detail::MethodWrapper<void (facebook::react::FabricUIManagerBinding::*)(facebook::jni::alias_ref<facebook::jni::detail::JTypeFor<facebook::jni::HybridClass<facebook::react::JRuntimeExecutor, facebook::jni::detail::BaseHybridClass>::JavaPart, facebook::jni::JObject, void>::_javaobject*>, facebook::jni::alias_ref<facebook::jni::detail::JTypeFor<facebook::jni::HybridClass<facebook::react::JRuntimeScheduler, facebook::jni::detail::BaseHybridClass>::JavaPart, facebook::jni::JObject, void>::_javaobject*>, facebook::jni::alias_ref<facebook::jni::detail::JTypeFor<facebook::react::JFabricUIManager, facebook::jni::JObject, void>::_javaobject*>, facebook::react::EventBeatManager*, facebook::react::ComponentFactory*), &(facebook::react::FabricUIManagerBinding::installFabricUIManager(facebook::jni::alias_ref<facebook::jni::detail::JTypeFor<facebook::jni::HybridClass<facebook::react::JRuntimeExecutor, facebook::jni::detail::BaseHybridClass>::JavaPart, facebook::jni::JObject, void>::_javaobject*>, facebook::jni::alias_ref<facebook::jni::detail::JTypeFor<facebook::jni::HybridClass<facebook::react::JRuntimeScheduler, facebook::jni::detail::BaseHybridClass>::JavaPart, facebook::jni::JObject, void>::_javaobject*>, facebook::jni::alias_ref<facebook::jni::detail::JTypeFor<facebook::react::JFabricUIManager, facebook::jni::JObject, void>::_javaobject*>, facebook::react::EventBeatManager*, facebook::react::ComponentFactory*)), facebook::react::FabricUIManagerBinding, void, facebook::jni::alias_ref<facebook::jni::detail::JTypeFor<facebook::jni::HybridClass<facebook::react::JRuntimeExecutor, facebook::jni::detail::BaseHybridClass>::JavaPart, facebook::jni::JObject, void>::_javaobject*>, facebook::jni::alias_ref<facebook::jni::detail::JTypeFor<facebook::jni::HybridClass<facebook::react::JRuntimeScheduler, facebook::jni::detail::BaseHybridClass>::JavaPart, facebook::jni::JObject, void>::_javaobject*>, facebook::jni::alias_ref<facebook::jni::detail::JTypeFor<facebook::react::JFabricUIManager, facebook::jni::JObject, void>::_javaobject*>, facebook::react::EventBeatManager*, facebook::react::ComponentFactory*>::call(_JNIEnv*, _jobject*, facebook::jni::detail::JTypeFor<facebook::jni::HybridClass<facebook::react::JRuntimeExecutor, facebook::jni::detail::BaseHybridClass>::JavaPart, facebook::jni::JObject, void>::_javaobject*, facebook::jni::detail::JTypeFor<facebook::jni::HybridClass<facebook::react::JRuntimeScheduler, facebook::jni::detail::BaseHybridClass>::JavaPart, facebook::jni::JObject, void>::_javaobject*, facebook::jni::detail::JTypeFor<facebook::react::JFabricUIManager, facebook::jni::JObject, void>::_javaobject*, facebook::jni::detail::JTypeFor<facebook::jni::HybridClass<facebook::react::EventBeatManager, facebook::jni::detail::BaseHybridClass>::JavaPart, facebook::jni::JObject, void>::_javaobject*, facebook::jni::detail::JTypeFor<facebook::jni::HybridClass<facebook::react::ComponentFactory, facebook::jni::detail::BaseHybridClass>::JavaPart, facebook::jni::JObject, void>::_javaobject*)+176) (BuildId: 441a65d3ffa61685)
10-08 12:22:09.637  8186  8186 F DEBUG   :       #16 pc 0000000000d6f724  /data/misc/apexdata/com.android.art/dalvik-cache/arm64/boot.oat (art_jni_trampoline+180)
10-08 12:22:09.637  8186  8186 F DEBUG   :       #17 pc 000000000068aa48  /apex/com.android.art/lib64/libart.so (nterp_helper+5848) (BuildId: eb4ec0f1d1c7267591d83fa87cb36390)
10-08 12:22:09.637  8186  8186 F DEBUG   :       #18 pc 00000000003f46e8  /data/app/~~73ntv4_HpNNboQs_erOa1A==/com.gig_tech-rPUqmUKrWrq1Jr2ZFBQSxQ==/oat/arm64/base.vdex (com.facebook.react.fabric.FabricUIManagerBinding.register+56)
10-08 12:22:09.637  8186  8186 F DEBUG   :       #19 pc 000000000068a9c8  /apex/com.android.art/lib64/libart.so (nterp_helper+5720) (BuildId: eb4ec0f1d1c7267591d83fa87cb36390)
10-08 12:22:09.637  8186  8186 F DEBUG   :       #20 pc 0000000000418376  /data/app/~~73ntv4_HpNNboQs_erOa1A==/com.gig_tech-rPUqmUKrWrq1Jr2ZFBQSxQ==/oat/arm64/base.vdex (com.facebook.react.runtime.ReactInstance.<init>+770)
10-08 12:22:09.637  8186  8186 F DEBUG   :       #21 pc 000000000068a9c8  /apex/com.android.art/lib64/libart.so (nterp_helper+5720) (BuildId: eb4ec0f1d1c7267591d83fa87cb36390)
10-08 12:22:09.637  8186  8186 F DEBUG   :       #22 pc 000000000041473c  /data/app/~~73ntv4_HpNNboQs_erOa1A==/com.gig_tech-rPUqmUKrWrq1Jr2ZFBQSxQ==/oat/arm64/base.vdex (com.facebook.react.runtime.ReactHostImpl.getOrCreateReactInstanceTask$lambda$41$lambda$38+104)
10-08 12:22:09.637  8186  8186 F DEBUG   :       #23 pc 00000000006893a4  /apex/com.android.art/lib64/libart.so (nterp_helper+52) (BuildId: eb4ec0f1d1c7267591d83fa87cb36390)
10-08 12:22:09.637  8186  8186 F DEBUG   :       #24 pc 00000000004146b8  /data/app/~~73ntv4_HpNNboQs_erOa1A==/com.gig_tech-rPUqmUKrWrq1Jr2ZFBQSxQ==/oat/arm64/base.vdex (com.facebook.react.runtime.ReactHostImpl.$r8$lambda$LQY77bFECGrnkUqd7Ku55sJ721A+0)
10-08 12:22:09.637  8186  8186 F DEBUG   :       #25 pc 00000000006893a4  /apex/com.android.art/lib64/libart.so (nterp_helper+52) (BuildId: eb4ec0f1d1c7267591d83fa87cb36390)
10-08 12:22:09.637  8186  8186 F DEBUG   :       #26 pc 0000000000412fd0  /data/app/~~73ntv4_HpNNboQs_erOa1A==/com.gig_tech-rPUqmUKrWrq1Jr2ZFBQSxQ==/oat/arm64/base.vdex (com.facebook.react.runtime.ReactHostImpl$$ExternalSyntheticLambda11.then+8)
10-08 12:22:09.637  8186  8186 F DEBUG   :       #27 pc 000000000068b0e4  /apex/com.android.art/lib64/libart.so (nterp_helper+7540) (BuildId: eb4ec0f1d1c7267591d83fa87cb36390)
10-08 12:22:09.637  8186  8186 F DEBUG   :       #28 pc 0000000000419f00  /data/app/~~73ntv4_HpNNboQs_erOa1A==/com.gig_tech-rPUqmUKrWrq1Jr2ZFBQSxQ==/oat/arm64/base.vdex (com.facebook.react.runtime.internal.bolts.Task$Companion.completeImmediately$lambda$3+0)
10-08 12:22:09.637  8186  8186 F DEBUG   :       #29 pc 00000000006893a4  /apex/com.android.art/lib64/libart.so (nterp_helper+52) (BuildId: eb4ec0f1d1c7267591d83fa87cb36390)
10-08 12:22:09.637  8186  8186 F DEBUG   :       #30 pc 0000000000419d3c  /data/app/~~73ntv4_HpNNboQs_erOa1A==/com.gig_tech-rPUqmUKrWrq1Jr2ZFBQSxQ==/oat/arm64/base.vdex (com.facebook.react.runtime.internal.bolts.Task$Companion.$r8$lambda$b7MTC0ufkn_2TjF4BGcNqGR9qK0+0)
10-08 12:22:09.637  8186  8186 F DEBUG   :       #31 pc 00000000006893a4  /apex/com.android.art/lib64/libart.so (nterp_helper+52) (BuildId: eb4ec0f1d1c7267591d83fa87cb36390)
10-08 12:22:09.637  8186  8186 F DEBUG   :       #32 pc 0000000000419a64  /data/app/~~73ntv4_HpNNboQs_erOa1A==/com.gig_tech-rPUqmUKrWrq1Jr2ZFBQSxQ==/oat/arm64/base.vdex (com.facebook.react.runtime.internal.bolts.Task$Companion$$ExternalSyntheticLambda3.run+12)
10-08 12:22:09.637  8186  8186 F DEBUG   :       #33 pc 000000000068b0e4  /apex/com.android.art/lib64/libart.so (nterp_helper+7540) (BuildId: eb4ec0f1d1c7267591d83fa87cb36390)
10-08 12:22:09.637  8186  8186 F DEBUG   :       #34 pc 0000000000419786  /data/app/~~73ntv4_HpNNboQs_erOa1A==/com.gig_tech-rPUqmUKrWrq1Jr2ZFBQSxQ==/oat/arm64/base.vdex (com.facebook.react.runtime.internal.bolts.Executors$ImmediateExecutor.execute+10)
10-08 12:22:09.637  8186  8186 F DEBUG   :       #35 pc 000000000068b0e4  /apex/com.android.art/lib64/libart.so (nterp_helper+7540) (BuildId: eb4ec0f1d1c7267591d83fa87cb36390)
10-08 12:22:09.637  8186  8186 F DEBUG   :       #36 pc 0000000000419f4e  /data/app/~~73ntv4_HpNNboQs_erOa1A==/com.gig_tech-rPUqmUKrWrq1Jr2ZFBQSxQ==/oat/arm64/base.vdex (com.facebook.react.runtime.internal.bolts.Task$Companion.completeImmediately+10)
10-08 12:22:09.637  8186  8186 F DEBUG   :       #37 pc 000000000068a2c4  /apex/com.android.art/lib64/libart.so (nterp_helper+3924) (BuildId: eb4ec0f1d1c7267591d83fa87cb36390)
10-08 12:22:09.637  8186  8186 F DEBUG   :       #38 pc 0000000000419d9c  /data/app/~~73ntv4_HpNNboQs_erOa1A==/com.gig_tech-rPUqmUKrWrq1Jr2ZFBQSxQ==/oat/arm64/base.vdex (com.facebook.react.runtime.internal.bolts.Task$Companion.access$completeImmediately+0)
10-08 12:22:09.637  8186  8186 F DEBUG   :       #39 pc 00000000006893a4  /apex/com.android.art/lib64/libart.so (nterp_helper+52) (BuildId: eb4ec0f1d1c7267591d83fa87cb36390)
10-08 12:22:09.637  8186  8186 F DEBUG   :       #40 pc 000000000041a466  /data/app/~~73ntv4_HpNNboQs_erOa1A==/com.gig_tech-rPUqmUKrWrq1Jr2ZFBQSxQ==/oat/arm64/base.vdex (com.facebook.react.runtime.internal.bolts.Task.continueWith+82)
10-08 12:22:09.637  8186  8186 F DEBUG   :       #41 pc 000000000068a2c4  /apex/com.android.art/lib64/libart.so (nterp_helper+3924) (BuildId: eb4ec0f1d1c7267591d83fa87cb36390)
10-08 12:22:09.637  8186  8186 F DEBUG   :       #42 pc 000000000041a3d0  /data/app/~~73ntv4_HpNNboQs_erOa1A==/com.gig_tech-rPUqmUKrWrq1Jr2ZFBQSxQ==/oat/arm64/base.vdex (com.facebook.react.runtime.internal.bolts.Task.continueWith$default+12)
10-08 12:22:09.637  8186  8186 F DEBUG   :       #43 pc 00000000006893a4  /apex/com.android.art/lib64/libart.so (nterp_helper+52) (BuildId: eb4ec0f1d1c7267591d83fa87cb36390)
10-08 12:22:09.637  8186  8186 F DEBUG   :       #44 pc 000000000041a6a2  /data/app/~~73ntv4_HpNNboQs_erOa1A==/com.gig_tech-rPUqmUKrWrq1Jr2ZFBQSxQ==/oat/arm64/base.vdex (com.facebook.react.runtime.internal.bolts.Task.onSuccess$lambda$12+74)
10-08 12:22:09.637  8186  8186 F DEBUG   :       #45 pc 00000000006893a4  /apex/com.android.art/lib64/libart.so (nterp_helper+52) (BuildId: eb4ec0f1d1c7267591d83fa87cb36390)
10-08 12:22:09.637  8186  8186 F DEBUG   :       #46 pc 000000000041a308  /data/app/~~73ntv4_HpNNboQs_erOa1A==/com.gig_tech-rPUqmUKrWrq1Jr2ZFBQSxQ==/oat/arm64/base.vdex (com.facebook.react.runtime.internal.bolts.Task.$r8$lambda$l0wwo5AvbHxlwfI1R7CH_codxoo+0)
10-08 12:22:09.637  8186  8186 F DEBUG   :       #47 pc 00000000006893a4  /apex/com.android.art/lib64/libart.so (nterp_helper+52) (BuildId: eb4ec0f1d1c7267591d83fa87cb36390)
10-08 12:22:09.637  8186  8186 F DEBUG   :       #48 pc 00000000004198bc  /data/app/~~73ntv4_HpNNboQs_erOa1A==/com.gig_tech-rPUqmUKrWrq1Jr2ZFBQSxQ==/oat/arm64/base.vdex (com.facebook.react.runtime.internal.bolts.Task$$ExternalSyntheticLambda2.then+4)
10-08 12:22:09.637  8186  8186 F DEBUG   :       #49 pc 000000000068b0e4  /apex/com.android.art/lib64/libart.so (nterp_helper+7540) (BuildId: eb4ec0f1d1c7267591d83fa87cb36390)
10-08 12:22:09.637  8186  8186 F DEBUG   :       #50 pc 0000000000419e54  /data/app/~~73ntv4_HpNNboQs_erOa1A==/com.gig_tech-rPUqmUKrWrq1Jr2ZFBQSxQ==/oat/arm64/base.vdex (com.facebook.react.runtime.internal.bolts.Task$Companion.completeAfterTask$lambda$5+0)
10-08 12:22:09.637  8186  8186 F DEBUG   :       #51 pc 00000000006893a4  /apex/com.android.art/lib64/libart.so (nterp_helper+52) (BuildId: eb4ec0f1d1c7267591d83fa87cb36390)
10-08 12:22:09.637  8186  8186 F DEBUG   :       #52 pc 0000000000419d0c  /data/app/~~73ntv4_HpNNboQs_erOa1A==/com.gig_tech-rPUqmUKrWrq1Jr2ZFBQSxQ==/oat/arm64/base.vdex (com.facebook.react.runtime.internal.bolts.Task$Companion.$r8$lambda$IPpysnehFwANEiW061YzapkMdoE+0)
10-08 12:22:09.637  8186  8186 F DEBUG   :       #53 pc 00000000006893a4  /apex/com.android.art/lib64/libart.so (nterp_helper+52) (BuildId: eb4ec0f1d1c7267591d83fa87cb36390)
10-08 12:22:09.637  8186  8186 F DEBUG   :       #54 pc 0000000000419aac  /data/app/~~73ntv4_HpNNboQs_erOa1A==/com.gig_tech-rPUqmUKrWrq1Jr2ZFBQSxQ==/oat/arm64/base.vdex (com.facebook.react.runtime.internal.bolts.Task$Companion$$ExternalSyntheticLambda4.run+12)
10-08 12:22:09.637  8186  8186 F DEBUG   :       #55 pc 000000000047cc14  /data/misc/apexdata/com.android.art/dalvik-cache/arm64/boot.oat (java.util.concurrent.ThreadPoolExecutor.runWorker+676)
10-08 12:22:09.637  8186  8186 F DEBUG   :       #56 pc 0000000000480a88  /data/misc/apexdata/com.android.art/dalvik-cache/arm64/boot.oat (java.util.concurrent.ThreadPoolExecutor$Worker.run+56)
10-08 12:22:09.637  8186  8186 F DEBUG   :       #57 pc 00000000003114f0  /data/misc/apexdata/com.android.art/dalvik-cache/arm64/boot.oat (java.lang.Thread.run+64)
10-08 12:22:09.638  8186  8186 F DEBUG   :       #58 pc 0000000000317194  /apex/com.android.art/lib64/libart.so (art_quick_invoke_stub+612) (BuildId: eb4ec0f1d1c7267591d83fa87cb36390)
10-08 12:22:09.638  8186  8186 F DEBUG   :       #59 pc 0000000000302838  /apex/com.android.art/lib64/libart.so (art::ArtMethod::Invoke(art::Thread*, unsigned int*, unsigned int, art::JValue*, char const*)+216) (BuildId: eb4ec0f1d1c7267591d83fa87cb36390)
10-08 12:22:09.638  8186  8186 F DEBUG   :       #60 pc 00000000004c8298  /apex/com.android.art/lib64/libart.so (art::Thread::CreateCallback(void*)+932) (BuildId: eb4ec0f1d1c7267591d83fa87cb36390)
10-08 12:22:09.638  8186  8186 F DEBUG   :       #61 pc 00000000004c7ee4  /apex/com.android.art/lib64/libart.so (art::Thread::CreateCallbackWithUffdGc(void*)+8) (BuildId: eb4ec0f1d1c7267591d83fa87cb36390)
10-08 12:22:09.638  8186  8186 F DEBUG   :       #62 pc 00000000000faecc  /apex/com.android.runtime/lib64/bionic/libc.so (__pthread_start(void*)+204) (BuildId: 21cd09af0ad2ccf35d6b8ba2d064b3c4)
10-08 12:22:09.638  8186  8186 F DEBUG   :       #63 pc 000000000008e1f0  /apex/com.android.runtime/lib64/bionic/libc.so (__start_thread+64) (BuildId: 21cd09af0ad2ccf35d6b8ba2d064b3c4)
10-08 12:22:09.678  1110  8207 W ActivityTaskManager:   Force finishing activity com.gig_tech/.MainActivity
10-08 12:22:09.679  1110  8208 I DropBoxManagerService: add tag=data_app_native_crash isTagEnabled=true flags=0x6
10-08 12:22:09.680  1110  8207 D WindowManager: setFocusedApp mFocusedApp = ActivityRecord{5a0cc5f u0 com.motorola.launcher3/com.android.launcher3.CustomizationPanelLauncher} t15732 d0}displayId = 0Callers = com.android.server.wm.ActivityTaskManagerService.setResumedActivityUncheckLocked:4587 com.android.server.wm.ActivityRecord.moveFocusableActivityToTop:3269 com.android.server.wm.TaskDisplayArea.moveHomeActivityToTop:1670 com.android.server.wm.Task.adjustFocusToNextFocusableTask:2466 
10-08 12:22:09.682  1110  1223 W NativeTombstoneManager: failed to open /data/tombstones/tombstone_26.pb
10-08 12:22:09.682  1110  1223 W NativeTombstoneManager: java.io.FileNotFoundException: open failed: ENOENT (No such file or directory)
