10-08 12:22:00.239  1110  1136 D CompatibilityChangeReporter: Compat change id reported: 135754954; UID 10240; state: ENABLED
10-08 12:22:00.239  1110  1151 D ActivityManager: asking zygote to start proc:ProcessRecord{d05bb66 0:com.gig_tech/u0a240}
10-08 12:22:00.240  1110  1151 D CompatibilityChangeReporter: Compat change id reported: 143937733; UID 10240; state: ENABLED
10-08 12:22:00.240  1110  1151 D PreforkProcessScene: execution function name:handlePreforkStartProcess
10-08 12:22:00.240  1110  1151 D PreforkProcessScene: handlePreforkStartProcess,args:PreforkArgs entryPoint= android.app.ActivityThread ,niceName = com.gig_tech ,uid = 10240 ,gid = 10240 ,gids = [I@16e0ea7 ,runtimeFlags = 17377280 ,mountExternal = 1 ,targetSdkVersion = 35 ,seInfo = default:targetSdkVersion=35:complete ,abi = arm64-v8a ,instructionSet = arm64 ,appDataDir = /data/user/0/com.gig_tech ,invokeWith = null ,pkgName = com.gig_tech, zygotePolicyFlags = 1, isTopApp = true, mDisabledCompatChanges = 132649864135634846135772972143231523143539591161145287162547999166236554168419799169897160170233598174042936174042980174043039174227820174228127176926741176926753176926771176926829177438394178038272180326787180326845181136395182811243184838306185004937189229956189969734189969744189969749189969779189969782189970036189970038189970040191513214196254758210856463226439802288912692351566728, pkgDataInfoMap = {com.gig_tech=Pair{null 311197}}, whitelistedAppDataInfoMap = {com.google.android.gms=Pair{null 3049}}, bindMountAppStorageDirs = false, bindMountAppsData = true ,zygoteArgs = seq=1144
10-08 12:22:00.240  1110  1151 D PreforkProcessScene: isPackageSupportPreFork, procName:com.gig_tech,isSupport:false
10-08 12:22:00.240  1110  1151 D Prefork : startResult is empty and running normal execution.
10-08 12:22:00.243  1110  1137 D WindowManager: Focus not requested, because it has no surface or is not focusable, request window=Window{f2ce592 u0 com.motorola.launcher3/com.android.launcher3.CustomizationPanelLauncher}, mCurrentFocusWindow= f2ce592 com.motorola.launcher3/com.android.launcher3.CustomizationPanelLauncher
10-08 12:22:00.243  1110  1136 D SSense  : windowsChanged
10-08 12:22:00.246  1110  4051 D CompatibilityChangeReporter: Compat change id reported: 168419799; UID 10240; state: DISABLED
10-08 12:22:00.248  1110  1137 D WindowManager: Focus not requested, because it has no surface or is not focusable, request window=Window{f2ce592 u0 com.motorola.launcher3/com.android.launcher3.CustomizationPanelLauncher}, mCurrentFocusWindow= f2ce592 com.motorola.launcher3/com.android.launcher3.CustomizationPanelLauncher
10-08 12:22:00.249  1110  1349 D CoreBackPreview: Window{42227f2 u0 Splash Screen com.gig_tech}: Setting back callback OnBackInvokedCallbackInfo{mCallback=android.window.IOnBackInvokedCallback$Stub$Proxy@d0a0cc0, mPriority=0}
10-08 12:22:00.261  1110  1136 D SSense  : windowsChanged
10-08 12:22:00.262  1110  1151 I ActivityManager: Start proc 7875:com.gig_tech/u0a240 for next-top-activity {com.gig_tech/com.gig_tech.MainActivity}
10-08 12:22:00.262  1110  1151 D PreforkProcessScene: execution function name:preforkStart
10-08 12:22:00.300  1110  1349 D WindowManager: setFocusedApp mFocusedApp = ActivityRecord{11f30cb u0 com.gig_tech/.MainActivity} t15859 d0}displayId = 0Callers = com.android.server.wm.ActivityTaskManagerService.setResumedActivityUncheckLocked:4587 com.android.server.wm.TaskFragment.onActivityStateChanged:826 com.android.server.wm.ActivityRecord.setState:5477 com.android.server.wm.Task.minimalResumeActivityLocked:4804 
10-08 12:22:00.415  1110  4051 D PackageManager: Considering set com.facebook.katana/com.facebook.inspiration.fbshorts.shareintent.InpirationFbShortsShareAlias's state as 1 with userId = 0, callingPackage = null
10-08 12:22:00.415  1110  4051 D PackageManager: Considering set com.facebook.katana/com.facebook.inspiration.fbshorts.shareintent.InpirationFbShortsSharePhotoAlias's state as 2 with userId = 0, callingPackage = null
10-08 12:22:00.415  1110  4051 D PackageManager: Considering set com.facebook.katana/com.facebook.inspiration.fbshorts.shareintent.InpirationFbShortsShareMultipleAlias's state as 1 with userId = 0, callingPackage = null
10-08 12:22:00.423  1110  4051 D PackageManager: Considering set com.facebook.katana/com.facebook.inspiration.platformsharing.activity.InspirationCameraShareMultipleCollageAlias's state as 2 with userId = 0, callingPackage = null
10-08 12:22:00.471  1110  4100 D CompatibilityChangeReporter: Compat change id reported: 161145287; UID 10240; state: DISABLED
10-08 12:22:00.510  1110  4100 D CoreBackPreview: Window{a9b07b4 u0 com.gig_tech/com.gig_tech.MainActivity}: Setting back callback OnBackInvokedCallbackInfo{mCallback=android.window.IOnBackInvokedCallback$Stub$Proxy@7fc8752, mPriority=0}
10-08 12:22:00.511  1110  4051 D PreforkProcessScene: execution function name:schedStartPreForkedProcesses
10-08 12:22:00.511  1110  4051 D PreforkProcessScene: schedStartPreForkedProcesses
10-08 12:22:00.520  1110  1136 D SSense  : windowsChanged
10-08 12:22:00.522  7875  7900 F libc    : Fatal signal 6 (SIGABRT), code -1 (SI_QUEUE) in tid 7900 (pool-2-thread-1), pid 7875 (com.gig_tech)
10-08 12:22:00.528  1110  1137 D WindowManager: Setting visibility of Window{f41b84e u0 com.android.systemui.ImageWallpaper}: false
10-08 12:22:00.528  1110  1137 D WindowManager: java.lang.Exception
10-08 12:22:00.528  1110  1137 D WindowManager: 	at com.android.server.wm.WindowState.sendAppVisibilityToClients(WindowState.java:3525)
10-08 12:22:00.528  1110  1137 D WindowManager: 	at com.android.server.wm.WindowContainer.sendAppVisibilityToClients(WindowContainer.java:1201)
10-08 12:22:00.528  1110  1137 D WindowManager: 	at com.android.server.wm.WindowToken.setClientVisible(WindowToken.java:398)
10-08 12:22:00.528  1110  1137 D WindowManager: 	at com.android.server.wm.WallpaperWindowToken.setVisible(WallpaperWindowToken.java:153)
10-08 12:22:00.528  1110  1137 D WindowManager: 	at com.android.server.wm.WallpaperWindowToken.updateWallpaperWindows(WallpaperWindowToken.java:147)
10-08 12:22:00.528  1110  1137 D WindowManager: 	at com.android.server.wm.WallpaperController.updateWallpaperTokens(WallpaperController.java:661)
10-08 12:22:00.528  1110  1137 D WindowManager: 	at com.android.server.wm.WallpaperController.adjustWallpaperWindows(WallpaperController.java:702)
10-08 12:22:00.528  1110  1137 D WindowManager: 	at com.android.server.wm.DisplayContent.applySurfaceChangesTransaction(DisplayContent.java:4695)
10-08 12:22:00.528  1110  1137 D WindowManager: 	at com.android.server.wm.RootWindowContainer.applySurfaceChangesTransaction(RootWindowContainer.java:1038)
10-08 12:22:00.528  1110  1137 D WindowManager: 	at com.android.server.wm.RootWindowContainer.performSurfacePlacementNoTrace(RootWindowContainer.java:841)
10-08 12:22:00.528  1110  1137 D WindowManager: 	at com.android.server.wm.RootWindowContainer.performSurfacePlacement(RootWindowContainer.java:801)
10-08 12:22:00.528  1110  1137 D WindowManager: 	at com.android.server.wm.WindowSurfacePlacer.performSurfacePlacementLoop(WindowSurfacePlacer.java:179)
10-08 12:22:00.528  1110  1137 D WindowManager: 	at com.android.server.wm.WindowSurfacePlacer.performSurfacePlacement(WindowSurfacePlacer.java:128)
10-08 12:22:00.528  1110  1137 D WindowManager: 	at com.android.server.wm.WindowSurfacePlacer.performSurfacePlacement(WindowSurfacePlacer.java:117)
10-08 12:22:00.528  1110  1137 D WindowManager: 	at com.android.server.wm.WindowSurfacePlacer$Traverser.run(WindowSurfacePlacer.java:59)
10-08 12:22:00.528  1110  1137 D WindowManager: 	at android.os.Handler.handleCallback(Handler.java:942)
10-08 12:22:00.528  1110  1137 D WindowManager: 	at android.os.Handler.dispatchMessage(Handler.java:99)
10-08 12:22:00.528  1110  1137 D WindowManager: 	at android.os.Looper.loopOnce(Looper.java:201)
10-08 12:22:00.528  1110  1137 D WindowManager: 	at android.os.Looper.loop(Looper.java:288)
10-08 12:22:00.528  1110  1137 D WindowManager: 	at android.os.HandlerThread.run(HandlerThread.java:67)
10-08 12:22:00.528  1110  1137 D WindowManager: 	at com.android.server.ServiceThread.run(ServiceThread.java:44)
10-08 12:22:00.532  1110  1136 D SSense  : windowsChanged
10-08 12:22:00.636  7467  7580 E ActivityThread: Failed to find provider info for com.android.launcher3.cornermark.unreadbadge
10-08 12:22:00.693  1110  2457 D PackageManager: Considering set com.facebook.katana/com.facebook.notifications.settings.InAppNotificationSettingsActivity's state as 1 with userId = 0, callingPackage = null
10-08 12:22:00.707  1110  2457 D BroadcastQueue: Add broadcast <BroadcastRecord{88b0d81 u-1 android.net.conn.CONNECTIVITY_CHANGE}> into [parallel | background], pending size 0
10-08 12:22:00.708  1110  1150 D BroadcastQueue: Done with parallel broadcast [background] [BroadcastRecord{88b0d81 u-1 android.net.conn.CONNECTIVITY_CHANGE}]
10-08 12:22:00.759  1110  1349 D BroadcastQueue: Add broadcast <BroadcastRecord{6f6427b u-1 android.net.conn.CONNECTIVITY_CHANGE}> into [parallel | background], pending size 0
10-08 12:22:00.759  1110  1150 D BroadcastQueue: Done with parallel broadcast [background] [BroadcastRecord{6f6427b u-1 android.net.conn.CONNECTIVITY_CHANGE}]
10-08 12:22:00.841  1110  1349 D PackageManager: Considering set com.facebook.katana/com.facebook.rti.orca.FbnsLiteBroadcastReceiver's state as 2 with userId = 0, callingPackage = null
10-08 12:22:00.876  1110  2457 D PackageManager: Considering set com.facebook.katana/com.facebook.timeline.stagingground.Fb4aProfilePictureShareActivityAlias's state as 1 with userId = 0, callingPackage = null
10-08 12:22:00.876  1110  2457 D PackageManager: Considering set com.facebook.katana/com.facebook.timeline.stagingground.WorkProfilePictureShareActivityAlias's state as 2 with userId = 0, callingPackage = null
10-08 12:22:00.878  7919  7919 F DEBUG   : *** *** *** *** *** *** *** *** *** *** *** *** *** *** *** ***
10-08 12:22:00.878  7919  7919 F DEBUG   : Build fingerprint: 'motorola/sabahl_gin/sabahl:13/TLAS33.105-285-7/105-285-7:user/release-keys'
10-08 12:22:00.878  7919  7919 F DEBUG   : Revision: '0'
10-08 12:22:00.878  7919  7919 F DEBUG   : ABI: 'arm64'
10-08 12:22:00.878  7919  7919 F DEBUG   : Timestamp: 2025-10-08 12:22:00.602783125+0530
10-08 12:22:00.878  7919  7919 F DEBUG   : Process uptime: 1s
10-08 12:22:00.878  7919  7919 F DEBUG   : Cmdline: com.gig_tech
10-08 12:22:00.878  7919  7919 F DEBUG   : pid: 7875, tid: 7900, name: pool-2-thread-1  >>> com.gig_tech <<<
10-08 12:22:00.878  7919  7919 F DEBUG   : uid: 10240
10-08 12:22:00.879  7919  7919 F DEBUG   : signal 6 (SIGABRT), code -1 (SI_QUEUE), fault addr --------
10-08 12:22:00.879  7919  7919 F DEBUG   : Abort message: 'terminating due to uncaught exception of type std::length_error: vector'
10-08 12:22:00.879  7919  7919 F DEBUG   :     x0  0000000000000000  x1  0000000000001edc  x2  0000000000000006  x3  00000073e2b80c90
10-08 12:22:00.879  7919  7919 F DEBUG   :     x4  646277641f736766  x5  646277641f736766  x6  646277641f736766  x7  7f7f7f7f7f7f7f7f
10-08 12:22:00.879  7919  7919 F DEBUG   :     x8  00000000000000f0  x9  00000074cd8d1af0  x10 0000000000000001  x11 00000074cd945e70
10-08 12:22:00.879  7919  7919 F DEBUG   :     x12 0000000001044142  x13 0000021334138dd3  x14 001efd9cd8961680  x15 0000000026762762
10-08 12:22:00.879  7919  7919 F DEBUG   :     x16 00000074cd9b5a40  x17 00000074cd98eb10  x18 0000007387d24000  x19 0000000000001ec3
10-08 12:22:00.879  7919  7919 F DEBUG   :     x20 0000000000001edc  x21 00000000ffffffff  x22 00000073e2b80dc0  x23 00000073e2b80e00
10-08 12:22:00.879  7919  7919 F DEBUG   :     x24 00000073e2b80eb0  x25 00000073e2b84000  x26 b4000073e66cd480  x27 b4000073ec9824a0
10-08 12:22:00.879  7919  7919 F DEBUG   :     x28 b4000073e6730e60  x29 00000073e2b80d10
10-08 12:22:00.879  7919  7919 F DEBUG   :     lr  00000074cd936988  sp  00000073e2b80c70  pc  00000074cd9369b4  pst 0000000000001000
10-08 12:22:00.879  7919  7919 F DEBUG   : backtrace:
10-08 12:22:00.879  7919  7919 F DEBUG   :       #00 pc 000000000008c9b4  /apex/com.android.runtime/lib64/bionic/libc.so (abort+164) (BuildId: 21cd09af0ad2ccf35d6b8ba2d064b3c4)
10-08 12:22:00.879  7919  7919 F DEBUG   :       #01 pc 00000000000a0210  /data/app/~~73ntv4_HpNNboQs_erOa1A==/com.gig_tech-rPUqmUKrWrq1Jr2ZFBQSxQ==/base.apk!libc++_shared.so (BuildId: 6783a7f3a0d9c67c55a74cadc441ed55aaa493da)
10-08 12:22:00.879  7919  7919 F DEBUG   :       #02 pc 000000000009eeb0  /data/app/~~73ntv4_HpNNboQs_erOa1A==/com.gig_tech-rPUqmUKrWrq1Jr2ZFBQSxQ==/base.apk!libc++_shared.so (BuildId: 6783a7f3a0d9c67c55a74cadc441ed55aaa493da)
10-08 12:22:00.879  7919  7919 F DEBUG   :       #03 pc 000000000009f374  /data/app/~~73ntv4_HpNNboQs_erOa1A==/com.gig_tech-rPUqmUKrWrq1Jr2ZFBQSxQ==/base.apk!libc++_shared.so (BuildId: 6783a7f3a0d9c67c55a74cadc441ed55aaa493da)
10-08 12:22:00.879  7919  7919 F DEBUG   :       #04 pc 000000000009f314  /data/app/~~73ntv4_HpNNboQs_erOa1A==/com.gig_tech-rPUqmUKrWrq1Jr2ZFBQSxQ==/base.apk!libc++_shared.so (std::terminate()+56) (BuildId: 6783a7f3a0d9c67c55a74cadc441ed55aaa493da)
10-08 12:22:00.879  7919  7919 F DEBUG   :       #05 pc 0000000000146024  /data/app/~~73ntv4_HpNNboQs_erOa1A==/com.gig_tech-rPUqmUKrWrq1Jr2ZFBQSxQ==/base.apk!libappmodules.so (BuildId: 0cef276504644e6a81046d6ff243cb15b49329a1)
10-08 12:22:00.879  7919  7919 F DEBUG   :       #06 pc 00000000001687e8  /data/app/~~73ntv4_HpNNboQs_erOa1A==/com.gig_tech-rPUqmUKrWrq1Jr2ZFBQSxQ==/base.apk!libappmodules.so (void facebook::react::RawPropsParser::prepare<facebook::react::RNMapsPolylineProps>()+1276) (BuildId: 0cef276504644e6a81046d6ff243cb15b49329a1)
10-08 12:22:00.879  7919  7919 F DEBUG   :       #07 pc 0000000000168258  /data/app/~~73ntv4_HpNNboQs_erOa1A==/com.gig_tech-rPUqmUKrWrq1Jr2ZFBQSxQ==/base.apk!libappmodules.so (BuildId: 0cef276504644e6a81046d6ff243cb15b49329a1)
10-08 12:22:00.879  7919  7919 F DEBUG   :       #08 pc 00000000001681ac  /data/app/~~73ntv4_HpNNboQs_erOa1A==/com.gig_tech-rPUqmUKrWrq1Jr2ZFBQSxQ==/base.apk!libappmodules.so (_ZN8facebook5react38concreteComponentDescriptorConstructorINS0_27ConcreteComponentDescriptorINS0_22ConcreteViewShadowNodeIXadsoKcL_ZNS0_27RNMapsPolylineComponentNameEEEENS0_19RNMapsPolylinePropsENS0_26RNMapsPolylineEventEmitterENS0_19RNMapsPolylineStateEEEEEEENSt6__ndk110unique_ptrIKNS0_19ComponentDescriptorENSA_14default_deleteISD_EEEERKNS0_29ComponentDescriptorParametersE+36) (BuildId: 0cef276504644e6a81046d6ff243cb15b49329a1)
10-08 12:22:00.879  7919  7919 F DEBUG   :       #09 pc 00000000003da7dc  /data/app/~~73ntv4_HpNNboQs_erOa1A==/com.gig_tech-rPUqmUKrWrq1Jr2ZFBQSxQ==/base.apk!libreactnative.so (facebook::react::ComponentDescriptorRegistry::add(facebook::react::ComponentDescriptorProvider) const+148) (BuildId: 441a65d3ffa61685)
10-08 12:22:00.879  7919  7919 F DEBUG   :       #10 pc 00000000003da1e4  /data/app/~~73ntv4_HpNNboQs_erOa1A==/com.gig_tech-rPUqmUKrWrq1Jr2ZFBQSxQ==/base.apk!libreactnative.so (facebook::react::ComponentDescriptorProviderRegistry::createComponentDescriptorRegistry(facebook::react::ComponentDescriptorParameters const&) const+352) (BuildId: 441a65d3ffa61685)
10-08 12:22:00.879  7919  7919 F DEBUG   :       #11 pc 00000000003bac64  /data/app/~~73ntv4_HpNNboQs_erOa1A==/com.gig_tech-rPUqmUKrWrq1Jr2ZFBQSxQ==/base.apk!libreactnative.so (BuildId: 441a65d3ffa61685)
10-08 12:22:00.879  7919  7919 F DEBUG   :       #12 pc 000000000041f118  /data/app/~~73ntv4_HpNNboQs_erOa1A==/com.gig_tech-rPUqmUKrWrq1Jr2ZFBQSxQ==/base.apk!libreactnative.so (facebook::react::Scheduler::Scheduler(facebook::react::SchedulerToolbox const&, facebook::react::UIManagerAnimationDelegate*, facebook::react::SchedulerDelegate*)+2136) (BuildId: 441a65d3ffa61685)
10-08 12:22:00.879  7919  7919 F DEBUG   :       #13 pc 00000000002ab714  /data/app/~~73ntv4_HpNNboQs_erOa1A==/com.gig_tech-rPUqmUKrWrq1Jr2ZFBQSxQ==/base.apk!libreactnative.so (facebook::react::FabricUIManagerBinding::installFabricUIManager(facebook::jni::alias_ref<facebook::jni::detail::JTypeFor<facebook::jni::HybridClass<facebook::react::JRuntimeExecutor, facebook::jni::detail::BaseHybridClass>::JavaPart, facebook::jni::JObject, void>::_javaobject*>, facebook::jni::alias_ref<facebook::jni::detail::JTypeFor<facebook::jni::HybridClass<facebook::react::JRuntimeScheduler, facebook::jni::detail::BaseHybridClass>::JavaPart, facebook::jni::JObject, void>::_javaobject*>, facebook::jni::alias_ref<facebook::jni::detail::JTypeFor<facebook::react::JFabricUIManager, facebook::jni::JObject, void>::_javaobject*>, facebook::react::EventBeatManager*, facebook::react::ComponentFactory*)+3140) (BuildId: 441a65d3ffa61685)
10-08 12:22:00.879  7919  7919 F DEBUG   :       #14 pc 00000000002b0a14  /data/app/~~73ntv4_HpNNboQs_erOa1A==/com.gig_tech-rPUqmUKrWrq1Jr2ZFBQSxQ==/base.apk!libreactnative.so (facebook::jni::detail::MethodWrapper<void (facebook::react::FabricUIManagerBinding::*)(facebook::jni::alias_ref<facebook::jni::detail::JTypeFor<facebook::jni::HybridClass<facebook::react::JRuntimeExecutor, facebook::jni::detail::BaseHybridClass>::JavaPart, facebook::jni::JObject, void>::_javaobject*>, facebook::jni::alias_ref<facebook::jni::detail::JTypeFor<facebook::jni::HybridClass<facebook::react::JRuntimeScheduler, facebook::jni::detail::BaseHybridClass>::JavaPart, facebook::jni::JObject, void>::_javaobject*>, facebook::jni::alias_ref<facebook::jni::detail::JTypeFor<facebook::react::JFabricUIManager, facebook::jni::JObject, void>::_javaobject*>, facebook::react::EventBeatManager*, facebook::react::ComponentFactory*), &(facebook::react::FabricUIManagerBinding::installFabricUIManager(facebook::jni::alias_ref<facebook::jni::detail::JTypeFor<facebook::jni::HybridClass<facebook::react::JRuntimeExecutor, facebook::jni::detail::BaseHybridClass>::JavaPart, facebook::jni::JObject, void>::_javaobject*>, facebook::jni::alias_ref<facebook::jni::detail::JTypeFor<facebook::jni::HybridClass<facebook::react::JRuntimeScheduler, facebook::jni::detail::BaseHybridClass>::JavaPart, facebook::jni::JObject, void>::_javaobject*>, facebook::jni::alias_ref<facebook::jni::detail::JTypeFor<facebook::react::JFabricUIManager, facebook::jni::JObject, void>::_javaobject*>, facebook::react::EventBeatManager*, facebook::react::ComponentFactory*)), facebook::react::FabricUIManagerBinding, void, facebook::jni::alias_ref<facebook::jni::detail::JTypeFor<facebook::jni::HybridClass<facebook::react::JRuntimeExecutor, facebook::jni::detail::BaseHybridClass>::JavaPart, facebook::jni::JObject, void>::_javaobject*>, facebook::jni::alias_ref<facebook::jni::detail::JTypeFor<facebook::jni::HybridClass<facebook::react::JRuntimeScheduler, facebook::jni::detail::BaseHybridClass>::JavaPart, facebook::jni::JObject, void>::_javaobject*>, facebook::jni::alias_ref<facebook::jni::detail::JTypeFor<facebook::react::JFabricUIManager, facebook::jni::JObject, void>::_javaobject*>, facebook::react::EventBeatManager*, facebook::react::ComponentFactory*>::dispatch(facebook::jni::alias_ref<facebook::jni::detail::JTypeFor<facebook::jni::HybridClass<facebook::react::FabricUIManagerBinding, facebook::jni::detail::BaseHybridClass>::JavaPart, facebook::jni::JObject, void>::_javaobject*>, facebook::jni::alias_ref<facebook::jni::detail::JTypeFor<facebook::jni::HybridClass<facebook::react::JRuntimeExecutor, facebook::jni::detail::BaseHybridClass>::JavaPart, facebook::jni::JObject, void>::_javaobject*>&&, facebook::jni::alias_ref<facebook::jni::detail::JTypeFor<facebook::jni::HybridClass<facebook::react::JRuntimeScheduler, facebook::jni::detail::BaseHybridClass>::JavaPart, facebook::jni::JObject, void>::_javaobject*>&&, facebook::jni::alias_ref<facebook::jni::detail::JTypeFor<facebook::react::JFabricUIManager, facebook::jni::JObject, void>::_javaobject*>&&, facebook::react::EventBeatManager*&&, facebook::react::ComponentFactory*&&)+124) (BuildId: 441a65d3ffa61685)
10-08 12:22:00.879  7919  7919 F DEBUG   :       #15 pc 00000000002adc74  /data/app/~~73ntv4_HpNNboQs_erOa1A==/com.gig_tech-rPUqmUKrWrq1Jr2ZFBQSxQ==/base.apk!libreactnative.so (facebook::jni::detail::MethodWrapper<void (facebook::react::FabricUIManagerBinding::*)(facebook::jni::alias_ref<facebook::jni::detail::JTypeFor<facebook::jni::HybridClass<facebook::react::JRuntimeExecutor, facebook::jni::detail::BaseHybridClass>::JavaPart, facebook::jni::JObject, void>::_javaobject*>, facebook::jni::alias_ref<facebook::jni::detail::JTypeFor<facebook::jni::HybridClass<facebook::react::JRuntimeScheduler, facebook::jni::detail::BaseHybridClass>::JavaPart, facebook::jni::JObject, void>::_javaobject*>, facebook::jni::alias_ref<facebook::jni::detail::JTypeFor<facebook::react::JFabricUIManager, facebook::jni::JObject, void>::_javaobject*>, facebook::react::EventBeatManager*, facebook::react::ComponentFactory*), &(facebook::react::FabricUIManagerBinding::installFabricUIManager(facebook::jni::alias_ref<facebook::jni::detail::JTypeFor<facebook::jni::HybridClass<facebook::react::JRuntimeExecutor, facebook::jni::detail::BaseHybridClass>::JavaPart, facebook::jni::JObject, void>::_javaobject*>, facebook::jni::alias_ref<facebook::jni::detail::JTypeFor<facebook::jni::HybridClass<facebook::react::JRuntimeScheduler, facebook::jni::detail::BaseHybridClass>::JavaPart, facebook::jni::JObject, void>::_javaobject*>, facebook::jni::alias_ref<facebook::jni::detail::JTypeFor<facebook::react::JFabricUIManager, facebook::jni::JObject, void>::_javaobject*>, facebook::react::EventBeatManager*, facebook::react::ComponentFactory*)), facebook::react::FabricUIManagerBinding, void, facebook::jni::alias_ref<facebook::jni::detail::JTypeFor<facebook::jni::HybridClass<facebook::react::JRuntimeExecutor, facebook::jni::detail::BaseHybridClass>::JavaPart, facebook::jni::JObject, void>::_javaobject*>, facebook::jni::alias_ref<facebook::jni::detail::JTypeFor<facebook::jni::HybridClass<facebook::react::JRuntimeScheduler, facebook::jni::detail::BaseHybridClass>::JavaPart, facebook::jni::JObject, void>::_javaobject*>, facebook::jni::alias_ref<facebook::jni::detail::JTypeFor<facebook::react::JFabricUIManager, facebook::jni::JObject, void>::_javaobject*>, facebook::react::EventBeatManager*, facebook::react::ComponentFactory*>::call(_JNIEnv*, _jobject*, facebook::jni::detail::JTypeFor<facebook::jni::HybridClass<facebook::react::JRuntimeExecutor, facebook::jni::detail::BaseHybridClass>::JavaPart, facebook::jni::JObject, void>::_javaobject*, facebook::jni::detail::JTypeFor<facebook::jni::HybridClass<facebook::react::JRuntimeScheduler, facebook::jni::detail::BaseHybridClass>::JavaPart, facebook::jni::JObject, void>::_javaobject*, facebook::jni::detail::JTypeFor<facebook::react::JFabricUIManager, facebook::jni::JObject, void>::_javaobject*, facebook::jni::detail::JTypeFor<facebook::jni::HybridClass<facebook::react::EventBeatManager, facebook::jni::detail::BaseHybridClass>::JavaPart, facebook::jni::JObject, void>::_javaobject*, facebook::jni::detail::JTypeFor<facebook::jni::HybridClass<facebook::react::ComponentFactory, facebook::jni::detail::BaseHybridClass>::JavaPart, facebook::jni::JObject, void>::_javaobject*)+176) (BuildId: 441a65d3ffa61685)
10-08 12:22:00.879  7919  7919 F DEBUG   :       #16 pc 0000000000d6f724  /data/misc/apexdata/com.android.art/dalvik-cache/arm64/boot.oat (art_jni_trampoline+180)
10-08 12:22:00.879  7919  7919 F DEBUG   :       #17 pc 000000000068aa48  /apex/com.android.art/lib64/libart.so (nterp_helper+5848) (BuildId: eb4ec0f1d1c7267591d83fa87cb36390)
10-08 12:22:00.879  7919  7919 F DEBUG   :       #18 pc 00000000003f46e8  /data/app/~~73ntv4_HpNNboQs_erOa1A==/com.gig_tech-rPUqmUKrWrq1Jr2ZFBQSxQ==/oat/arm64/base.vdex (com.facebook.react.fabric.FabricUIManagerBinding.register+56)
10-08 12:22:00.879  7919  7919 F DEBUG   :       #19 pc 000000000068a9c8  /apex/com.android.art/lib64/libart.so (nterp_helper+5720) (BuildId: eb4ec0f1d1c7267591d83fa87cb36390)
10-08 12:22:00.879  7919  7919 F DEBUG   :       #20 pc 0000000000418376  /data/app/~~73ntv4_HpNNboQs_erOa1A==/com.gig_tech-rPUqmUKrWrq1Jr2ZFBQSxQ==/oat/arm64/base.vdex (com.facebook.react.runtime.ReactInstance.<init>+770)
10-08 12:22:00.879  7919  7919 F DEBUG   :       #21 pc 000000000068a9c8  /apex/com.android.art/lib64/libart.so (nterp_helper+5720) (BuildId: eb4ec0f1d1c7267591d83fa87cb36390)
10-08 12:22:00.879  7919  7919 F DEBUG   :       #22 pc 000000000041473c  /data/app/~~73ntv4_HpNNboQs_erOa1A==/com.gig_tech-rPUqmUKrWrq1Jr2ZFBQSxQ==/oat/arm64/base.vdex (com.facebook.react.runtime.ReactHostImpl.getOrCreateReactInstanceTask$lambda$41$lambda$38+104)
10-08 12:22:00.879  7919  7919 F DEBUG   :       #23 pc 00000000006893a4  /apex/com.android.art/lib64/libart.so (nterp_helper+52) (BuildId: eb4ec0f1d1c7267591d83fa87cb36390)
10-08 12:22:00.879  7919  7919 F DEBUG   :       #24 pc 00000000004146b8  /data/app/~~73ntv4_HpNNboQs_erOa1A==/com.gig_tech-rPUqmUKrWrq1Jr2ZFBQSxQ==/oat/arm64/base.vdex (com.facebook.react.runtime.ReactHostImpl.$r8$lambda$LQY77bFECGrnkUqd7Ku55sJ721A+0)
10-08 12:22:00.879  7919  7919 F DEBUG   :       #25 pc 00000000006893a4  /apex/com.android.art/lib64/libart.so (nterp_helper+52) (BuildId: eb4ec0f1d1c7267591d83fa87cb36390)
10-08 12:22:00.879  7919  7919 F DEBUG   :       #26 pc 0000000000412fd0  /data/app/~~73ntv4_HpNNboQs_erOa1A==/com.gig_tech-rPUqmUKrWrq1Jr2ZFBQSxQ==/oat/arm64/base.vdex (com.facebook.react.runtime.ReactHostImpl$$ExternalSyntheticLambda11.then+8)
10-08 12:22:00.879  7919  7919 F DEBUG   :       #27 pc 000000000068b0e4  /apex/com.android.art/lib64/libart.so (nterp_helper+7540) (BuildId: eb4ec0f1d1c7267591d83fa87cb36390)
10-08 12:22:00.879  7919  7919 F DEBUG   :       #28 pc 0000000000419f00  /data/app/~~73ntv4_HpNNboQs_erOa1A==/com.gig_tech-rPUqmUKrWrq1Jr2ZFBQSxQ==/oat/arm64/base.vdex (com.facebook.react.runtime.internal.bolts.Task$Companion.completeImmediately$lambda$3+0)
10-08 12:22:00.879  7919  7919 F DEBUG   :       #29 pc 00000000006893a4  /apex/com.android.art/lib64/libart.so (nterp_helper+52) (BuildId: eb4ec0f1d1c7267591d83fa87cb36390)
10-08 12:22:00.879  7919  7919 F DEBUG   :       #30 pc 0000000000419d3c  /data/app/~~73ntv4_HpNNboQs_erOa1A==/com.gig_tech-rPUqmUKrWrq1Jr2ZFBQSxQ==/oat/arm64/base.vdex (com.facebook.react.runtime.internal.bolts.Task$Companion.$r8$lambda$b7MTC0ufkn_2TjF4BGcNqGR9qK0+0)
10-08 12:22:00.879  7919  7919 F DEBUG   :       #31 pc 00000000006893a4  /apex/com.android.art/lib64/libart.so (nterp_helper+52) (BuildId: eb4ec0f1d1c7267591d83fa87cb36390)
10-08 12:22:00.879  7919  7919 F DEBUG   :       #32 pc 0000000000419a64  /data/app/~~73ntv4_HpNNboQs_erOa1A==/com.gig_tech-rPUqmUKrWrq1Jr2ZFBQSxQ==/oat/arm64/base.vdex (com.facebook.react.runtime.internal.bolts.Task$Companion$$ExternalSyntheticLambda3.run+12)
10-08 12:22:00.879  7919  7919 F DEBUG   :       #33 pc 000000000068b0e4  /apex/com.android.art/lib64/libart.so (nterp_helper+7540) (BuildId: eb4ec0f1d1c7267591d83fa87cb36390)
10-08 12:22:00.879  7919  7919 F DEBUG   :       #34 pc 0000000000419786  /data/app/~~73ntv4_HpNNboQs_erOa1A==/com.gig_tech-rPUqmUKrWrq1Jr2ZFBQSxQ==/oat/arm64/base.vdex (com.facebook.react.runtime.internal.bolts.Executors$ImmediateExecutor.execute+10)
10-08 12:22:00.879  7919  7919 F DEBUG   :       #35 pc 000000000068b0e4  /apex/com.android.art/lib64/libart.so (nterp_helper+7540) (BuildId: eb4ec0f1d1c7267591d83fa87cb36390)
10-08 12:22:00.879  7919  7919 F DEBUG   :       #36 pc 0000000000419f4e  /data/app/~~73ntv4_HpNNboQs_erOa1A==/com.gig_tech-rPUqmUKrWrq1Jr2ZFBQSxQ==/oat/arm64/base.vdex (com.facebook.react.runtime.internal.bolts.Task$Companion.completeImmediately+10)
10-08 12:22:00.879  7919  7919 F DEBUG   :       #37 pc 000000000068a2c4  /apex/com.android.art/lib64/libart.so (nterp_helper+3924) (BuildId: eb4ec0f1d1c7267591d83fa87cb36390)
10-08 12:22:00.879  7919  7919 F DEBUG   :       #38 pc 0000000000419d9c  /data/app/~~73ntv4_HpNNboQs_erOa1A==/com.gig_tech-rPUqmUKrWrq1Jr2ZFBQSxQ==/oat/arm64/base.vdex (com.facebook.react.runtime.internal.bolts.Task$Companion.access$completeImmediately+0)
10-08 12:22:00.879  7919  7919 F DEBUG   :       #39 pc 00000000006893a4  /apex/com.android.art/lib64/libart.so (nterp_helper+52) (BuildId: eb4ec0f1d1c7267591d83fa87cb36390)
10-08 12:22:00.879  7919  7919 F DEBUG   :       #40 pc 000000000041a466  /data/app/~~73ntv4_HpNNboQs_erOa1A==/com.gig_tech-rPUqmUKrWrq1Jr2ZFBQSxQ==/oat/arm64/base.vdex (com.facebook.react.runtime.internal.bolts.Task.continueWith+82)
10-08 12:22:00.879  7919  7919 F DEBUG   :       #41 pc 000000000068a2c4  /apex/com.android.art/lib64/libart.so (nterp_helper+3924) (BuildId: eb4ec0f1d1c7267591d83fa87cb36390)
10-08 12:22:00.879  7919  7919 F DEBUG   :       #42 pc 000000000041a3d0  /data/app/~~73ntv4_HpNNboQs_erOa1A==/com.gig_tech-rPUqmUKrWrq1Jr2ZFBQSxQ==/oat/arm64/base.vdex (com.facebook.react.runtime.internal.bolts.Task.continueWith$default+12)
10-08 12:22:00.879  7919  7919 F DEBUG   :       #43 pc 00000000006893a4  /apex/com.android.art/lib64/libart.so (nterp_helper+52) (BuildId: eb4ec0f1d1c7267591d83fa87cb36390)
10-08 12:22:00.879  7919  7919 F DEBUG   :       #44 pc 000000000041a6a2  /data/app/~~73ntv4_HpNNboQs_erOa1A==/com.gig_tech-rPUqmUKrWrq1Jr2ZFBQSxQ==/oat/arm64/base.vdex (com.facebook.react.runtime.internal.bolts.Task.onSuccess$lambda$12+74)
10-08 12:22:00.879  7919  7919 F DEBUG   :       #45 pc 00000000006893a4  /apex/com.android.art/lib64/libart.so (nterp_helper+52) (BuildId: eb4ec0f1d1c7267591d83fa87cb36390)
10-08 12:22:00.879  7919  7919 F DEBUG   :       #46 pc 000000000041a308  /data/app/~~73ntv4_HpNNboQs_erOa1A==/com.gig_tech-rPUqmUKrWrq1Jr2ZFBQSxQ==/oat/arm64/base.vdex (com.facebook.react.runtime.internal.bolts.Task.$r8$lambda$l0wwo5AvbHxlwfI1R7CH_codxoo+0)
10-08 12:22:00.879  7919  7919 F DEBUG   :       #47 pc 00000000006893a4  /apex/com.android.art/lib64/libart.so (nterp_helper+52) (BuildId: eb4ec0f1d1c7267591d83fa87cb36390)
10-08 12:22:00.879  7919  7919 F DEBUG   :       #48 pc 00000000004198bc  /data/app/~~73ntv4_HpNNboQs_erOa1A==/com.gig_tech-rPUqmUKrWrq1Jr2ZFBQSxQ==/oat/arm64/base.vdex (com.facebook.react.runtime.internal.bolts.Task$$ExternalSyntheticLambda2.then+4)
10-08 12:22:00.879  7919  7919 F DEBUG   :       #49 pc 000000000068b0e4  /apex/com.android.art/lib64/libart.so (nterp_helper+7540) (BuildId: eb4ec0f1d1c7267591d83fa87cb36390)
10-08 12:22:00.879  7919  7919 F DEBUG   :       #50 pc 0000000000419e54  /data/app/~~73ntv4_HpNNboQs_erOa1A==/com.gig_tech-rPUqmUKrWrq1Jr2ZFBQSxQ==/oat/arm64/base.vdex (com.facebook.react.runtime.internal.bolts.Task$Companion.completeAfterTask$lambda$5+0)
10-08 12:22:00.879  7919  7919 F DEBUG   :       #51 pc 00000000006893a4  /apex/com.android.art/lib64/libart.so (nterp_helper+52) (BuildId: eb4ec0f1d1c7267591d83fa87cb36390)
10-08 12:22:00.879  7919  7919 F DEBUG   :       #52 pc 0000000000419d0c  /data/app/~~73ntv4_HpNNboQs_erOa1A==/com.gig_tech-rPUqmUKrWrq1Jr2ZFBQSxQ==/oat/arm64/base.vdex (com.facebook.react.runtime.internal.bolts.Task$Companion.$r8$lambda$IPpysnehFwANEiW061YzapkMdoE+0)
10-08 12:22:00.879  7919  7919 F DEBUG   :       #53 pc 00000000006893a4  /apex/com.android.art/lib64/libart.so (nterp_helper+52) (BuildId: eb4ec0f1d1c7267591d83fa87cb36390)
10-08 12:22:00.879  7919  7919 F DEBUG   :       #54 pc 0000000000419aac  /data/app/~~73ntv4_HpNNboQs_erOa1A==/com.gig_tech-rPUqmUKrWrq1Jr2ZFBQSxQ==/oat/arm64/base.vdex (com.facebook.react.runtime.internal.bolts.Task$Companion$$ExternalSyntheticLambda4.run+12)
10-08 12:22:00.879  7919  7919 F DEBUG   :       #55 pc 000000000047cc14  /data/misc/apexdata/com.android.art/dalvik-cache/arm64/boot.oat (java.util.concurrent.ThreadPoolExecutor.runWorker+676)
10-08 12:22:00.879  7919  7919 F DEBUG   :       #56 pc 0000000000480a88  /data/misc/apexdata/com.android.art/dalvik-cache/arm64/boot.oat (java.util.concurrent.ThreadPoolExecutor$Worker.run+56)
10-08 12:22:00.879  7919  7919 F DEBUG   :       #57 pc 00000000003114f0  /data/misc/apexdata/com.android.art/dalvik-cache/arm64/boot.oat (java.lang.Thread.run+64)
10-08 12:22:00.879  7919  7919 F DEBUG   :       #58 pc 0000000000317194  /apex/com.android.art/lib64/libart.so (art_quick_invoke_stub+612) (BuildId: eb4ec0f1d1c7267591d83fa87cb36390)
10-08 12:22:00.879  7919  7919 F DEBUG   :       #59 pc 0000000000302838  /apex/com.android.art/lib64/libart.so (art::ArtMethod::Invoke(art::Thread*, unsigned int*, unsigned int, art::JValue*, char const*)+216) (BuildId: eb4ec0f1d1c7267591d83fa87cb36390)
10-08 12:22:00.879  7919  7919 F DEBUG   :       #60 pc 00000000004c8298  /apex/com.android.art/lib64/libart.so (art::Thread::CreateCallback(void*)+932) (BuildId: eb4ec0f1d1c7267591d83fa87cb36390)
10-08 12:22:00.879  7919  7919 F DEBUG   :       #61 pc 00000000004c7ee4  /apex/com.android.art/lib64/libart.so (art::Thread::CreateCallbackWithUffdGc(void*)+8) (BuildId: eb4ec0f1d1c7267591d83fa87cb36390)
10-08 12:22:00.879  7919  7919 F DEBUG   :       #62 pc 00000000000faecc  /apex/com.android.runtime/lib64/bionic/libc.so (__pthread_start(void*)+204) (BuildId: 21cd09af0ad2ccf35d6b8ba2d064b3c4)
10-08 12:22:00.879  7919  7919 F DEBUG   :       #63 pc 000000000008e1f0  /apex/com.android.runtime/lib64/bionic/libc.so (__start_thread+64) (BuildId: 21cd09af0ad2ccf35d6b8ba2d064b3c4)
10-08 12:22:00.907  1110  7942 I DropBoxManagerService: add tag=data_app_native_crash isTagEnabled=true flags=0x6
10-08 12:22:00.907  1110  7941 W ActivityTaskManager:   Force finishing activity com.gig_tech/.MainActivity
10-08 12:22:00.907  1110  1223 W NativeTombstoneManager: failed to open /data/tombstones/tombstone_24.pb
10-08 12:22:00.907  1110  1223 W NativeTombstoneManager: java.io.FileNotFoundException: open failed: ENOENT (No such file or directory)
10-08 12:22:00.907  1110  1223 W NativeTombstoneManager: 	at android.os.ParcelFileDescriptor.openInternal(ParcelFileDescriptor.java:342)
10-08 12:22:00.907  1110  1223 W NativeTombstoneManager: 	at android.os.ParcelFileDescriptor.open(ParcelFileDescriptor.java:229)
10-08 12:22:00.907  1110  1223 W NativeTombstoneManager: 	at com.android.server.os.NativeTombstoneManager.handleProtoTombstone(NativeTombstoneManager.java:155)
10-08 12:22:00.907  1110  1223 W NativeTombstoneManager: 	at com.android.server.os.NativeTombstoneManager.handleTombstone(NativeTombstoneManager.java:124)
10-08 12:22:00.907  1110  1223 W NativeTombstoneManager: 	at com.android.server.os.NativeTombstoneManager.-$$Nest$mhandleTombstone(Unknown Source:0)
10-08 12:22:00.907  1110  1223 W NativeTombstoneManager: 	at com.android.server.os.NativeTombstoneManager$TombstoneWatcher.lambda$onEvent$0$com-android-server-os-NativeTombstoneManager$TombstoneWatcher(NativeTombstoneManager.java:568)
10-08 12:22:00.907  1110  1223 W NativeTombstoneManager: 	at com.android.server.os.NativeTombstoneManager$TombstoneWatcher$$ExternalSyntheticLambda0.run(Unknown Source:4)
10-08 12:22:00.907  1110  1223 W NativeTombstoneManager: 	at android.os.Handler.handleCallback(Handler.java:942)
10-08 12:22:00.907  1110  1223 W NativeTombstoneManager: 	at android.os.Handler.dispatchMessage(Handler.java:99)
10-08 12:22:00.907  1110  1223 W NativeTombstoneManager: 	at android.os.Looper.loopOnce(Looper.java:201)
10-08 12:22:00.907  1110  1223 W NativeTombstoneManager: 	at android.os.Looper.loop(Looper.java:288)
10-08 12:22:00.907  1110  1223 W NativeTombstoneManager: 	at android.os.HandlerThread.run(HandlerThread.java:67)
10-08 12:22:00.907  1110  1223 W NativeTombstoneManager: 	at com.android.server.ServiceThread.run(ServiceThread.java:44)
10-08 12:22:00.908  1110  7941 D WindowManager: setFocusedApp mFocusedApp = ActivityRecord{5a0cc5f u0 com.motorola.launcher3/com.android.launcher3.CustomizationPanelLauncher} t15732 d0}displayId = 0Callers = com.android.server.wm.ActivityTaskManagerService.setResumedActivityUncheckLocked:4587 com.android.server.wm.ActivityRecord.moveFocusableActivityToTop:3269 com.android.server.wm.TaskDisplayArea.moveHomeActivityToTop:1670 com.android.server.wm.Task.adjustFocusToNextFocusableTask:2466 
10-08 12:22:00.909  1110  1223 I BootReceiver: recordFileTimestamp fileTime = 1759906320899
10-08 12:22:00.912  1110  1223 I BootReceiver: Copying /data/tombstones/tombstone_24 to DropBox (SYSTEM_TOMBSTONE)
10-08 12:22:00.912  1110  1223 I DropBoxManagerService: add tag=SYSTEM_TOMBSTONE isTagEnabled=true flags=0x6
10-08 12:22:00.921  1110  1133 D BroadcastQueue: Add broadcast <BroadcastRecord{80a602f u-1 android.intent.action.DROPBOX_ENTRY_ADDED}> into [parallel | background], pending size 0
10-08 12:22:00.921  1110  1133 D BroadcastQueue: Add broadcast <BroadcastRecord{913763c u-1 android.intent.action.DROPBOX_ENTRY_ADDED}> into [ordered | background], pending size 0
10-08 12:22:00.921  1110  1133 D BroadcastQueue: Header is BroadcastRecord{913763c u-1 android.intent.action.DROPBOX_ENTRY_ADDED} now
10-08 12:22:00.921  1110  1133 D BroadcastQueue: Add broadcast <BroadcastRecord{9b7cfc5 u-1 android.intent.action.DROPBOX_ENTRY_ADDED}> into [parallel | background], pending size 1
10-08 12:22:00.921  1110  1133 D BroadcastQueue: Add broadcast <BroadcastRecord{befad1a u-1 android.intent.action.DROPBOX_ENTRY_ADDED}> into [ordered | background], pending size 1
10-08 12:22:00.921  1110  1133 D BroadcastQueue: Header is BroadcastRecord{913763c u-1 android.intent.action.DROPBOX_ENTRY_ADDED} now
10-08 12:22:00.922  1110  1134 I ActivityManager: Showing crash dialog for package com.gig_tech u0
10-08 12:22:00.924  1110  1223 I BootReceiver: recordFileTimestamp fileTime = 1759906320875
10-08 12:22:00.924  1110  1223 I DropBoxManagerService: add tag=SYSTEM_TOMBSTONE_PROTO isTagEnabled=true flags=0x4
10-08 12:22:00.926  1110  1136 D SSense  : windowsChanged
10-08 12:22:00.942  1110  1150 D BroadcastQueue: Done with parallel broadcast [background] [BroadcastRecord{80a602f u-1 android.intent.action.DROPBOX_ENTRY_ADDED}, BroadcastRecord{9b7cfc5 u-1 android.intent.action.DROPBOX_ENTRY_ADDED}]
10-08 12:22:00.942  1110  1150 W BroadcastQueue: Background execution not allowed: receiving Intent { act=android.intent.action.DROPBOX_ENTRY_ADDED flg=0x10 (has extras) } to com.google.android.gms/.stats.service.DropBoxEntryAddedReceiver
10-08 12:22:00.942  1110  1150 D BroadcastQueue: Finished with ordered broadcast BroadcastRecord{913763c u-1 android.intent.action.DROPBOX_ENTRY_ADDED} receivers:([ResolveInfo{90f7979 com.google.android.gms/.stats.service.DropBoxEntryAddedReceiver m=0x108000}]) take 1ms in [background], remains 0
10-08 12:22:00.942  1110  1150 W BroadcastQueue: Background execution not allowed: receiving Intent { act=android.intent.action.DROPBOX_ENTRY_ADDED flg=0x10 (has extras) } to com.google.android.gms/.stats.service.DropBoxEntryAddedReceiver
10-08 12:22:00.942  1110  1150 D BroadcastQueue: Finished with ordered broadcast BroadcastRecord{befad1a u-1 android.intent.action.DROPBOX_ENTRY_ADDED} receivers:([ResolveInfo{f2fc6be com.google.android.gms/.stats.service.DropBoxEntryAddedReceiver m=0x108000}]) take 0ms in [background], remains -1
10-08 12:22:00.943  1110  1133 D BroadcastQueue: Add broadcast <BroadcastRecord{ad9b31f u-1 android.intent.action.DROPBOX_ENTRY_ADDED}> into [parallel | background], pending size 0
10-08 12:22:00.943  1110  1133 D BroadcastQueue: Add broadcast <BroadcastRecord{c3ee66c u-1 android.intent.action.DROPBOX_ENTRY_ADDED}> into [ordered | background], pending size 0
10-08 12:22:00.943  1110  1133 D BroadcastQueue: Header is BroadcastRecord{c3ee66c u-1 android.intent.action.DROPBOX_ENTRY_ADDED} now
10-08 12:22:00.945  1110  1150 D BroadcastQueue: Done with parallel broadcast [background] [BroadcastRecord{ad9b31f u-1 android.intent.action.DROPBOX_ENTRY_ADDED}]
10-08 12:22:00.946  1110  1150 W BroadcastQueue: Background execution not allowed: receiving Intent { act=android.intent.action.DROPBOX_ENTRY_ADDED flg=0x10 (has extras) } to com.google.android.gms/.stats.service.DropBoxEntryAddedReceiver
10-08 12:22:00.946  1110  1150 D BroadcastQueue: Finished with ordered broadcast BroadcastRecord{c3ee66c u-1 android.intent.action.DROPBOX_ENTRY_ADDED} receivers:([ResolveInfo{370623b com.google.android.gms/.stats.service.DropBoxEntryAddedReceiver m=0x108000}]) take 0ms in [background], remains -1
10-08 12:22:00.973  1110  1126 I WindowManager: WIN DEATH: Window{a9b07b4 u0 com.gig_tech/com.gig_tech.MainActivity}
10-08 12:22:00.974  1110  4100 I ActivityManager: Process com.gig_tech (pid 7875) has died: fg  TOP 
10-08 12:22:00.983  1110  1134 D CompatibilityChangeReporter: Compat change id reported: 161145287; UID 1000; state: DISABLED
10-08 12:22:00.984  1110  4100 D PreforkProcessScene: execution function name:schedStartPreForkedProcesses
10-08 12:22:00.984  1110  4100 D PreforkProcessScene: schedStartPreForkedProcesses
10-08 12:22:00.999  1110  1137 D WindowManager: Focus not requested, because it has no surface or is not focusable, request window=Window{8703432 u0 Application Error: com.gig_tech}, mCurrentFocusWindow= f2ce592 com.motorola.launcher3/com.android.launcher3.CustomizationPanelLauncher
10-08 12:22:00.999  1110  1134 D CoreBackPreview: Window{8703432 u0 Application Error: com.gig_tech}: Setting back callback OnBackInvokedCallbackInfo{mCallback=android.window.WindowOnBackInvokedDispatcher$OnBackInvokedCallbackWrapper@6f041fb, mPriority=0}
10-08 12:22:01.002  1110  1137 W WindowManager: Failed to deliver inset state change to w=Window{a9b07b4 u0 com.gig_tech/com.gig_tech.MainActivity EXITING}
10-08 12:22:01.002  1110  1137 W WindowManager: android.os.DeadObjectException
10-08 12:22:01.002  1110  1137 W WindowManager: 	at android.os.BinderProxy.transactNative(Native Method)
10-08 12:22:01.002  1110  1137 W WindowManager: 	at android.os.BinderProxy.transact(BinderProxy.java:595)
10-08 12:22:01.002  1110  1137 W WindowManager: 	at android.view.IWindow$Stub$Proxy.insetsControlChanged(IWindow.java:473)
10-08 12:22:01.002  1110  1137 W WindowManager: 	at com.android.server.wm.WindowState.notifyInsetsControlChanged(WindowState.java:4043)
10-08 12:22:01.002  1110  1137 W WindowManager: 	at com.android.server.wm.InsetsStateController.lambda$notifyPendingInsetsControlChanged$5$com-android-server-wm-InsetsStateController(InsetsStateController.java:354)
10-08 12:22:01.002  1110  1137 W WindowManager: 	at com.android.server.wm.InsetsStateController$$ExternalSyntheticLambda4.run(Unknown Source:2)
10-08 12:22:01.002  1110  1137 W WindowManager: 	at com.android.server.wm.WindowAnimator.executeAfterPrepareSurfacesRunnables(WindowAnimator.java:345)
10-08 12:22:01.002  1110  1137 W WindowManager: 	at com.android.server.wm.WindowAnimator.animate(WindowAnimator.java:226)
10-08 12:22:01.002  1110  1137 W WindowManager: 	at com.android.server.wm.WindowAnimator.lambda$new$1$com-android-server-wm-WindowAnimator(WindowAnimator.java:106)
10-08 12:22:01.002  1110  1137 W WindowManager: 	at com.android.server.wm.WindowAnimator$$ExternalSyntheticLambda1.doFrame(Unknown Source:2)
10-08 12:22:01.002  1110  1137 W WindowManager: 	at android.view.Choreographer$CallbackRecord.run(Choreographer.java:1232)
10-08 12:22:01.002  1110  1137 W WindowManager: 	at android.view.Choreographer$CallbackRecord.run(Choreographer.java:1242)
10-08 12:22:01.002  1110  1137 W WindowManager: 	at android.view.Choreographer.doCallbacks(Choreographer.java:902)
10-08 12:22:01.002  1110  1137 W WindowManager: 	at android.view.Choreographer.doFrame(Choreographer.java:830)
10-08 12:22:01.002  1110  1137 W WindowManager: 	at android.view.Choreographer$FrameDisplayEventReceiver.run(Choreographer.java:1217)
10-08 12:22:01.002  1110  1137 W WindowManager: 	at android.os.Handler.handleCallback(Handler.java:942)
10-08 12:22:01.002  1110  1137 W WindowManager: 	at android.os.Handler.dispatchMessage(Handler.java:99)
10-08 12:22:01.002  1110  1137 W WindowManager: 	at android.os.Looper.loopOnce(Looper.java:201)
10-08 12:22:01.002  1110  1137 W WindowManager: 	at android.os.Looper.loop(Looper.java:288)
10-08 12:22:01.002  1110  1137 W WindowManager: 	at android.os.HandlerThread.run(HandlerThread.java:67)
10-08 12:22:01.002  1110  1137 W WindowManager: 	at com.android.server.ServiceThread.run(ServiceThread.java:44)
10-08 12:22:01.006  1110  1137 D WindowManager: Focus not requested, because it has no surface or is not focusable, request window=Window{8703432 u0 Application Error: com.gig_tech}, mCurrentFocusWindow= f2ce592 com.motorola.launcher3/com.android.launcher3.CustomizationPanelLauncher
10-08 12:22:01.006  1110  7941 W ActivityManager: Ignoring remove of inactive process: ProcessRecord{d05bb66 0:com.gig_tech/u0a240}
10-08 12:22:01.006  1110  1134 D CoreBackPreview: Window{8703432 u0 Application Error: com.gig_tech}: Setting back callback null
10-08 12:22:01.007  1110  1136 D SSense  : windowsChanged
10-08 12:22:01.015  1110  1137 D WindowManager: Setting visibility of Window{f41b84e u0 com.android.systemui.ImageWallpaper}: true
10-08 12:22:01.015  1110  1137 D WindowManager: java.lang.Exception
10-08 12:22:01.015  1110  1137 D WindowManager: 	at com.android.server.wm.WindowState.sendAppVisibilityToClients(WindowState.java:3525)
10-08 12:22:01.015  1110  1137 D WindowManager: 	at com.android.server.wm.WindowContainer.sendAppVisibilityToClients(WindowContainer.java:1201)
10-08 12:22:01.015  1110  1137 D WindowManager: 	at com.android.server.wm.WindowToken.setClientVisible(WindowToken.java:398)
10-08 12:22:01.015  1110  1137 D WindowManager: 	at com.android.server.wm.WallpaperWindowToken.setVisible(WallpaperWindowToken.java:153)
10-08 12:22:01.015  1110  1137 D WindowManager: 	at com.android.server.wm.WallpaperWindowToken.commitVisibility(WallpaperWindowToken.java:195)
10-08 12:22:01.015  1110  1137 D WindowManager: 	at com.android.server.wm.WallpaperWindowToken.setVisibility(WallpaperWindowToken.java:180)
10-08 12:22:01.015  1110  1137 D WindowManager: 	at com.android.server.wm.WallpaperWindowToken.updateWallpaperWindows(WallpaperWindowToken.java:110)
10-08 12:22:01.015  1110  1137 D WindowManager: 	at com.android.server.wm.WallpaperController.updateWallpaperTokens(WallpaperController.java:661)
10-08 12:22:01.015  1110  1137 D WindowManager: 	at com.android.server.wm.WallpaperController.adjustWallpaperWindows(WallpaperController.java:702)
10-08 12:22:01.015  1110  1137 D WindowManager: 	at com.android.server.wm.DisplayContent.applySurfaceChangesTransaction(DisplayContent.java:4695)
10-08 12:22:01.015  1110  1137 D WindowManager: 	at com.android.server.wm.RootWindowContainer.applySurfaceChangesTransaction(RootWindowContainer.java:1038)
10-08 12:22:01.015  1110  1137 D WindowManager: 	at com.android.server.wm.RootWindowContainer.performSurfacePlacementNoTrace(RootWindowContainer.java:841)
10-08 12:22:01.015  1110  1137 D WindowManager: 	at com.android.server.wm.RootWindowContainer.performSurfacePlacement(RootWindowContainer.java:801)
10-08 12:22:01.015  1110  1137 D WindowManager: 	at com.android.server.wm.WindowSurfacePlacer.performSurfacePlacementLoop(WindowSurfacePlacer.java:179)
10-08 12:22:01.015  1110  1137 D WindowManager: 	at com.android.server.wm.WindowSurfacePlacer.performSurfacePlacement(WindowSurfacePlacer.java:128)
10-08 12:22:01.015  1110  1137 D WindowManager: 	at com.android.server.wm.WindowSurfacePlacer.performSurfacePlacement(WindowSurfacePlacer.java:117)
10-08 12:22:01.015  1110  1137 D WindowManager: 	at com.android.server.wm.WindowSurfacePlacer$Traverser.run(WindowSurfacePlacer.java:59)
10-08 12:22:01.015  1110  1137 D WindowManager: 	at android.os.Handler.handleCallback(Handler.java:942)
10-08 12:22:01.015  1110  1137 D WindowManager: 	at android.os.Handler.dispatchMessage(Handler.java:99)
10-08 12:22:01.015  1110  1137 D WindowManager: 	at android.os.Looper.loopOnce(Looper.java:201)
10-08 12:22:01.015  1110  1137 D WindowManager: 	at android.os.Looper.loop(Looper.java:288)
10-08 12:22:01.015  1110  1137 D WindowManager: 	at android.os.HandlerThread.run(HandlerThread.java:67)
10-08 12:22:01.015  1110  1137 D WindowManager: 	at com.android.server.ServiceThread.run(ServiceThread.java:44)
10-08 12:22:01.018  1110  1137 W WindowManager: Exception thrown during dispatchAppVisibility Window{a9b07b4 u0 com.gig_tech/com.gig_tech.MainActivity EXITING}
10-08 12:22:01.018  1110  1137 W WindowManager: android.os.DeadObjectException
10-08 12:22:01.018  1110  1137 W WindowManager: 	at android.os.BinderProxy.transactNative(Native Method)
10-08 12:22:01.018  1110  1137 W WindowManager: 	at android.os.BinderProxy.transact(BinderProxy.java:595)
10-08 12:22:01.018  1110  1137 W WindowManager: 	at android.view.IWindow$Stub$Proxy.dispatchAppVisibility(IWindow.java:536)
10-08 12:22:01.018  1110  1137 W WindowManager: 	at com.android.server.wm.WindowState.sendAppVisibilityToClients(WindowState.java:3530)
10-08 12:22:01.018  1110  1137 W WindowManager: 	at com.android.server.wm.WindowContainer.sendAppVisibilityToClients(WindowContainer.java:1201)
10-08 12:22:01.018  1110  1137 W WindowManager: 	at com.android.server.wm.WindowToken.setClientVisible(WindowToken.java:398)
10-08 12:22:01.018  1110  1137 W WindowManager: 	at com.android.server.wm.ActivityRecord.setClientVisible(ActivityRecord.java:6639)
10-08 12:22:01.018  1110  1137 W WindowManager: 	at com.android.server.wm.ActivityRecord.onAnimationFinished(ActivityRecord.java:7426)
10-08 12:22:01.018  1110  1137 W WindowManager: 	at com.android.server.wm.ActivityRecord.postApplyAnimation(ActivityRecord.java:5338)
10-08 12:22:01.018  1110  1137 W WindowManager: 	at com.android.server.wm.ActivityRecord.commitVisibility(ActivityRecord.java:5310)
10-08 12:22:01.018  1110  1137 W WindowManager: 	at com.android.server.wm.ActivityRecord.commitVisibility(ActivityRecord.java:5314)
10-08 12:22:01.018  1110  1137 W WindowManager: 	at com.android.server.wm.AppTransitionController.handleClosingApps(AppTransitionController.java:1130)
10-08 12:22:01.018  1110  1137 W WindowManager: 	at com.android.server.wm.AppTransitionController.handleAppTransitionReady(AppTransitionController.java:296)
