10-08 12:22:09.682  1110  1223 W NativeTombstoneManager: 	at android.os.ParcelFileDescriptor.openInternal(ParcelFileDescriptor.java:342)
10-08 12:22:09.682  1110  1223 W NativeTombstoneManager: 	at android.os.ParcelFileDescriptor.open(ParcelFileDescriptor.java:229)
10-08 12:22:09.682  1110  1223 W NativeTombstoneManager: 	at com.android.server.os.NativeTombstoneManager.handleProtoTombstone(NativeTombstoneManager.java:155)
10-08 12:22:09.682  1110  1223 W NativeTombstoneManager: 	at com.android.server.os.NativeTombstoneManager.handleTombstone(NativeTombstoneManager.java:124)
10-08 12:22:09.682  1110  1223 W NativeTombstoneManager: 	at com.android.server.os.NativeTombstoneManager.-$$Nest$mhandleTombstone(Unknown Source:0)
10-08 12:22:09.682  1110  1223 W NativeTombstoneManager: 	at com.android.server.os.NativeTombstoneManager$TombstoneWatcher.lambda$onEvent$0$com-android-server-os-NativeTombstoneManager$TombstoneWatcher(NativeTombstoneManager.java:568)
10-08 12:22:09.682  1110  1223 W NativeTombstoneManager: 	at com.android.server.os.NativeTombstoneManager$TombstoneWatcher$$ExternalSyntheticLambda0.run(Unknown Source:4)
10-08 12:22:09.682  1110  1223 W NativeTombstoneManager: 	at android.os.Handler.handleCallback(Handler.java:942)
10-08 12:22:09.682  1110  1223 W NativeTombstoneManager: 	at android.os.Handler.dispatchMessage(Handler.java:99)
10-08 12:22:09.682  1110  1223 W NativeTombstoneManager: 	at android.os.Looper.loopOnce(Looper.java:201)
10-08 12:22:09.682  1110  1223 W NativeTombstoneManager: 	at android.os.Looper.loop(Looper.java:288)
10-08 12:22:09.682  1110  1223 W NativeTombstoneManager: 	at android.os.HandlerThread.run(HandlerThread.java:67)
10-08 12:22:09.682  1110  1223 W NativeTombstoneManager: 	at com.android.server.ServiceThread.run(ServiceThread.java:44)
10-08 12:22:09.684  1110  1223 I BootReceiver: recordFileTimestamp fileTime = 1759906329667
10-08 12:22:09.685  1110  1223 I BootReceiver: Copying /data/tombstones/tombstone_26 to DropBox (SYSTEM_TOMBSTONE)
10-08 12:22:09.685  1110  1223 I DropBoxManagerService: add tag=SYSTEM_TOMBSTONE isTagEnabled=true flags=0x6
10-08 12:22:09.694  1110  1133 D BroadcastQueue: Add broadcast <BroadcastRecord{89dbc08 u-1 android.intent.action.DROPBOX_ENTRY_ADDED}> into [parallel | background], pending size 0
10-08 12:22:09.695  1110  1223 I BootReceiver: recordFileTimestamp fileTime = 1759906329635
10-08 12:22:09.695  1110  1133 D BroadcastQueue: Add broadcast <BroadcastRecord{cbb05c6 u-1 android.intent.action.DROPBOX_ENTRY_ADDED}> into [ordered | background], pending size 0
10-08 12:22:09.695  1110  1133 D BroadcastQueue: Header is BroadcastRecord{cbb05c6 u-1 android.intent.action.DROPBOX_ENTRY_ADDED} now
10-08 12:22:09.695  1110  1223 I DropBoxManagerService: add tag=SYSTEM_TOMBSTONE_PROTO isTagEnabled=true flags=0x4
10-08 12:22:09.696  1110  1133 D BroadcastQueue: Add broadcast <BroadcastRecord{12aa4dd u-1 android.intent.action.DROPBOX_ENTRY_ADDED}> into [parallel | background], pending size 1
10-08 12:22:09.697  1110  1133 D BroadcastQueue: Add broadcast <BroadcastRecord{360a723 u-1 android.intent.action.DROPBOX_ENTRY_ADDED}> into [ordered | background], pending size 1
10-08 12:22:09.697  1110  1133 D BroadcastQueue: Header is BroadcastRecord{cbb05c6 u-1 android.intent.action.DROPBOX_ENTRY_ADDED} now
10-08 12:22:09.697  1110  1136 D SSense  : windowsChanged
10-08 12:22:09.697  1110  1150 D BroadcastQueue: Done with parallel broadcast [background] [BroadcastRecord{89dbc08 u-1 android.intent.action.DROPBOX_ENTRY_ADDED}, BroadcastRecord{12aa4dd u-1 android.intent.action.DROPBOX_ENTRY_ADDED}]
10-08 12:22:09.698  1110  1150 W BroadcastQueue: Background execution not allowed: receiving Intent { act=android.intent.action.DROPBOX_ENTRY_ADDED flg=0x10 (has extras) } to com.google.android.gms/.stats.service.DropBoxEntryAddedReceiver
10-08 12:22:09.698  1110  1150 D BroadcastQueue: Finished with ordered broadcast BroadcastRecord{cbb05c6 u-1 android.intent.action.DROPBOX_ENTRY_ADDED} receivers:([ResolveInfo{b260420 com.google.android.gms/.stats.service.DropBoxEntryAddedReceiver m=0x108000}]) take 0ms in [background], remains 0
10-08 12:22:09.698  1110  1150 W BroadcastQueue: Background execution not allowed: receiving Intent { act=android.intent.action.DROPBOX_ENTRY_ADDED flg=0x10 (has extras) } to com.google.android.gms/.stats.service.DropBoxEntryAddedReceiver
10-08 12:22:09.698  1110  1150 D BroadcastQueue: Finished with ordered broadcast BroadcastRecord{360a723 u-1 android.intent.action.DROPBOX_ENTRY_ADDED} receivers:([ResolveInfo{531b1d9 com.google.android.gms/.stats.service.DropBoxEntryAddedReceiver m=0x108000}]) take 0ms in [background], remains -1
10-08 12:22:09.716  1110  1133 D BroadcastQueue: Add broadcast <BroadcastRecord{a3c3738 u-1 android.intent.action.DROPBOX_ENTRY_ADDED}> into [parallel | background], pending size 0
10-08 12:22:09.716  1110  1133 D BroadcastQueue: Add broadcast <BroadcastRecord{1c6c311 u-1 android.intent.action.DROPBOX_ENTRY_ADDED}> into [ordered | background], pending size 0
10-08 12:22:09.716  1110  1133 D BroadcastQueue: Header is BroadcastRecord{1c6c311 u-1 android.intent.action.DROPBOX_ENTRY_ADDED} now
10-08 12:22:09.717  1110  1150 D BroadcastQueue: Done with parallel broadcast [background] [BroadcastRecord{a3c3738 u-1 android.intent.action.DROPBOX_ENTRY_ADDED}]
10-08 12:22:09.717  1110  1150 W BroadcastQueue: Background execution not allowed: receiving Intent { act=android.intent.action.DROPBOX_ENTRY_ADDED flg=0x10 (has extras) } to com.google.android.gms/.stats.service.DropBoxEntryAddedReceiver
10-08 12:22:09.718  1110  1150 D BroadcastQueue: Finished with ordered broadcast BroadcastRecord{1c6c311 u-1 android.intent.action.DROPBOX_ENTRY_ADDED} receivers:([ResolveInfo{1366c76 com.google.android.gms/.stats.service.DropBoxEntryAddedReceiver m=0x108000}]) take 0ms in [background], remains -1
10-08 12:22:09.742  1110  8169 I ActivityManager: Process com.gig_tech (pid 8156) has died: fg  TOP 
10-08 12:22:09.742  1110  2536 I WindowManager: WIN DEATH: Window{6235145 u0 com.gig_tech/com.gig_tech.MainActivity}
10-08 12:22:09.752  1110  2051 D PreforkProcessScene: execution function name:schedStartPreForkedProcesses
10-08 12:22:09.752  1110  2051 D PreforkProcessScene: schedStartPreForkedProcesses
10-08 12:22:09.778  1110  1137 W WindowManager: Failed to deliver inset state change to w=Window{6235145 u0 com.gig_tech/com.gig_tech.MainActivity EXITING}
10-08 12:22:09.778  1110  1137 W WindowManager: android.os.DeadObjectException
10-08 12:22:09.778  1110  1137 W WindowManager: 	at android.os.BinderProxy.transactNative(Native Method)
10-08 12:22:09.778  1110  1137 W WindowManager: 	at android.os.BinderProxy.transact(BinderProxy.java:595)
10-08 12:22:09.778  1110  1137 W WindowManager: 	at android.view.IWindow$Stub$Proxy.insetsControlChanged(IWindow.java:473)
10-08 12:22:09.778  1110  1137 W WindowManager: 	at com.android.server.wm.WindowState.notifyInsetsControlChanged(WindowState.java:4043)
10-08 12:22:09.778  1110  1137 W WindowManager: 	at com.android.server.wm.InsetsStateController.lambda$notifyPendingInsetsControlChanged$5$com-android-server-wm-InsetsStateController(InsetsStateController.java:354)
10-08 12:22:09.778  1110  1137 W WindowManager: 	at com.android.server.wm.InsetsStateController$$ExternalSyntheticLambda4.run(Unknown Source:2)
10-08 12:22:09.778  1110  1137 W WindowManager: 	at com.android.server.wm.WindowAnimator.executeAfterPrepareSurfacesRunnables(WindowAnimator.java:345)
10-08 12:22:09.778  1110  1137 W WindowManager: 	at com.android.server.wm.WindowAnimator.animate(WindowAnimator.java:226)
10-08 12:22:09.778  1110  1137 W WindowManager: 	at com.android.server.wm.WindowAnimator.lambda$new$1$com-android-server-wm-WindowAnimator(WindowAnimator.java:106)
10-08 12:22:09.778  1110  1137 W WindowManager: 	at com.android.server.wm.WindowAnimator$$ExternalSyntheticLambda1.doFrame(Unknown Source:2)
10-08 12:22:09.778  1110  1137 W WindowManager: 	at android.view.Choreographer$CallbackRecord.run(Choreographer.java:1232)
10-08 12:22:09.778  1110  1137 W WindowManager: 	at android.view.Choreographer$CallbackRecord.run(Choreographer.java:1242)
10-08 12:22:09.778  1110  1137 W WindowManager: 	at android.view.Choreographer.doCallbacks(Choreographer.java:902)
10-08 12:22:09.778  1110  1137 W WindowManager: 	at android.view.Choreographer.doFrame(Choreographer.java:830)
10-08 12:22:09.778  1110  1137 W WindowManager: 	at android.view.Choreographer$FrameDisplayEventReceiver.run(Choreographer.java:1217)
10-08 12:22:09.778  1110  1137 W WindowManager: 	at android.os.Handler.handleCallback(Handler.java:942)
10-08 12:22:09.778  1110  1137 W WindowManager: 	at android.os.Handler.dispatchMessage(Handler.java:99)
10-08 12:22:09.778  1110  1137 W WindowManager: 	at android.os.Looper.loopOnce(Looper.java:201)
10-08 12:22:09.778  1110  1137 W WindowManager: 	at android.os.Looper.loop(Looper.java:288)
10-08 12:22:09.778  1110  1137 W WindowManager: 	at android.os.HandlerThread.run(HandlerThread.java:67)
10-08 12:22:09.778  1110  1137 W WindowManager: 	at com.android.server.ServiceThread.run(ServiceThread.java:44)
10-08 12:22:09.780  1110  1137 D WindowManager: Setting visibility of Window{f41b84e u0 com.android.systemui.ImageWallpaper}: true
10-08 12:22:09.780  1110  1137 D WindowManager: java.lang.Exception
10-08 12:22:09.780  1110  1137 D WindowManager: 	at com.android.server.wm.WindowState.sendAppVisibilityToClients(WindowState.java:3525)
10-08 12:22:09.780  1110  1137 D WindowManager: 	at com.android.server.wm.WindowContainer.sendAppVisibilityToClients(WindowContainer.java:1201)
10-08 12:22:09.780  1110  1137 D WindowManager: 	at com.android.server.wm.WindowToken.setClientVisible(WindowToken.java:398)
10-08 12:22:09.780  1110  1137 D WindowManager: 	at com.android.server.wm.WallpaperWindowToken.setVisible(WallpaperWindowToken.java:153)
10-08 12:22:09.780  1110  1137 D WindowManager: 	at com.android.server.wm.WallpaperWindowToken.commitVisibility(WallpaperWindowToken.java:195)
10-08 12:22:09.780  1110  1137 D WindowManager: 	at com.android.server.wm.WallpaperWindowToken.setVisibility(WallpaperWindowToken.java:180)
10-08 12:22:09.780  1110  1137 D WindowManager: 	at com.android.server.wm.WallpaperWindowToken.updateWallpaperWindows(WallpaperWindowToken.java:110)
10-08 12:22:09.780  1110  1137 D WindowManager: 	at com.android.server.wm.WallpaperController.updateWallpaperTokens(WallpaperController.java:661)
10-08 12:22:09.780  1110  1137 D WindowManager: 	at com.android.server.wm.WallpaperController.adjustWallpaperWindows(WallpaperController.java:702)
10-08 12:22:09.780  1110  1137 D WindowManager: 	at com.android.server.wm.DisplayContent.applySurfaceChangesTransaction(DisplayContent.java:4695)
10-08 12:22:09.780  1110  1137 D WindowManager: 	at com.android.server.wm.RootWindowContainer.applySurfaceChangesTransaction(RootWindowContainer.java:1038)
10-08 12:22:09.780  1110  1137 D WindowManager: 	at com.android.server.wm.RootWindowContainer.performSurfacePlacementNoTrace(RootWindowContainer.java:841)
10-08 12:22:09.780  1110  1137 D WindowManager: 	at com.android.server.wm.RootWindowContainer.performSurfacePlacement(RootWindowContainer.java:801)
10-08 12:22:09.780  1110  1137 D WindowManager: 	at com.android.server.wm.WindowSurfacePlacer.performSurfacePlacementLoop(WindowSurfacePlacer.java:179)
10-08 12:22:09.780  1110  1137 D WindowManager: 	at com.android.server.wm.WindowSurfacePlacer.performSurfacePlacement(WindowSurfacePlacer.java:128)
10-08 12:22:09.780  1110  1137 D WindowManager: 	at com.android.server.wm.WindowSurfacePlacer.performSurfacePlacement(WindowSurfacePlacer.java:117)
10-08 12:22:09.780  1110  1137 D WindowManager: 	at com.android.server.wm.WindowSurfacePlacer$Traverser.run(WindowSurfacePlacer.java:59)
10-08 12:22:09.780  1110  1137 D WindowManager: 	at android.os.Handler.handleCallback(Handler.java:942)
10-08 12:22:09.780  1110  1137 D WindowManager: 	at android.os.Handler.dispatchMessage(Handler.java:99)
10-08 12:22:09.780  1110  1137 D WindowManager: 	at android.os.Looper.loopOnce(Looper.java:201)
10-08 12:22:09.780  1110  1137 D WindowManager: 	at android.os.Looper.loop(Looper.java:288)
10-08 12:22:09.780  1110  1137 D WindowManager: 	at android.os.HandlerThread.run(HandlerThread.java:67)
10-08 12:22:09.780  1110  1137 D WindowManager: 	at com.android.server.ServiceThread.run(ServiceThread.java:44)
10-08 12:22:09.784  1110  1137 W WindowManager: Exception thrown during dispatchAppVisibility Window{6235145 u0 com.gig_tech/com.gig_tech.MainActivity EXITING}
10-08 12:22:09.784  1110  1137 W WindowManager: android.os.DeadObjectException
10-08 12:22:09.784  1110  1137 W WindowManager: 	at android.os.BinderProxy.transactNative(Native Method)
10-08 12:22:09.784  1110  1137 W WindowManager: 	at android.os.BinderProxy.transact(BinderProxy.java:595)
10-08 12:22:09.784  1110  1137 W WindowManager: 	at android.view.IWindow$Stub$Proxy.dispatchAppVisibility(IWindow.java:536)
10-08 12:22:09.784  1110  1137 W WindowManager: 	at com.android.server.wm.WindowState.sendAppVisibilityToClients(WindowState.java:3530)
10-08 12:22:09.784  1110  1137 W WindowManager: 	at com.android.server.wm.WindowContainer.sendAppVisibilityToClients(WindowContainer.java:1201)
10-08 12:22:09.784  1110  1137 W WindowManager: 	at com.android.server.wm.WindowToken.setClientVisible(WindowToken.java:398)
10-08 12:22:09.784  1110  1137 W WindowManager: 	at com.android.server.wm.ActivityRecord.setClientVisible(ActivityRecord.java:6639)
10-08 12:22:09.784  1110  1137 W WindowManager: 	at com.android.server.wm.ActivityRecord.onAnimationFinished(ActivityRecord.java:7426)
10-08 12:22:09.784  1110  1137 W WindowManager: 	at com.android.server.wm.ActivityRecord.postApplyAnimation(ActivityRecord.java:5338)
10-08 12:22:09.784  1110  1137 W WindowManager: 	at com.android.server.wm.ActivityRecord.commitVisibility(ActivityRecord.java:5310)
10-08 12:22:09.784  1110  1137 W WindowManager: 	at com.android.server.wm.ActivityRecord.commitVisibility(ActivityRecord.java:5314)
10-08 12:22:09.784  1110  1137 W WindowManager: 	at com.android.server.wm.AppTransitionController.handleClosingApps(AppTransitionController.java:1130)
10-08 12:22:09.784  1110  1137 W WindowManager: 	at com.android.server.wm.AppTransitionController.handleAppTransitionReady(AppTransitionController.java:296)
10-08 12:22:09.784  1110  1137 W WindowManager: 	at com.android.server.wm.RootWindowContainer.checkAppTransitionReady(RootWindowContainer.java:992)
10-08 12:22:09.784  1110  1137 W WindowManager: 	at com.android.server.wm.RootWindowContainer.performSurfacePlacementNoTrace(RootWindowContainer.java:859)
10-08 12:22:09.784  1110  1137 W WindowManager: 	at com.android.server.wm.RootWindowContainer.performSurfacePlacement(RootWindowContainer.java:801)
10-08 12:22:09.784  1110  1137 W WindowManager: 	at com.android.server.wm.WindowSurfacePlacer.performSurfacePlacementLoop(WindowSurfacePlacer.java:179)
10-08 12:22:09.784  1110  1137 W WindowManager: 	at com.android.server.wm.WindowSurfacePlacer.performSurfacePlacement(WindowSurfacePlacer.java:128)
10-08 12:22:09.784  1110  1137 W WindowManager: 	at com.android.server.wm.WindowSurfacePlacer.performSurfacePlacement(WindowSurfacePlacer.java:117)
10-08 12:22:09.784  1110  1137 W WindowManager: 	at com.android.server.wm.WindowSurfacePlacer$Traverser.run(WindowSurfacePlacer.java:59)
10-08 12:22:09.784  1110  1137 W WindowManager: 	at android.os.Handler.handleCallback(Handler.java:942)
10-08 12:22:09.784  1110  1137 W WindowManager: 	at android.os.Handler.dispatchMessage(Handler.java:99)
10-08 12:22:09.784  1110  1137 W WindowManager: 	at android.os.Looper.loopOnce(Looper.java:201)
10-08 12:22:09.784  1110  1137 W WindowManager: 	at android.os.Looper.loop(Looper.java:288)
10-08 12:22:09.784  1110  1137 W WindowManager: 	at android.os.HandlerThread.run(HandlerThread.java:67)
10-08 12:22:09.784  1110  1137 W WindowManager: 	at com.android.server.ServiceThread.run(ServiceThread.java:44)
10-08 12:22:09.787  1110  1518 D AppStartScene: updateAPPMem: error pid= -1
10-08 12:22:09.796  1110  1136 W ActivityManager: setHasOverlayUi called on unknown pid: 8156
10-08 12:22:09.796  1110  8169 W WindowManager: Failed looking up window session=Session{3b677f 1408:u0a10155} callers=com.android.server.wm.WindowManagerService.windowForClientLocked:5997 com.android.server.wm.WindowManagerService.relayoutWindow:2266 com.android.server.wm.Session.relayout:261 
10-08 12:22:09.801  1110  4100 W WindowManager: Failed looking up window session=Session{3b677f 1408:u0a10155} callers=com.android.server.wm.WindowManagerService.windowForClientLocked:5997 com.android.server.wm.WindowManagerService.removeWindow:2059 com.android.server.wm.Session.remove:223 
10-08 12:22:09.802  1110  2051 W WindowManager: Failed looking up window session=Session{3b677f 1408:u0a10155} callers=com.android.server.wm.WindowManagerService.windowForClientLocked:5997 com.android.server.wm.Session.setOnBackInvokedCallbackInfo:943 android.view.IWindowSession$Stub.onTransact:1215 
10-08 12:22:09.802  1110  2051 E WindowManager: setOnBackInvokedCallback(): No window state for package:com.android.systemui
10-08 12:22:09.803  1110  1136 D SSense  : windowsChanged
10-08 12:22:10.180  1110  1136 W ActivityTaskManager: Activity top resumed state loss timeout for ActivityRecord{59b1deb u0 com.gig_tech/.MainActivity} t-1 d0 f}}
10-08 12:22:10.232  1110  1235 D AlarmManager: waitForAlarm result:8currentTime=1759906330232, elapsedRealtime=87756600
10-08 12:22:10.236  1110  1235 D AlarmManager: sending alarm.type = 3, action = com.google.android.gms.westworld.action.ALARM, alarm = Alarm{bd642dc type 3 origWhen 87721965 whenElapsed 87721965 com.google.android.gms}, cn = ComponentInfo{com.google.android.gms/com.google.android.gms.chimera.PersistentIntentOperationService}, operation = PendingIntent{ddcdb25: PendingIntentRecord{19e6f9d com.google.android.gms/com.google.android.gms.westworld startService}}, listener=null, listenerTag=null, workSource=null
10-08 12:22:10.237  1110  1235 D AlarmManager: sending alarm.type = 3, action = null, alarm = Alarm{4c1afe5 type 3 origWhen 87756600 whenElapsed 87756600 android}, cn = null, operation = null, listener=android.app.AlarmManager$ListenerWrapper@ef2587e, listenerTag=*job.delay*, workSource=WorkSource{10114 com.android.vending}
10-08 12:22:10.239  1110  1110 V AlarmManager: set(null) : type=3 listener=android.app.AlarmManager$ListenerWrapper@ef2587e listenerTag=*job.delay* workSource=WorkSource{10112 com.google.android.apps.messaging} callingPackage=android callingUid=1000 triggerAtTime=87806622 win=37512 tElapsed=87806622 maxElapsed=87844134 interval=0 flags=0x0
10-08 12:22:10.267  1110  3997 W ActivityManager: Unable to start service Intent { act=com.google.android.gms.semanticlocationhistory.service.START pkg=com.google.android.gms } U=0: not found
10-08 12:22:10.268  1110  3997 W ActivityManager: Unbind failed: could not find connection for android.os.BinderProxy@2e26561
10-08 12:22:10.371  1110  2536 D CompatibilityChangeReporter: Compat change id reported: 161252188; UID 10146; state: ENABLED
10-08 12:22:10.373  1110  2536 D CompatibilityChangeReporter: Compat change id reported: 135634846; UID 10146; state: DISABLED
10-08 12:22:10.373  1110  2536 D CompatibilityChangeReporter: Compat change id reported: 177438394; UID 10146; state: DISABLED
10-08 12:22:10.373  1110  2536 D CompatibilityChangeReporter: Compat change id reported: 135772972; UID 10146; state: DISABLED
10-08 12:22:10.373  1110  2536 D CompatibilityChangeReporter: Compat change id reported: 135754954; UID 10146; state: ENABLED
10-08 12:22:10.373  1110  1151 D ActivityManager: asking zygote to start proc:ProcessRecord{e14c2b 0:com.android.remoteprovisioner/u0a146}
10-08 12:22:10.373  1110  1151 D CompatibilityChangeReporter: Compat change id reported: 143937733; UID 10146; state: ENABLED
10-08 12:22:10.374  1110  1151 D PreforkProcessScene: execution function name:handlePreforkStartProcess
10-08 12:22:10.374  1110  1151 D PreforkProcessScene: handlePreforkStartProcess,args:PreforkArgs entryPoint= android.app.ActivityThread ,niceName = com.android.remoteprovisioner ,uid = 10146 ,gid = 10146 ,gids = [I@964b888 ,runtimeFlags = 19466240 ,mountExternal = 1 ,targetSdkVersion = 33 ,seInfo = default:privapp:targetSdkVersion=33:complete ,abi = arm64-v8a ,instructionSet = null ,appDataDir = /data/user/0/com.android.remoteprovisioner ,invokeWith = null ,pkgName = com.android.remoteprovisioner, zygotePolicyFlags = 0, isTopApp = false, mDisabledCompatChanges = 132649864135634846135772972143231523143539591161145287162547999166236554168419799169897160170233598174042936174042980174043039174227820174228127176926741176926753176926771176926829177438394178038272180326787180326845181136395182811243184838306185004937189229956189969734189969744189969749189969779189969782189970036189970038189970040191513214196254758202956589210856463218865702226439802247079863263076149266524688270306772270674727288845345288912692289878283291868760303742236308103782312399441351566728, pkgDataInfoMap = {com.android.remoteprovisioner=Pair{null 3228}}, whitelistedAppDataInfoMap = {com.google.android.gms=Pair{null 3049}}, bindMountAppStorageDirs = false, bindMountAppsData = true ,zygoteArgs = seq=1150
10-08 12:22:10.374  1110  1151 D PreforkProcessScene: isPackageSupportPreFork, procName:com.android.remoteprovisioner,isSupport:false
10-08 12:22:10.374  1110  1151 D Prefork : startResult is empty and running normal execution.
10-08 12:22:10.397  1110  1151 I ActivityManager: Start proc 8215:com.android.remoteprovisioner/u0a146 for service {com.android.remoteprovisioner/com.android.remoteprovisioner.service.GenerateRkpKeyService}
10-08 12:22:10.398  1110  1151 D PreforkProcessScene: execution function name:preforkStart
10-08 12:22:10.425  1110  2051 D CompatibilityChangeReporter: Compat change id reported: 168419799; UID 10146; state: DISABLED
10-08 12:22:10.456  1110  2536 D PackageManager: Considering set com.android.remoteprovisioner/androidx.work.impl.background.systemjob.SystemJobService's state as 1 with userId = 0, callingPackage = null
10-08 12:22:10.487  1110  3997 V AlarmManager: set(PendingIntent{9224afc: PendingIntentRecord{19e6f9d com.google.android.gms/com.google.android.gms.westworld startService}}) : type=3 listener=null listenerTag=null workSource=null callingPackage=com.google.android.gms callingUid=10113 triggerAtTime=91356854 win=2700000 tElapsed=91356854 maxElapsed=94056854 interval=0 flags=0x0
10-08 12:22:10.814  1110  4100 D CompatibilityChangeReporter: Compat change id reported: 161252188; UID 10240; state: ENABLED
10-08 12:22:10.815  1110  4100 I ActivityTaskManager: START u0 {act=android.intent.action.MAIN cat=[android.intent.category.LAUNCHER] flg=0x10200000 cmp=com.gig_tech/.MainActivity bnds=[28,180][190,420]} from uid 10061, pid 1639
10-08 12:22:10.819  1110  1518 D PerformanceDatabaseControl: queryMem pkgName = com.gig_tech
10-08 12:22:10.821  1110  1518 D AppStartScene: doFastKillForAppStart:com.gig_tech,memAvail:44
10-08 12:22:10.823  1110  4100 I ActivityTaskManager: ->startActivity for ActivityRecord{f931b13 u0 com.gig_tech/.MainActivity} t15862 d0} result:START_SUCCESS
10-08 12:22:10.827  1110  1136 D CompatibilityChangeReporter: Compat change id reported: 135634846; UID 10240; state: DISABLED
10-08 12:22:10.827  1110  1136 D CompatibilityChangeReporter: Compat change id reported: 177438394; UID 10240; state: DISABLED
10-08 12:22:10.827  1110  1136 D CompatibilityChangeReporter: Compat change id reported: 135772972; UID 10240; state: DISABLED
10-08 12:22:10.827  1110  1136 D CompatibilityChangeReporter: Compat change id reported: 135754954; UID 10240; state: ENABLED
10-08 12:22:10.827  1110  1151 D ActivityManager: asking zygote to start proc:ProcessRecord{581f855 0:com.gig_tech/u0a240}
10-08 12:22:10.828  1110  1151 D CompatibilityChangeReporter: Compat change id reported: 143937733; UID 10240; state: ENABLED
10-08 12:22:10.828  1110  1151 D PreforkProcessScene: execution function name:handlePreforkStartProcess
10-08 12:22:10.828  1110  1136 D SSense  : windowsChanged
10-08 12:22:10.828  1110  1151 D PreforkProcessScene: handlePreforkStartProcess,args:PreforkArgs entryPoint= android.app.ActivityThread ,niceName = com.gig_tech ,uid = 10240 ,gid = 10240 ,gids = [I@8bed26a ,runtimeFlags = 17377280 ,mountExternal = 1 ,targetSdkVersion = 35 ,seInfo = default:targetSdkVersion=35:complete ,abi = arm64-v8a ,instructionSet = arm64 ,appDataDir = /data/user/0/com.gig_tech ,invokeWith = null ,pkgName = com.gig_tech, zygotePolicyFlags = 1, isTopApp = true, mDisabledCompatChanges = 132649864135634846135772972143231523143539591161145287162547999166236554168419799169897160170233598174042936174042980174043039174227820174228127176926741176926753176926771176926829177438394178038272180326787180326845181136395182811243184838306185004937189229956189969734189969744189969749189969779189969782189970036189970038189970040191513214196254758210856463226439802288912692351566728, pkgDataInfoMap = {com.gig_tech=Pair{null 311197}}, whitelistedAppDataInfoMap = {com.google.android.gms=Pair{null 3049}}, bindMountAppStorageDirs = false, bindMountAppsData = true ,zygoteArgs = seq=1151
10-08 12:22:10.828  1110  1151 D PreforkProcessScene: isPackageSupportPreFork, procName:com.gig_tech,isSupport:false
10-08 12:22:10.828  1110  1151 D Prefork : startResult is empty and running normal execution.
10-08 12:22:10.840  1110  1137 D WindowManager: Focus not requested, because it has no surface or is not focusable, request window=Window{f2ce592 u0 com.motorola.launcher3/com.android.launcher3.CustomizationPanelLauncher}, mCurrentFocusWindow= f2ce592 com.motorola.launcher3/com.android.launcher3.CustomizationPanelLauncher
10-08 12:22:10.845  1110  2051 D CoreBackPreview: Window{53c691e u0 Splash Screen com.gig_tech}: Setting back callback OnBackInvokedCallbackInfo{mCallback=android.window.IOnBackInvokedCallback$Stub$Proxy@f9cd8eb, mPriority=0}
10-08 12:22:10.847  1110  1151 I ActivityManager: Start proc 8235:com.gig_tech/u0a240 for next-top-activity {com.gig_tech/com.gig_tech.MainActivity}
10-08 12:22:10.851  1110  1151 D PreforkProcessScene: execution function name:preforkStart
10-08 12:22:10.851  1110  1136 D SSense  : windowsChanged
10-08 12:22:10.891  1110  2536 D WindowManager: setFocusedApp mFocusedApp = ActivityRecord{f931b13 u0 com.gig_tech/.MainActivity} t15862 d0}displayId = 0Callers = com.android.server.wm.ActivityTaskManagerService.setResumedActivityUncheckLocked:4587 com.android.server.wm.TaskFragment.onActivityStateChanged:826 com.android.server.wm.ActivityRecord.setState:5477 com.android.server.wm.Task.minimalResumeActivityLocked:4804 
10-08 12:22:11.035  1110  1175 D AppOps  : RECORD_AUDIO-evalMode-op:27 ,mode: 4 ,capability: 8
10-08 12:22:11.037  1110  1175 D AppOps  : RECORD_AUDIO-evalMode-op:27 ,mode: 4 ,capability: 8
10-08 12:22:11.038  1110  1175 D AppOps  : RECORD_AUDIO-evalMode-op:27 ,mode: 4 ,capability: 8
10-08 12:22:11.038  1110  1175 D AppOps  : RECORD_AUDIO-evalMode-op:27 ,mode: 4 ,capability: 8
10-08 12:22:11.038  1110  1175 D AppOps  : CAMERAR-evalMode-op:26 ,mode: 4 ,capability: 8
10-08 12:22:11.038  1110  1175 D AppOps  : CAMERAR-evalMode-op:26 ,mode: 4 ,capability: 8
10-08 12:22:11.038  1110  1175 D AppOps  : CAMERAR-evalMode-op:26 ,mode: 4 ,capability: 8
10-08 12:22:11.039  1110  1175 D AppOps  : CAMERAR-evalMode-op:26 ,mode: 4 ,capability: 8
10-08 12:22:11.097  1110  1137 D WindowManager: Setting visibility of Window{f41b84e u0 com.android.systemui.ImageWallpaper}: false
10-08 12:22:11.097  1110  1137 D WindowManager: java.lang.Exception
10-08 12:22:11.097  1110  1137 D WindowManager: 	at com.android.server.wm.WindowState.sendAppVisibilityToClients(WindowState.java:3525)
10-08 12:22:11.097  1110  1137 D WindowManager: 	at com.android.server.wm.WindowContainer.sendAppVisibilityToClients(WindowContainer.java:1201)
10-08 12:22:11.097  1110  1137 D WindowManager: 	at com.android.server.wm.WindowToken.setClientVisible(WindowToken.java:398)
10-08 12:22:11.097  1110  1137 D WindowManager: 	at com.android.server.wm.WallpaperWindowToken.setVisible(WallpaperWindowToken.java:153)
10-08 12:22:11.097  1110  1137 D WindowManager: 	at com.android.server.wm.WallpaperWindowToken.updateWallpaperWindows(WallpaperWindowToken.java:147)
10-08 12:22:11.097  1110  1137 D WindowManager: 	at com.android.server.wm.WallpaperController.updateWallpaperTokens(WallpaperController.java:661)
10-08 12:22:11.097  1110  1137 D WindowManager: 	at com.android.server.wm.WallpaperController.adjustWallpaperWindows(WallpaperController.java:702)
10-08 12:22:11.097  1110  1137 D WindowManager: 	at com.android.server.wm.DisplayContent.applySurfaceChangesTransaction(DisplayContent.java:4695)
10-08 12:22:11.097  1110  1137 D WindowManager: 	at com.android.server.wm.RootWindowContainer.applySurfaceChangesTransaction(RootWindowContainer.java:1038)
10-08 12:22:11.097  1110  1137 D WindowManager: 	at com.android.server.wm.RootWindowContainer.performSurfacePlacementNoTrace(RootWindowContainer.java:841)
10-08 12:22:11.097  1110  1137 D WindowManager: 	at com.android.server.wm.RootWindowContainer.performSurfacePlacement(RootWindowContainer.java:801)
10-08 12:22:11.097  1110  1137 D WindowManager: 	at com.android.server.wm.WindowSurfacePlacer.performSurfacePlacementLoop(WindowSurfacePlacer.java:179)
10-08 12:22:11.097  1110  1137 D WindowManager: 	at com.android.server.wm.WindowSurfacePlacer.performSurfacePlacement(WindowSurfacePlacer.java:128)
10-08 12:22:11.097  1110  1137 D WindowManager: 	at com.android.server.wm.WindowSurfacePlacer.performSurfacePlacement(WindowSurfacePlacer.java:117)
10-08 12:22:11.097  1110  1137 D WindowManager: 	at com.android.server.wm.WindowSurfacePlacer$Traverser.run(WindowSurfacePlacer.java:59)
10-08 12:22:11.097  1110  1137 D WindowManager: 	at android.os.Handler.handleCallback(Handler.java:942)
10-08 12:22:11.097  1110  1137 D WindowManager: 	at android.os.Handler.dispatchMessage(Handler.java:99)
10-08 12:22:11.097  1110  1137 D WindowManager: 	at android.os.Looper.loopOnce(Looper.java:201)
10-08 12:22:11.097  1110  1137 D WindowManager: 	at android.os.Looper.loop(Looper.java:288)
10-08 12:22:11.097  1110  1137 D WindowManager: 	at android.os.HandlerThread.run(HandlerThread.java:67)
10-08 12:22:11.097  1110  1137 D WindowManager: 	at com.android.server.ServiceThread.run(ServiceThread.java:44)
10-08 12:22:11.102  1110  1136 D SSense  : windowsChanged
10-08 12:22:11.108  8235  8256 F libc    : Fatal signal 6 (SIGABRT), code -1 (SI_QUEUE) in tid 8256 (pool-2-thread-1), pid 8235 (com.gig_tech)
10-08 12:22:11.125  1110  2051 D CoreBackPreview: Window{fcae8ab u0 com.gig_tech/com.gig_tech.MainActivity}: Setting back callback OnBackInvokedCallbackInfo{mCallback=android.window.IOnBackInvokedCallback$Stub$Proxy@4262a1, mPriority=0}
10-08 12:22:11.125  1110  4100 D PreforkProcessScene: execution function name:schedStartPreForkedProcesses
10-08 12:22:11.125  1110  4100 D PreforkProcessScene: schedStartPreForkedProcesses
10-08 12:22:11.134  1110  1136 D SSense  : windowsChanged
10-08 12:22:11.465  8273  8273 F DEBUG   : *** *** *** *** *** *** *** *** *** *** *** *** *** *** *** ***
10-08 12:22:11.465  8273  8273 F DEBUG   : Build fingerprint: 'motorola/sabahl_gin/sabahl:13/TLAS33.105-285-7/105-285-7:user/release-keys'
10-08 12:22:11.465  8273  8273 F DEBUG   : Revision: '0'
10-08 12:22:11.465  8273  8273 F DEBUG   : ABI: 'arm64'
10-08 12:22:11.465  8273  8273 F DEBUG   : Timestamp: 2025-10-08 12:22:11.186706117+0530
10-08 12:22:11.466  8273  8273 F DEBUG   : Process uptime: 1s
10-08 12:22:11.466  8273  8273 F DEBUG   : Cmdline: com.gig_tech
10-08 12:22:11.466  8273  8273 F DEBUG   : pid: 8235, tid: 8256, name: pool-2-thread-1  >>> com.gig_tech <<<
10-08 12:22:11.466  8273  8273 F DEBUG   : uid: 10240
10-08 12:22:11.466  8273  8273 F DEBUG   : signal 6 (SIGABRT), code -1 (SI_QUEUE), fault addr --------
10-08 12:22:11.466  8273  8273 F DEBUG   : Abort message: 'terminating due to uncaught exception of type std::length_error: vector'
10-08 12:22:11.466  8273  8273 F DEBUG   :     x0  0000000000000000  x1  0000000000002040  x2  0000000000000006  x3  00000073e2b80cb0
10-08 12:22:11.466  8273  8273 F DEBUG   :     x4  646277641f736766  x5  646277641f736766  x6  646277641f736766  x7  7f7f7f7f7f7f7f7f
10-08 12:22:11.466  8273  8273 F DEBUG   :     x8  00000000000000f0  x9  00000074cd8d1af0  x10 0000000000000001  x11 00000074cd945e70
10-08 12:22:11.466  8273  8273 F DEBUG   :     x12 00000000010455ee  x13 00000213447b5b2b  x14 000631f4d1041980  x15 0000000026762762
10-08 12:22:11.467  8273  8273 F DEBUG   :     x16 00000074cd9b5a40  x17 00000074cd98eb10  x18 00000072feca8000  x19 000000000000202b
10-08 12:22:11.467  8273  8273 F DEBUG   :     x20 0000000000002040  x21 00000000ffffffff  x22 00000073e2b80de0  x23 00000073e2b80e20
10-08 12:22:11.467  8273  8273 F DEBUG   :     x24 00000073e2b80ed0  x25 00000073e2b84000  x26 b4000073e66cd200  x27 b4000073ec97f4a0
10-08 12:22:11.467  8273  8273 F DEBUG   :     x28 b4000073e67313a0  x29 00000073e2b80d30
10-08 12:22:11.467  8273  8273 F DEBUG   :     lr  00000074cd936988  sp  00000073e2b80c90  pc  00000074cd9369b4  pst 0000000000000000
10-08 12:22:11.467  8273  8273 F DEBUG   : backtrace:
10-08 12:22:11.467  8273  8273 F DEBUG   :       #00 pc 000000000008c9b4  /apex/com.android.runtime/lib64/bionic/libc.so (abort+164) (BuildId: 21cd09af0ad2ccf35d6b8ba2d064b3c4)
10-08 12:22:11.467  8273  8273 F DEBUG   :       #01 pc 00000000000a0210  /data/app/~~73ntv4_HpNNboQs_erOa1A==/com.gig_tech-rPUqmUKrWrq1Jr2ZFBQSxQ==/base.apk!libc++_shared.so (BuildId: 6783a7f3a0d9c67c55a74cadc441ed55aaa493da)
10-08 12:22:11.467  8273  8273 F DEBUG   :       #02 pc 000000000009eeb0  /data/app/~~73ntv4_HpNNboQs_erOa1A==/com.gig_tech-rPUqmUKrWrq1Jr2ZFBQSxQ==/base.apk!libc++_shared.so (BuildId: 6783a7f3a0d9c67c55a74cadc441ed55aaa493da)
10-08 12:22:11.467  8273  8273 F DEBUG   :       #03 pc 000000000009f374  /data/app/~~73ntv4_HpNNboQs_erOa1A==/com.gig_tech-rPUqmUKrWrq1Jr2ZFBQSxQ==/base.apk!libc++_shared.so (BuildId: 6783a7f3a0d9c67c55a74cadc441ed55aaa493da)
10-08 12:22:11.468  8273  8273 F DEBUG   :       #04 pc 000000000009f314  /data/app/~~73ntv4_HpNNboQs_erOa1A==/com.gig_tech-rPUqmUKrWrq1Jr2ZFBQSxQ==/base.apk!libc++_shared.so (std::terminate()+56) (BuildId: 6783a7f3a0d9c67c55a74cadc441ed55aaa493da)
10-08 12:22:11.468  8273  8273 F DEBUG   :       #05 pc 0000000000146024  /data/app/~~73ntv4_HpNNboQs_erOa1A==/com.gig_tech-rPUqmUKrWrq1Jr2ZFBQSxQ==/base.apk!libappmodules.so (BuildId: 0cef276504644e6a81046d6ff243cb15b49329a1)
10-08 12:22:11.468  8273  8273 F DEBUG   :       #06 pc 000000000016cb3c  /data/app/~~73ntv4_HpNNboQs_erOa1A==/com.gig_tech-rPUqmUKrWrq1Jr2ZFBQSxQ==/base.apk!libappmodules.so (void facebook::react::RawPropsParser::prepare<facebook::react::RNMapsWMSTileProps>()+1472) (BuildId: 0cef276504644e6a81046d6ff243cb15b49329a1)
10-08 12:22:11.468  8273  8273 F DEBUG   :       #07 pc 000000000016c4e8  /data/app/~~73ntv4_HpNNboQs_erOa1A==/com.gig_tech-rPUqmUKrWrq1Jr2ZFBQSxQ==/base.apk!libappmodules.so (BuildId: 0cef276504644e6a81046d6ff243cb15b49329a1)
10-08 12:22:11.468  8273  8273 F DEBUG   :       #08 pc 000000000016c43c  /data/app/~~73ntv4_HpNNboQs_erOa1A==/com.gig_tech-rPUqmUKrWrq1Jr2ZFBQSxQ==/base.apk!libappmodules.so (_ZN8facebook5react38concreteComponentDescriptorConstructorINS0_27ConcreteComponentDescriptorINS0_22ConcreteViewShadowNodeIXadsoKcL_ZNS0_26RNMapsWMSTileComponentNameEEEENS0_18RNMapsWMSTilePropsENS0_25RNMapsWMSTileEventEmitterENS0_18RNMapsWMSTileStateEEEEEEENSt6__ndk110unique_ptrIKNS0_19ComponentDescriptorENSA_14default_deleteISD_EEEERKNS0_29ComponentDescriptorParametersE+36) (BuildId: 0cef276504644e6a81046d6ff243cb15b49329a1)
10-08 12:22:11.468  8273  8273 F DEBUG   :       #09 pc 00000000003da7dc  /data/app/~~73ntv4_HpNNboQs_erOa1A==/com.gig_tech-rPUqmUKrWrq1Jr2ZFBQSxQ==/base.apk!libreactnative.so (facebook::react::ComponentDescriptorRegistry::add(facebook::react::ComponentDescriptorProvider) const+148) (BuildId: 441a65d3ffa61685)
10-08 12:22:11.468  8273  8273 F DEBUG   :       #10 pc 00000000003da1e4  /data/app/~~73ntv4_HpNNboQs_erOa1A==/com.gig_tech-rPUqmUKrWrq1Jr2ZFBQSxQ==/base.apk!libreactnative.so (facebook::react::ComponentDescriptorProviderRegistry::createComponentDescriptorRegistry(facebook::react::ComponentDescriptorParameters const&) const+352) (BuildId: 441a65d3ffa61685)
10-08 12:22:11.468  8273  8273 F DEBUG   :       #11 pc 00000000003bac64  /data/app/~~73ntv4_HpNNboQs_erOa1A==/com.gig_tech-rPUqmUKrWrq1Jr2ZFBQSxQ==/base.apk!libreactnative.so (BuildId: 441a65d3ffa61685)
10-08 12:22:11.468  8273  8273 F DEBUG   :       #12 pc 000000000041f118  /data/app/~~73ntv4_HpNNboQs_erOa1A==/com.gig_tech-rPUqmUKrWrq1Jr2ZFBQSxQ==/base.apk!libreactnative.so (facebook::react::Scheduler::Scheduler(facebook::react::SchedulerToolbox const&, facebook::react::UIManagerAnimationDelegate*, facebook::react::SchedulerDelegate*)+2136) (BuildId: 441a65d3ffa61685)
10-08 12:22:11.469  8273  8273 F DEBUG   :       #13 pc 00000000002ab714  /data/app/~~73ntv4_HpNNboQs_erOa1A==/com.gig_tech-rPUqmUKrWrq1Jr2ZFBQSxQ==/base.apk!libreactnative.so (facebook::react::FabricUIManagerBinding::installFabricUIManager(facebook::jni::alias_ref<facebook::jni::detail::JTypeFor<facebook::jni::HybridClass<facebook::react::JRuntimeExecutor, facebook::jni::detail::BaseHybridClass>::JavaPart, facebook::jni::JObject, void>::_javaobject*>, facebook::jni::alias_ref<facebook::jni::detail::JTypeFor<facebook::jni::HybridClass<facebook::react::JRuntimeScheduler, facebook::jni::detail::BaseHybridClass>::JavaPart, facebook::jni::JObject, void>::_javaobject*>, facebook::jni::alias_ref<facebook::jni::detail::JTypeFor<facebook::react::JFabricUIManager, facebook::jni::JObject, void>::_javaobject*>, facebook::react::EventBeatManager*, facebook::react::ComponentFactory*)+3140) (BuildId: 441a65d3ffa61685)
10-08 12:22:11.469  8273  8273 F DEBUG   :       #14 pc 00000000002b0a14  /data/app/~~73ntv4_HpNNboQs_erOa1A==/com.gig_tech-rPUqmUKrWrq1Jr2ZFBQSxQ==/base.apk!libreactnative.so (facebook::jni::detail::MethodWrapper<void (facebook::react::FabricUIManagerBinding::*)(facebook::jni::alias_ref<facebook::jni::detail::JTypeFor<facebook::jni::HybridClass<facebook::react::JRuntimeExecutor, facebook::jni::detail::BaseHybridClass>::JavaPart, facebook::jni::JObject, void>::_javaobject*>, facebook::jni::alias_ref<facebook::jni::detail::JTypeFor<facebook::jni::HybridClass<facebook::react::JRuntimeScheduler, facebook::jni::detail::BaseHybridClass>::JavaPart, facebook::jni::JObject, void>::_javaobject*>, facebook::jni::alias_ref<facebook::jni::detail::JTypeFor<facebook::react::JFabricUIManager, facebook::jni::JObject, void>::_javaobject*>, facebook::react::EventBeatManager*, facebook::react::ComponentFactory*), &(facebook::react::FabricUIManagerBinding::installFabricUIManager(facebook::jni::alias_ref<facebook::jni::detail::JTypeFor<facebook::jni::HybridClass<facebook::react::JRuntimeExecutor, facebook::jni::detail::BaseHybridClass>::JavaPart, facebook::jni::JObject, void>::_javaobject*>, facebook::jni::alias_ref<facebook::jni::detail::JTypeFor<facebook::jni::HybridClass<facebook::react::JRuntimeScheduler, facebook::jni::detail::BaseHybridClass>::JavaPart, facebook::jni::JObject, void>::_javaobject*>, facebook::jni::alias_ref<facebook::jni::detail::JTypeFor<facebook::react::JFabricUIManager, facebook::jni::JObject, void>::_javaobject*>, facebook::react::EventBeatManager*, facebook::react::ComponentFactory*)), facebook::react::FabricUIManagerBinding, void, facebook::jni::alias_ref<facebook::jni::detail::JTypeFor<facebook::jni::HybridClass<facebook::react::JRuntimeExecutor, facebook::jni::detail::BaseHybridClass>::JavaPart, facebook::jni::JObject, void>::_javaobject*>, facebook::jni::alias_ref<facebook::jni::detail::JTypeFor<facebook::jni::HybridClass<facebook::react::JRuntimeScheduler, facebook::jni::detail::BaseHybridClass>::JavaPart, facebook::jni::JObject, void>::_javaobject*>, facebook::jni::alias_ref<facebook::jni::detail::JTypeFor<facebook::react::JFabricUIManager, facebook::jni::JObject, void>::_javaobject*>, facebook::react::EventBeatManager*, facebook::react::ComponentFactory*>::dispatch(facebook::jni::alias_ref<facebook::jni::detail::JTypeFor<facebook::jni::HybridClass<facebook::react::FabricUIManagerBinding, facebook::jni::detail::BaseHybridClass>::JavaPart, facebook::jni::JObject, void>::_javaobject*>, facebook::jni::alias_ref<facebook::jni::detail::JTypeFor<facebook::jni::HybridClass<facebook::react::JRuntimeExecutor, facebook::jni::detail::BaseHybridClass>::JavaPart, facebook::jni::JObject, void>::_javaobject*>&&, facebook::jni::alias_ref<facebook::jni::detail::JTypeFor<facebook::jni::HybridClass<facebook::react::JRuntimeScheduler, facebook::jni::detail::BaseHybridClass>::JavaPart, facebook::jni::JObject, void>::_javaobject*>&&, facebook::jni::alias_ref<facebook::jni::detail::JTypeFor<facebook::react::JFabricUIManager, facebook::jni::JObject, void>::_javaobject*>&&, facebook::react::EventBeatManager*&&, facebook::react::ComponentFactory*&&)+124) (BuildId: 441a65d3ffa61685)
10-08 12:22:11.470  8273  8273 F DEBUG   :       #15 pc 00000000002adc74  /data/app/~~73ntv4_HpNNboQs_erOa1A==/com.gig_tech-rPUqmUKrWrq1Jr2ZFBQSxQ==/base.apk!libreactnative.so (facebook::jni::detail::MethodWrapper<void (facebook::react::FabricUIManagerBinding::*)(facebook::jni::alias_ref<facebook::jni::detail::JTypeFor<facebook::jni::HybridClass<facebook::react::JRuntimeExecutor, facebook::jni::detail::BaseHybridClass>::JavaPart, facebook::jni::JObject, void>::_javaobject*>, facebook::jni::alias_ref<facebook::jni::detail::JTypeFor<facebook::jni::HybridClass<facebook::react::JRuntimeScheduler, facebook::jni::detail::BaseHybridClass>::JavaPart, facebook::jni::JObject, void>::_javaobject*>, facebook::jni::alias_ref<facebook::jni::detail::JTypeFor<facebook::react::JFabricUIManager, facebook::jni::JObject, void>::_javaobject*>, facebook::react::EventBeatManager*, facebook::react::ComponentFactory*), &(facebook::react::FabricUIManagerBinding::installFabricUIManager(facebook::jni::alias_ref<facebook::jni::detail::JTypeFor<facebook::jni::HybridClass<facebook::react::JRuntimeExecutor, facebook::jni::detail::BaseHybridClass>::JavaPart, facebook::jni::JObject, void>::_javaobject*>, facebook::jni::alias_ref<facebook::jni::detail::JTypeFor<facebook::jni::HybridClass<facebook::react::JRuntimeScheduler, facebook::jni::detail::BaseHybridClass>::JavaPart, facebook::jni::JObject, void>::_javaobject*>, facebook::jni::alias_ref<facebook::jni::detail::JTypeFor<facebook::react::JFabricUIManager, facebook::jni::JObject, void>::_javaobject*>, facebook::react::EventBeatManager*, facebook::react::ComponentFactory*)), facebook::react::FabricUIManagerBinding, void, facebook::jni::alias_ref<facebook::jni::detail::JTypeFor<facebook::jni::HybridClass<facebook::react::JRuntimeExecutor, facebook::jni::detail::BaseHybridClass>::JavaPart, facebook::jni::JObject, void>::_javaobject*>, facebook::jni::alias_ref<facebook::jni::detail::JTypeFor<facebook::jni::HybridClass<facebook::react::JRuntimeScheduler, facebook::jni::detail::BaseHybridClass>::JavaPart, facebook::jni::JObject, void>::_javaobject*>, facebook::jni::alias_ref<facebook::jni::detail::JTypeFor<facebook::react::JFabricUIManager, facebook::jni::JObject, void>::_javaobject*>, facebook::react::EventBeatManager*, facebook::react::ComponentFactory*>::call(_JNIEnv*, _jobject*, facebook::jni::detail::JTypeFor<facebook::jni::HybridClass<facebook::react::JRuntimeExecutor, facebook::jni::detail::BaseHybridClass>::JavaPart, facebook::jni::JObject, void>::_javaobject*, facebook::jni::detail::JTypeFor<facebook::jni::HybridClass<facebook::react::JRuntimeScheduler, facebook::jni::detail::BaseHybridClass>::JavaPart, facebook::jni::JObject, void>::_javaobject*, facebook::jni::detail::JTypeFor<facebook::react::JFabricUIManager, facebook::jni::JObject, void>::_javaobject*, facebook::jni::detail::JTypeFor<facebook::jni::HybridClass<facebook::react::EventBeatManager, facebook::jni::detail::BaseHybridClass>::JavaPart, facebook::jni::JObject, void>::_javaobject*, facebook::jni::detail::JTypeFor<facebook::jni::HybridClass<facebook::react::ComponentFactory, facebook::jni::detail::BaseHybridClass>::JavaPart, facebook::jni::JObject, void>::_javaobject*)+176) (BuildId: 441a65d3ffa61685)
10-08 12:22:11.470  8273  8273 F DEBUG   :       #16 pc 0000000000d6f724  /data/misc/apexdata/com.android.art/dalvik-cache/arm64/boot.oat (art_jni_trampoline+180)
10-08 12:22:11.470  8273  8273 F DEBUG   :       #17 pc 000000000068aa48  /apex/com.android.art/lib64/libart.so (nterp_helper+5848) (BuildId: eb4ec0f1d1c7267591d83fa87cb36390)
10-08 12:22:11.470  8273  8273 F DEBUG   :       #18 pc 00000000003f46e8  /data/app/~~73ntv4_HpNNboQs_erOa1A==/com.gig_tech-rPUqmUKrWrq1Jr2ZFBQSxQ==/oat/arm64/base.vdex (com.facebook.react.fabric.FabricUIManagerBinding.register+56)
10-08 12:22:11.471  8273  8273 F DEBUG   :       #19 pc 000000000068a9c8  /apex/com.android.art/lib64/libart.so (nterp_helper+5720) (BuildId: eb4ec0f1d1c7267591d83fa87cb36390)
10-08 12:22:11.471  8273  8273 F DEBUG   :       #20 pc 0000000000418376  /data/app/~~73ntv4_HpNNboQs_erOa1A==/com.gig_tech-rPUqmUKrWrq1Jr2ZFBQSxQ==/oat/arm64/base.vdex (com.facebook.react.runtime.ReactInstance.<init>+770)
10-08 12:22:11.471  8273  8273 F DEBUG   :       #21 pc 000000000068a9c8  /apex/com.android.art/lib64/libart.so (nterp_helper+5720) (BuildId: eb4ec0f1d1c7267591d83fa87cb36390)
10-08 12:22:11.471  8273  8273 F DEBUG   :       #22 pc 000000000041473c  /data/app/~~73ntv4_HpNNboQs_erOa1A==/com.gig_tech-rPUqmUKrWrq1Jr2ZFBQSxQ==/oat/arm64/base.vdex (com.facebook.react.runtime.ReactHostImpl.getOrCreateReactInstanceTask$lambda$41$lambda$38+104)
10-08 12:22:11.471  8273  8273 F DEBUG   :       #23 pc 00000000006893a4  /apex/com.android.art/lib64/libart.so (nterp_helper+52) (BuildId: eb4ec0f1d1c7267591d83fa87cb36390)
10-08 12:22:11.471  8273  8273 F DEBUG   :       #24 pc 00000000004146b8  /data/app/~~73ntv4_HpNNboQs_erOa1A==/com.gig_tech-rPUqmUKrWrq1Jr2ZFBQSxQ==/oat/arm64/base.vdex (com.facebook.react.runtime.ReactHostImpl.$r8$lambda$LQY77bFECGrnkUqd7Ku55sJ721A+0)
10-08 12:22:11.471  8273  8273 F DEBUG   :       #25 pc 00000000006893a4  /apex/com.android.art/lib64/libart.so (nterp_helper+52) (BuildId: eb4ec0f1d1c7267591d83fa87cb36390)
10-08 12:22:11.471  8273  8273 F DEBUG   :       #26 pc 0000000000412fd0  /data/app/~~73ntv4_HpNNboQs_erOa1A==/com.gig_tech-rPUqmUKrWrq1Jr2ZFBQSxQ==/oat/arm64/base.vdex (com.facebook.react.runtime.ReactHostImpl$$ExternalSyntheticLambda11.then+8)
10-08 12:22:11.471  8273  8273 F DEBUG   :       #27 pc 000000000068b0e4  /apex/com.android.art/lib64/libart.so (nterp_helper+7540) (BuildId: eb4ec0f1d1c7267591d83fa87cb36390)
10-08 12:22:11.471  8273  8273 F DEBUG   :       #28 pc 0000000000419f00  /data/app/~~73ntv4_HpNNboQs_erOa1A==/com.gig_tech-rPUqmUKrWrq1Jr2ZFBQSxQ==/oat/arm64/base.vdex (com.facebook.react.runtime.internal.bolts.Task$Companion.completeImmediately$lambda$3+0)
10-08 12:22:11.472  8273  8273 F DEBUG   :       #29 pc 00000000006893a4  /apex/com.android.art/lib64/libart.so (nterp_helper+52) (BuildId: eb4ec0f1d1c7267591d83fa87cb36390)
10-08 12:22:11.472  8273  8273 F DEBUG   :       #30 pc 0000000000419d3c  /data/app/~~73ntv4_HpNNboQs_erOa1A==/com.gig_tech-rPUqmUKrWrq1Jr2ZFBQSxQ==/oat/arm64/base.vdex (com.facebook.react.runtime.internal.bolts.Task$Companion.$r8$lambda$b7MTC0ufkn_2TjF4BGcNqGR9qK0+0)
10-08 12:22:11.472  8273  8273 F DEBUG   :       #31 pc 00000000006893a4  /apex/com.android.art/lib64/libart.so (nterp_helper+52) (BuildId: eb4ec0f1d1c7267591d83fa87cb36390)
10-08 12:22:11.472  8273  8273 F DEBUG   :       #32 pc 0000000000419a64  /data/app/~~73ntv4_HpNNboQs_erOa1A==/com.gig_tech-rPUqmUKrWrq1Jr2ZFBQSxQ==/oat/arm64/base.vdex (com.facebook.react.runtime.internal.bolts.Task$Companion$$ExternalSyntheticLambda3.run+12)
10-08 12:22:11.472  8273  8273 F DEBUG   :       #33 pc 000000000068b0e4  /apex/com.android.art/lib64/libart.so (nterp_helper+7540) (BuildId: eb4ec0f1d1c7267591d83fa87cb36390)
10-08 12:22:11.472  8273  8273 F DEBUG   :       #34 pc 0000000000419786  /data/app/~~73ntv4_HpNNboQs_erOa1A==/com.gig_tech-rPUqmUKrWrq1Jr2ZFBQSxQ==/oat/arm64/base.vdex (com.facebook.react.runtime.internal.bolts.Executors$ImmediateExecutor.execute+10)
10-08 12:22:11.472  8273  8273 F DEBUG   :       #35 pc 000000000068b0e4  /apex/com.android.art/lib64/libart.so (nterp_helper+7540) (BuildId: eb4ec0f1d1c7267591d83fa87cb36390)
10-08 12:22:11.472  8273  8273 F DEBUG   :       #36 pc 0000000000419f4e  /data/app/~~73ntv4_HpNNboQs_erOa1A==/com.gig_tech-rPUqmUKrWrq1Jr2ZFBQSxQ==/oat/arm64/base.vdex (com.facebook.react.runtime.internal.bolts.Task$Companion.completeImmediately+10)
10-08 12:22:11.472  8273  8273 F DEBUG   :       #37 pc 000000000068a2c4  /apex/com.android.art/lib64/libart.so (nterp_helper+3924) (BuildId: eb4ec0f1d1c7267591d83fa87cb36390)
10-08 12:22:11.472  8273  8273 F DEBUG   :       #38 pc 0000000000419d9c  /data/app/~~73ntv4_HpNNboQs_erOa1A==/com.gig_tech-rPUqmUKrWrq1Jr2ZFBQSxQ==/oat/arm64/base.vdex (com.facebook.react.runtime.internal.bolts.Task$Companion.access$completeImmediately+0)
10-08 12:22:11.472  8273  8273 F DEBUG   :       #39 pc 00000000006893a4  /apex/com.android.art/lib64/libart.so (nterp_helper+52) (BuildId: eb4ec0f1d1c7267591d83fa87cb36390)
10-08 12:22:11.472  8273  8273 F DEBUG   :       #40 pc 000000000041a466  /data/app/~~73ntv4_HpNNboQs_erOa1A==/com.gig_tech-rPUqmUKrWrq1Jr2ZFBQSxQ==/oat/arm64/base.vdex (com.facebook.react.runtime.internal.bolts.Task.continueWith+82)
10-08 12:22:11.472  8273  8273 F DEBUG   :       #41 pc 000000000068a2c4  /apex/com.android.art/lib64/libart.so (nterp_helper+3924) (BuildId: eb4ec0f1d1c7267591d83fa87cb36390)
