10-08 12:22:23.784 22086  7259 I NearbyMediums: This GATT advertisement BleAdvertisement { version=2, socketVersion=2, isFast=true, serviceIdHash=null, data=[ 0x23 0x5a 0x46 0x44 0x4c 0x11 0x32 0x9a 0x5e 0x15 0x41 0x9b 0xe4 0x1b 0x10 0x9d 0x6d 0xc6 0x0b 0xe5 0x05 0x73 0x4a ], deviceToken=[ 0xf1 0xa8 ], rxAdvertisement=[ 0xa0 0x17 0x3d 0xaf 0xd4 0xa7 0x9a 0xba 0x2b 0x06 0xfa 0xec 0xb9 0xe3 0xb9 0xd6 0x60 0xf6 0xd7 0x59 0x0d 0x66 0x61 0xa7 0xb7 0x25 0xe7 0xb4 0x84 0xec 0x3a 0x28 0x1d 0x54 0x84 0x15 0x05 0x71 0x00 0x00 0x84 0x15 0x06 0x61 0x00 0x00 0x84 0x15 0x04 0x71 0x00 0x00 0x83 0x15 0x01 0x16 0x1c ] } is a Fast Advertisement and matched UUID 0000fef3-0000-1000-8000-00805f9b34fb in fastAdvertisementServiceUuids map with serviceID NearbySharing
10-08 12:22:23.785 22086  7313 I NearbyConnections: Found BleAdvertisement [ 0x23 0x5a 0x46 0x44 0x4c 0x11 0x32 0x9a 0x5e 0x15 0x41 0x9b 0xe4 0x1b 0x10 0x9d 0x6d 0xc6 0x0b 0xe5 0x05 0x73 0x4a ] (with EndpointId ZFDL and EndpointInfo [ 0x32 0x9a 0x5e 0x15 0x41 0x9b 0xe4 0x1b 0x10 0x9d 0x6d 0xc6 0x0b 0xe5 0x05 0x73 0x4a ])
10-08 12:22:23.785 22086  7313 I NearbyConnections: ClientProxy(116309344 0p:com.google.android.gms.nearby.sharing) reporting onEndpointFound(ZFDL)
10-08 12:22:23.786 22086  7313 I NearbyConnections: ClientProxy(116309344) reporting onEndpointDistanceChanged(ZFDL, UNKNOWN)
10-08 12:22:23.786 22086  7259 I NearbySharing: NearbySharing Internal event EndpointDiscovered(endpointId=ZFDL)
10-08 12:22:24.029   630   980 D SensorHub: SPRD[734]processTypeEvent::DBG_VERBOSE[Light Sensor] lux = [15.988800]
10-08 12:22:24.351   630   980 D SensorHub: SPRD[734]processTypeEvent::DBG_VERBOSE[Light Sensor] lux = [15.988800]
10-08 12:22:24.411   630   980 D SensorHub: SPRD[726]processTypeEvent::DBG_VERBOSE[Accelerometer Sensor] bias_x=[-0.315850] bias_y=[0.065077] bias_z=[9.696670]
10-08 12:22:24.674   630   980 D SensorHub: SPRD[734]processTypeEvent::DBG_VERBOSE[Light Sensor] lux = [11.991600]
10-08 12:22:24.831  1110  1242 I InputReader: processEventsLocked: type=1 Count=6 code=330 value=1 deviceId=6 when=87771198557000
10-08 12:22:24.831  1110  1242 D InputReader: syncTouch: pointerCount 0 -> 1, touching ids 0x00000000 -> 0x80000000, hovering ids 0x00000000 -> 0x00000000, canceled ids 0x00000000
10-08 12:22:24.831  1110  1242 D InputReader: dispatchTouches action DOWN now(ns): 87771199260566
10-08 12:22:24.831  1110  1242 D InputReader: notifyMotion call dispatcher
10-08 12:22:24.833   637   637 D PowerHAL: ###Enter interaction_touch scene bgn###
10-08 12:22:24.833   637   637 D PowerHAL: Enter common_set: enable:1, duration: 500, /sys/devices/system/cpu/cpufreq/policy0/scaling_min_freq: 1612000
10-08 12:22:24.834   637   637 D PowerHAL: Enter common_set: enable:1, duration: 500, /sys/devices/system/cpu/cpufreq/policy0/scaling_max_freq: 1612000
10-08 12:22:24.834   637   637 D PowerHAL: Enter common_set: enable:1, duration: 500, /sys/devices/system/cpu/cpufreq/policy6/scaling_min_freq: 1612000
10-08 12:22:24.834   637   637 D PowerHAL: Enter common_set: enable:1, duration: 500, /sys/devices/system/cpu/cpufreq/policy6/scaling_max_freq: 1612000
10-08 12:22:24.834   637   637 D PowerHAL: ###Enter interaction_touch scene end###
10-08 12:22:24.894   630   980 D SensorHub: SPRD[726]processTypeEvent::DBG_VERBOSE[Accelerometer Sensor (WAKE_UP)] bias_x=[-0.296709] bias_y=[0.065077] bias_z=[9.773233]
10-08 12:22:24.916 22086 22086 D BoundBrokerSvc: onUnbind: Intent { act=com.google.android.gms.libs.gmscorelogger.service.START dat=chimera-action:/... cmp=com.google.android.gms/.chimera.PersistentDirectBootAwareApiService }
10-08 12:22:24.964   626   726 I DPUModule: DpuR5P0::checkLayerFormat <142>: checkLayerFormat: Format(1)
10-08 12:22:24.964   626   726 I DPUModule: DpuR5P0::checkTransform <35>: checkTransform: Transform(0), SRCRect(93,52)
10-08 12:22:24.964   626   726 I DPUModule: DpuR5P0::checkLayerFormat <142>: checkLayerFormat: Format(1)
10-08 12:22:24.964   626   726 I DPUModule: DpuR5P0::checkTransform <35>: checkTransform: Transform(0), SRCRect(0,0)
10-08 12:22:24.964   626   726 I DPUModule: DpuR5P0::checkAFBCBlockSize <97>: checkAFBCBlockSize: compressed(1),format(1), pitch(720), vstride(1600)
10-08 12:22:24.964   626   726 I DPUModule: DpuR5P0::checkLayerFormat <142>: checkLayerFormat: Format(1)
10-08 12:22:24.964   626   726 I DPUModule: DpuR5P0::checkTransform <35>: checkTransform: Transform(0), SRCRect(0,0)
10-08 12:22:24.964   626   726 I DPUModule: DpuR5P0::checkAFBCBlockSize <97>: checkAFBCBlockSize: compressed(1),format(1), pitch(720), vstride(48)
10-08 12:22:24.964   626   726 I DPUModule: DpuR5P0::checkLayerFormat <142>: checkLayerFormat: Format(1)
10-08 12:22:24.964   626   726 I DPUModule: DpuR5P0::checkTransform <35>: checkTransform: Transform(0), SRCRect(0,0)
10-08 12:22:24.964   626   726 I DPUModule: DpuR5P0::checkAFBCBlockSize <97>: checkAFBCBlockSize: compressed(1),format(1), pitch(720), vstride(96)
10-08 12:22:24.964   626   726 I DPUModule: DpuR5P0::checkLayerFormat <142>: checkLayerFormat: Format(1)
10-08 12:22:24.964   626   726 I DPUModule: DpuR5P0::checkTransform <35>: checkTransform: Transform(0), SRCRect(0,0)
10-08 12:22:24.964   626   726 I DPUModule: DpuR5P0::checkAFBCBlockSize <97>: checkAFBCBlockSize: compressed(1),format(1), pitch(720), vstride(48)
10-08 12:22:24.964   626   726 I DPUModule: DpuR5P0::checkLayerFormat <142>: checkLayerFormat: Format(1)
10-08 12:22:24.964   626   726 I DPUModule: DpuR5P0::checkTransform <35>: checkTransform: Transform(0), SRCRect(0,0)
10-08 12:22:24.964   626   726 I DPUModule: DpuR5P0::checkAFBCBlockSize <97>: checkAFBCBlockSize: compressed(1),format(1), pitch(720), vstride(48)
10-08 12:22:24.964   626   726 D DPUModule: [z] support: 0
10-08 12:22:24.981  1110  1242 I InputReader: processEventsLocked: type=3 Count=4 code=57 value=-1 deviceId=6 when=87771349020000
10-08 12:22:24.981  1110  1242 D InputReader: syncTouch: pointerCount 1 -> 0, touching ids 0x80000000 -> 0x00000000, hovering ids 0x00000000 -> 0x00000000, canceled ids 0x00000000
10-08 12:22:24.981  1110  1242 D InputReader: dispatchTouches action UP now(ns): 87771349196605
10-08 12:22:24.981  1110  1242 D InputReader: notifyMotion call dispatcher
10-08 12:22:24.982   637   637 D PowerHAL: ###Enter interaction_touch scene bgn###
10-08 12:22:24.982   637   637 D PowerHAL: Enter common_set: enable:1, duration: 500, /sys/devices/system/cpu/cpufreq/policy0/scaling_min_freq: 1612000
10-08 12:22:24.982   637   637 D PowerHAL: Enter common_set: enable:1, duration: 500, /sys/devices/system/cpu/cpufreq/policy0/scaling_max_freq: 1612000
10-08 12:22:24.982   637   637 D PowerHAL: Enter common_set: enable:1, duration: 500, /sys/devices/system/cpu/cpufreq/policy6/scaling_min_freq: 1612000
10-08 12:22:24.982   637   637 D PowerHAL: Enter common_set: enable:1, duration: 500, /sys/devices/system/cpu/cpufreq/policy6/scaling_max_freq: 1612000
10-08 12:22:24.982   637   637 D PowerHAL: ###Enter interaction_touch scene end###
10-08 12:22:24.985  1110  4900 D CompatibilityChangeReporter: Compat change id reported: 161252188; UID 10240; state: ENABLED
10-08 12:22:24.985  1110  4900 I ActivityTaskManager: START u0 {act=android.intent.action.MAIN cat=[android.intent.category.LAUNCHER] flg=0x10200000 cmp=com.gig_tech/.MainActivity bnds=[28,180][190,420]} from uid 10061, pid 1639
10-08 12:22:24.985  1110  1284 I AudioTrack: start(28): prior state:STATE_STOPPED
10-08 12:22:24.987  1639  1790 D IconPack: getIconPackContext error: 
10-08 12:22:24.987  1639  1790 D IconPack: android.content.pm.PackageManager$NameNotFoundException: Application package com.motorola.launcherconfig not found
10-08 12:22:24.987  1639  1790 D IconPack: 	at android.app.ContextImpl.createPackageContextAsUser(ContextImpl.java:2612)
10-08 12:22:24.987  1639  1790 D IconPack: 	at android.app.ContextImpl.createPackageContext(ContextImpl.java:2577)
10-08 12:22:24.987  1639  1790 D IconPack: 	at android.content.ContextWrapper.createPackageContext(ContextWrapper.java:1048)
10-08 12:22:24.987  1639  1790 D IconPack: 	at com.android.launcher3.icons.IconPack.getIconPackContext(IconPack.java:291)
10-08 12:22:24.987  1639  1790 D IconPack: 	at com.android.launcher3.icons.IconPack.getIconPackRes(IconPack.java:302)
10-08 12:22:24.987  1639  1790 D IconPack: 	at com.android.launcher3.icons.IconPack.getAppIcon(IconPack.java:270)
10-08 12:22:24.987  1639  1790 D IconPack: 	at com.android.launcher3.icons.CustomAppIcons.getCustomAppIcon(CustomAppIcons.java:89)
10-08 12:22:24.987  1639  1790 D IconPack: 	at com.android.launcher3.icons.CustomAppIcons.loadIcon(CustomAppIcons.java:129)
10-08 12:22:24.987  1639  1790 D IconPack: 	at com.android.launcher3.icons.IconProvider.getIconWithOverrides(IconProvider.java:164)
10-08 12:22:24.987  1639  1790 D IconPack: 	at com.android.launcher3.icons.IconProvider.getIcon(IconProvider.java:138)
10-08 12:22:24.987  1639  1790 D IconPack: 	at com.android.launcher3.Utilities.loadFullDrawableWithoutTheme(Utilities.java:1053)
10-08 12:22:24.987  1639  1790 D IconPack: 	at com.android.launcher3.Utilities.getFullDrawable(Utilities.java:1026)
10-08 12:22:24.987  1639  1790 D IconPack: 	at com.android.launcher3.views.FloatingIconView.getIconResult(FloatingIconView.java:280)
10-08 12:22:24.987  1639  1790 D IconPack: 	at com.android.launcher3.views.FloatingIconView.lambda$fetchIcon$4(FloatingIconView.java:575)
10-08 12:22:24.987  1639  1790 D IconPack: 	at com.android.launcher3.views.-$$Lambda$FloatingIconView$v6cq-z7Ev8dQBS_wyh4NH-YcaPs.run(Unknown Source:14)
10-08 12:22:24.987  1639  1790 D IconPack: 	at android.os.Handler.handleCallback(Handler.java:942)
10-08 12:22:24.987  1639  1790 D IconPack: 	at android.os.Handler.dispatchMessage(Handler.java:99)
10-08 12:22:24.987  1639  1790 D IconPack: 	at android.os.Looper.loopOnce(Looper.java:201)
10-08 12:22:24.987  1639  1790 D IconPack: 	at android.os.Looper.loop(Looper.java:288)
10-08 12:22:24.987  1639  1790 D IconPack: 	at android.os.HandlerThread.run(HandlerThread.java:67)
10-08 12:22:24.990  1110  1518 D PerformanceDatabaseControl: queryMem pkgName = com.gig_tech
10-08 12:22:24.991  1110  1518 D AppStartScene: doFastKillForAppStart:com.gig_tech,memAvail:44
10-08 12:22:24.991   334   334 I lowmemorykiller: memfree(118MB) is enough and ignore fast kill
10-08 12:22:24.992   656   656 W AudioFlinger: The package name(android) provided does not correspond to the uid 1041
10-08 12:22:24.994   637   637 D PowerHAL: ###Enter launch scene bgn###
10-08 12:22:24.994   637   637 D PowerHAL: Enter common_set: enable:1, duration: 0, /sys/devices/system/cpu/cpufreq/policy0/scaling_min_freq: 1820000
10-08 12:22:24.994   637   637 D PowerHAL: Enter common_set: enable:1, duration: 0, /sys/devices/system/cpu/cpufreq/policy0/scaling_max_freq: 1820000
10-08 12:22:24.994   637   637 D PowerHAL: Enter common_set: enable:1, duration: 0, /sys/devices/system/cpu/cpufreq/policy6/scaling_min_freq: 2028000
10-08 12:22:24.995   637   637 D PowerHAL: Enter common_set: enable:1, duration: 0, /sys/devices/system/cpu/cpufreq/policy6/scaling_max_freq: 2028000
10-08 12:22:24.995   637   637 D PowerHAL: Enter devfreq_ddr_set: enable:1, duration: 0, /sys/class/devfreq/scene-frequency/sprd-governor/scene_boost_dfs: max
10-08 12:22:24.995   637   637 D PowerHAL: Enter common_subsys_set: enable:1, duration: 0, subsys:uclamp: conf_3:4
10-08 12:22:24.995   637   637 D PowerHAL: Enter common_subsys_set_current_config: 
10-08 12:22:24.996   630   980 D SensorHub: SPRD[734]processTypeEvent::DBG_VERBOSE[Light Sensor] lux = [12.657800]
10-08 12:22:24.997  1110  4900 I ActivityTaskManager: ->startActivity for ActivityRecord{a905a3b u0 com.gig_tech/.MainActivity} t15863 d0} result:START_SUCCESS
10-08 12:22:24.997   626   726 I DPUModule: DpuR5P0::checkLayerFormat <142>: checkLayerFormat: Format(1)
10-08 12:22:24.997   626   726 I DPUModule: DpuR5P0::checkTransform <35>: checkTransform: Transform(0), SRCRect(93,52)
10-08 12:22:24.997   626   726 I DPUModule: DpuR5P0::checkLayerFormat <142>: checkLayerFormat: Format(1)
10-08 12:22:24.997   626   726 I DPUModule: DpuR5P0::checkTransform <35>: checkTransform: Transform(0), SRCRect(0,0)
10-08 12:22:24.997   626   726 I DPUModule: DpuR5P0::checkAFBCBlockSize <97>: checkAFBCBlockSize: compressed(1),format(1), pitch(720), vstride(1600)
10-08 12:22:24.997   626   726 I DPUModule: DpuR5P0::checkLayerFormat <142>: checkLayerFormat: Format(1)
10-08 12:22:24.997   626   726 I DPUModule: DpuR5P0::checkTransform <35>: checkTransform: Transform(0), SRCRect(0,0)
10-08 12:22:24.997   626   726 I DPUModule: DpuR5P0::checkAFBCBlockSize <97>: checkAFBCBlockSize: compressed(1),format(1), pitch(720), vstride(48)
10-08 12:22:24.997   637   637 D PowerHAL: ###Enter launch scene end###
10-08 12:22:24.997   626   726 I DPUModule: DpuR5P0::checkLayerFormat <142>: checkLayerFormat: Format(1)
10-08 12:22:24.998   626   726 I DPUModule: DpuR5P0::checkTransform <35>: checkTransform: Transform(0), SRCRect(0,0)
10-08 12:22:24.998   626   726 I DPUModule: DpuR5P0::checkAFBCBlockSize <97>: checkAFBCBlockSize: compressed(1),format(1), pitch(720), vstride(96)
10-08 12:22:24.998   626   726 I DPUModule: DpuR5P0::checkLayerFormat <142>: checkLayerFormat: Format(1)
10-08 12:22:24.998   626   726 I DPUModule: DpuR5P0::checkTransform <35>: checkTransform: Transform(0), SRCRect(0,0)
10-08 12:22:24.998   626   726 I DPUModule: DpuR5P0::checkAFBCBlockSize <97>: checkAFBCBlockSize: compressed(1),format(1), pitch(720), vstride(48)
10-08 12:22:24.998   626   726 I DPUModule: DpuR5P0::checkLayerFormat <142>: checkLayerFormat: Format(1)
10-08 12:22:24.998   626   726 I DPUModule: DpuR5P0::checkTransform <35>: checkTransform: Transform(0), SRCRect(0,0)
10-08 12:22:24.998   626   726 I DPUModule: DpuR5P0::checkAFBCBlockSize <97>: checkAFBCBlockSize: compressed(1),format(1), pitch(720), vstride(48)
10-08 12:22:24.998   626   726 D DPUModule: [z] support: 0
10-08 12:22:25.000   621   712 I EffectsFactory: EffectCreate() create_effect
10-08 12:22:25.000   621   712 V DlbVolumeListener: Create Dolby Listener Effect.
10-08 12:22:25.000   621   712 V DlbVolumeListener: create CREATED_CONTEXT 0xf776a480 sessionId 129 ioId 29
10-08 12:22:25.000   621   712 I DlbVolumeListener: create() Created effect System Listener
10-08 12:22:25.000   621   712 V DlbVolumeListener: effectGetDescriptor
10-08 12:22:25.000   621   712 I DlbVolumeListener: effectGetDescriptor() Returning descriptor for System Listener
10-08 12:22:25.001   621   712 V DlbVolumeListener: effectGetDescriptor
10-08 12:22:25.001   621   712 I DlbVolumeListener: effectGetDescriptor() Returning descriptor for System Listener
10-08 12:22:25.001   621   712 V DlbVolumeListener: effectCommand
10-08 12:22:25.001   621   712 V DlbVolumeListener: effectCommand :: Command EFFECT_CMD_INIT
10-08 12:22:25.001   621   712 V DlbVolumeListener: effectCommand
10-08 12:22:25.001   621   712 D DlbVolumeListener: effectCommand :: Command EFFECT_CMD_OFFLOAD offload=0 ioHandle=29
10-08 12:22:25.001  1110  1136 D CompatibilityChangeReporter: Compat change id reported: 135634846; UID 10240; state: DISABLED
10-08 12:22:25.001   621   712 V DlbVolumeListener: effectCommand
10-08 12:22:25.001   621   712 V DlbVolumeListener: effectCommand :: Command EFFECT_CMD_SET_CONFIG
10-08 12:22:25.001  1110  1136 D CompatibilityChangeReporter: Compat change id reported: 177438394; UID 10240; state: DISABLED
10-08 12:22:25.001  1110  1136 D CompatibilityChangeReporter: Compat change id reported: 135772972; UID 10240; state: DISABLED
10-08 12:22:25.001  1110  1136 D CompatibilityChangeReporter: Compat change id reported: 135754954; UID 10240; state: ENABLED
10-08 12:22:25.001   621   712 V DlbVolumeListener: effectCommand
10-08 12:22:25.001   621   712 V DlbVolumeListener: effectCommand :: Command EFFECT_CMD_SET_CONFIG
10-08 12:22:25.002   621   712 V DlbVolumeListener: effectCommand
10-08 12:22:25.002  1110  1151 D ActivityManager: asking zygote to start proc:ProcessRecord{264796 0:com.gig_tech/u0a240}
10-08 12:22:25.002  1110  1151 D CompatibilityChangeReporter: Compat change id reported: 143937733; UID 10240; state: ENABLED
10-08 12:22:25.002   656   656 I APM_AudioPolicyManager: startOutput portId 28
10-08 12:22:25.002  1110  1151 D PreforkProcessScene: execution function name:handlePreforkStartProcess
10-08 12:22:25.002   656   656 I APM_AudioPolicyManager: startOutput() output 29, stream 1, session 129
10-08 12:22:25.002   656   656 I AudioPolicyManagerCustomBase: startOutputSetInt portId=28 mOutputs.size=4
10-08 12:22:25.002   656   656 I AudioPolicyManagerCustomBase: startOutputSetInt out portId 28
10-08 12:22:25.002  1110  1151 D PreforkProcessScene: handlePreforkStartProcess,args:PreforkArgs entryPoint= android.app.ActivityThread ,niceName = com.gig_tech ,uid = 10240 ,gid = 10240 ,gids = [I@e205f17 ,runtimeFlags = 17377280 ,mountExternal = 1 ,targetSdkVersion = 35 ,seInfo = default:targetSdkVersion=35:complete ,abi = arm64-v8a ,instructionSet = arm64 ,appDataDir = /data/user/0/com.gig_tech ,invokeWith = null ,pkgName = com.gig_tech, zygotePolicyFlags = 1, isTopApp = true, mDisabledCompatChanges = 132649864135634846135772972143231523143539591161145287162547999166236554168419799169897160170233598174042936174042980174043039174227820174228127176926741176926753176926771176926829177438394178038272180326787180326845181136395182811243184838306185004937189229956189969734189969744189969749189969779189969782189970036189970038189970040191513214196254758210856463226439802288912692351566728, pkgDataInfoMap = {com.gig_tech=Pair{null 311197}}, whitelistedAppDataInfoMap = {com.google.android.gms=Pair{null 3049}}, bindMountAppStorageDirs = false, bindMountAppsData = true ,zygoteArgs = seq=1152
10-08 12:22:25.002  1110  1151 D PreforkProcessScene: isPackageSupportPreFork, procName:com.gig_tech,isSupport:false
10-08 12:22:25.002  1110  1151 D Prefork : startResult is empty and running normal execution.
10-08 12:22:25.002   656   656 I APM_AudioPolicyManager: getNewOutputDevices selected devices {AUDIO_DEVICE_OUT_SPEAKER, @:}
10-08 12:22:25.002   656   656 I APM_AudioPolicyManager: setOutputDevices device {AUDIO_DEVICE_OUT_SPEAKER, @:} delayMs 0
10-08 12:22:25.003   656   656 D APM_AudioPolicyManager: setOutputDevices() prevDevice {AUDIO_DEVICE_OUT_SPEAKER, @:}
10-08 12:22:25.003   656   656 I AudioPolicyManagerCustomBase: startOutputSetEnd portId=28 status=0
10-08 12:22:25.003   656   656 I AudioPolicyManagerCustomBase: startOutputSetEnd out portId 28
10-08 12:22:25.003   656   968 I AudioFlinger: acquireWakeLock_l() AudioOut_1D status 0
10-08 12:22:25.004   656   968 W AudioFlinger: Mismatch Effect thread id for audio track check
10-08 12:22:25.005   621   712 V DlbVolumeListener: effectCommand
10-08 12:22:25.005   621   712 V DlbVolumeListener: effectCommand :: Command EFFECT_CMD_ENABLE
10-08 12:22:25.005  1110  1137 D WindowManager: Focus not requested, because it has no surface or is not focusable, request window=Window{f2ce592 u0 com.motorola.launcher3/com.android.launcher3.CustomizationPanelLauncher}, mCurrentFocusWindow= f2ce592 com.motorola.launcher3/com.android.launcher3.CustomizationPanelLauncher
10-08 12:22:25.005  1110  1530 D SceneRecognizer: notifySceneStatusChanged: notify 1 receivers
10-08 12:22:25.005   621  1874 I audio_hw_primary: out_write() out_write start up bytes:0
10-08 12:22:25.005   621  1874 D audio_hw_primary: start_output_stream: enter: app_scene(1: fast-playback) usecase(0x100) devices(0x2) flag(0x4)
10-08 12:22:25.005   621  1874 I audio_hw_control: set_usecase cur :0x0 usecase=0x100  on
10-08 12:22:25.005   621  1874 I audio_hw_dsp: dsp_sleep_ctrl_l:1
10-08 12:22:25.005   621  1874 I audio_hw_dsp: dsp_sleep_ctrl: count:0,on_off:1,dsp_ctl->agdsp_sleep_status:1
10-08 12:22:25.005   621  1874 D audio_hw_control: switch_vbc_iis_route: usecase(0x100) is_on(true)
10-08 12:22:25.005   621  1874 D audio_hw_device_route: device_route_apply_path: apply path (3: vbc-iis: playback)
10-08 12:22:25.005   621  1874 E audio_hw_control: set_ucp_1301_rcv_unlock,can not get mixer:UCP1301_RCV Switch
10-08 12:22:25.005   621  1874 I audio_hw_dsp: agdsp_send_msg cmd:0x34 param:0x1a9 0x100 0x0 0x0
10-08 12:22:25.005   621  1874 I audio_hw_control: pa_mute_set_usecase cur_usecase:0x100
10-08 12:22:25.005   621  1874 D audio_hw_control: switch_vbc_route: usecase(0x100) device(0x2) force(false) device_out_bypass(0)
10-08 12:22:25.006   621  1874 D audio_hw_control: switch_vbc_device_route: usecase(0x100) mixer path id(1: vbc-iis-mux) device(0x2) is_in_dev(false) force(false)
10-08 12:22:25.006   621  1874 D audio_hw_device_route: device_route_apply_path: apply path (1: vbc-iis-mux: only_codec_p)
10-08 12:22:25.006   621  1092 I DlbEffectDap: setParam() mPregain: -2080
10-08 12:22:25.006   621  1092 D DlbDapEndpointParamCache: commit() Applying parameters for device 0x40000000
10-08 12:22:25.006   621  1092 D DlbDapEndpointParamCache: doCommit() Committed 0 parameters out of 15.
10-08 12:22:25.006   621  1092 D DlbDapEndpointParamCache: commit() Overriding parameters for current device 0x00000002
10-08 12:22:25.006   621  1092 D DlbDapEndpointParamCache: doCommit() Committed 0 parameters out of 65.
10-08 12:22:25.006  1110  1136 D SSense  : windowsChanged
10-08 12:22:25.010  1110  1137 D WindowManager: Focus not requested, because it has no surface or is not focusable, request window=Window{f2ce592 u0 com.motorola.launcher3/com.android.launcher3.CustomizationPanelLauncher}, mCurrentFocusWindow= f2ce592 com.motorola.launcher3/com.android.launcher3.CustomizationPanelLauncher
10-08 12:22:25.011  1110  4900 D CoreBackPreview: Window{7f74722 u0 Splash Screen com.gig_tech}: Setting back callback OnBackInvokedCallbackInfo{mCallback=android.window.IOnBackInvokedCallback$Stub$Proxy@96b770, mPriority=0}
10-08 12:22:25.014   626   726 I DPUModule: DpuR5P0::checkLayerFormat <142>: checkLayerFormat: Format(1)
10-08 12:22:25.014   626   726 I DPUModule: DpuR5P0::checkTransform <35>: checkTransform: Transform(0), SRCRect(93,52)
10-08 12:22:25.014   626   726 I DPUModule: DpuR5P0::checkLayerFormat <142>: checkLayerFormat: Format(1)
10-08 12:22:25.014   626   726 I DPUModule: DpuR5P0::checkTransform <35>: checkTransform: Transform(0), SRCRect(0,0)
10-08 12:22:25.014   626   726 I DPUModule: DpuR5P0::checkAFBCBlockSize <97>: checkAFBCBlockSize: compressed(1),format(1), pitch(720), vstride(1600)
10-08 12:22:25.014   626   726 I DPUModule: DpuR5P0::checkLayerFormat <142>: checkLayerFormat: Format(1)
10-08 12:22:25.014   626   726 I DPUModule: DpuR5P0::checkTransform <35>: checkTransform: Transform(0), SRCRect(0,0)
10-08 12:22:25.014   626   726 I DPUModule: DpuR5P0::checkAFBCBlockSize <97>: checkAFBCBlockSize: compressed(1),format(1), pitch(720), vstride(48)
10-08 12:22:25.014   626   726 I DPUModule: DpuR5P0::checkLayerFormat <142>: checkLayerFormat: Format(1)
10-08 12:22:25.014   626   726 I DPUModule: DpuR5P0::checkTransform <35>: checkTransform: Transform(0), SRCRect(0,0)
10-08 12:22:25.014   626   726 I DPUModule: DpuR5P0::checkAFBCBlockSize <97>: checkAFBCBlockSize: compressed(1),format(1), pitch(720), vstride(96)
10-08 12:22:25.014   626   726 I DPUModule: DpuR5P0::checkLayerFormat <142>: checkLayerFormat: Format(1)
10-08 12:22:25.014   626   726 I DPUModule: DpuR5P0::checkTransform <35>: checkTransform: Transform(0), SRCRect(0,0)
10-08 12:22:25.014   626   726 I DPUModule: DpuR5P0::checkAFBCBlockSize <97>: checkAFBCBlockSize: compressed(1),format(1), pitch(720), vstride(48)
10-08 12:22:25.014   626   726 I DPUModule: DpuR5P0::checkLayerFormat <142>: checkLayerFormat: Format(1)
10-08 12:22:25.014   626   726 I DPUModule: DpuR5P0::checkTransform <35>: checkTransform: Transform(0), SRCRect(0,0)
10-08 12:22:25.014   626   726 I DPUModule: DpuR5P0::checkAFBCBlockSize <97>: checkAFBCBlockSize: compressed(1),format(1), pitch(720), vstride(48)
10-08 12:22:25.014   626   726 D DPUModule: [z] support: 0
10-08 12:22:25.016   621  1874 D audio_hw_control: switch_vbc_device_route: usecase(0x100) mixer path id(2: be-switch) device(0x2) is_in_dev(false) force(false)
10-08 12:22:25.016   621  1874 D audio_hw_device_route: device_route_apply_path: apply path (2: be-switch: codec_p)
10-08 12:22:25.017   621  1874 D audio_hw_primary: start_output_stream: open pcm device card_id(0) dev_id(0) sample_rate(48000) channel_mask(0x2) format(0) period_size(240) start_threshold(0)
10-08 12:22:25.018   621  1874 D audio_hw_control: set_mdg_mute_unlock: usecase(0x100) mute_mixer_ctl(0xf7476128) mute(false)
10-08 12:22:25.018   621  1874 D audio_hw_control: set_mdg_mute_unlock: app_scene(1: fast-playback)
10-08 12:22:25.018   621  1874 W audio_hw_control: _set_mdg_mute:set the same value:0
10-08 12:22:25.018   621  1874 I audio_hw_control: select_devices_new devices 0x2, is in 0 app type:1 sync is 1,force:1
10-08 12:22:25.018   621   934 I audio_hw_control: do_select_device in device:2,is_in:0,force_set:1,actl->usecase:100,in:0,out:2
10-08 12:22:25.018   621   934 I audio_hw_control: device_access_enable
10-08 12:22:25.018   621   934 I audio_hw_dsp: dsp_sleep_ctrl_pair: count:1,on_off:1,dsp_ctl->agdsp_sleep_status:1
10-08 12:22:25.018   621   934 D audio_hw_control: switch_vbc_route_unlock: usecase(0x100) device(0x2)
10-08 12:22:25.018   621   934 D audio_hw_control: switch_vbc_device_route: usecase(0x100) mixer path id(1: vbc-iis-mux) device(0x2) is_in_dev(false) force(false)
10-08 12:22:25.018   621   934 D audio_hw_control: switch_vbc_device_route: usecase(0x100) mixer path id(2: be-switch) device(0x2) is_in_dev(false) force(false)
10-08 12:22:25.018   621   934 D audio_hw_control: set_vbc_usecase_ctl: usecase(0x100) device(0x2)
10-08 12:22:25.018   621   934 D audio_hw_control: do_switch_out_devices: usecase(0x100) app_scene(1: fast-playback) device(0x2)
10-08 12:22:25.018   621   934 D audio_hw_control: switch_device_route: usecase(0x100) device(0x2) is_in_dev(false)
10-08 12:22:25.019   621   934 I audio_hw_control: Set 'Virt Output Switch' to '1'
10-08 12:22:25.019   621   934 D audio_hw_device_route: device_route_apply_path: apply path (0: audio-device: speaker)
10-08 12:22:25.019   613   613 D Zygote  : Forked child process 8290
10-08 12:22:25.019  1110  1151 I ActivityManager: Start proc 8290:com.gig_tech/u0a240 for next-top-activity {com.gig_tech/com.gig_tech.MainActivity}
10-08 12:22:25.020   621   934 I audio_hw_control: Set 'Virt Output Switch' to '0'
10-08 12:22:25.020   621   934 I audio_hw_control: set_dev_change ctl:VBC_SYSTEM_DEV_CHANGE old_dev:0 new_dev:0x0
10-08 12:22:25.020   621   934 I audio_hw_control: set_dev_change ctl:VBC_CUSTM_DEV_CHANGE old_dev:0 new_dev:0x0
10-08 12:22:25.020   621   934 E audio_hw_control: set_ucp_1301_rcv_unlock,can not get mixer:UCP1301_RCV Switch
10-08 12:22:25.020   621   934 I audio_hw_control: device_access_restore
10-08 12:22:25.020   621   934 I audio_hw_dsp: dsp_sleep_ctrl_pair: count:0,on_off:0,dsp_ctl->agdsp_sleep_status:1
10-08 12:22:25.020   621   934 I audio_hw_control: do_select_device out device:2,is_in:0
10-08 12:22:25.020   621  1874 I audio_hw_control: clear_all_vbc_dg_param_state
10-08 12:22:25.020   621  1874 I audio_hw_control: UPDATE_PARAM_VDG:Music\Handsfree\Playback volme:0
10-08 12:22:25.020   621  1874 I audio_hw_control: Apply Gain Control [VBC DAC0 DG Set. 39]
10-08 12:22:25.020   621  1874 I audio_hw_param: get_audio_param_mode type:0 param_id:75 param_mode:47 default_mode:4b
10-08 12:22:25.020   621  1874 I audio_hw_control: set_vbc_param:75 case:0 255 255
10-08 12:22:25.020   621  1874 I audio_hw_control: UPDATE_PARAM_VBC_PLAY:Music\Handsfree\Playback play:255 dsp_case:0
10-08 12:22:25.020   621  1874 I audio_hw_param: get_audio_param_mode type:4 param_id:75 param_mode:2e default_mode:4b
10-08 12:22:25.020   621  1874 I audio_hw_control: UPDATE_PARAM_CODEC_PLAY:Music\Handsfree\Playback cur_codec_p_volume:255 volume:0 codec_param:0xf4887ba0
10-08 12:22:25.020   621  1874 I audio_hw_control: set_sprd_output_devices_param vol_index:0 out_devices:2
10-08 12:22:25.020   621  1874 I audio_hw_control: set_sprd_output_devices_param set dacs_playback_volume :0x3
10-08 12:22:25.020   621  1874 I audio_hw_control: set_sprd_output_devices_param set spkl_playback_volume :0x0
10-08 12:22:25.021   621  1874 I audio_hw_control: set_sprd_output_devices_param set inner_pa :0x12f
10-08 12:22:25.021   621  1874 V audio_hw_primary: start_output_stream: exit
10-08 12:22:25.021   621  1874 E audio_dump: audio_dump point or len error:len:0, 3 [1,22)
10-08 12:22:25.021   621  1874 E audio_dump: audio_dump point or len error:len:0, 4 [1,22)
10-08 12:22:25.023  1110  1151 D PreforkProcessScene: execution function name:preforkStart
10-08 12:22:25.024  1110  1136 D SSense  : windowsChanged
10-08 12:22:25.026   625 16074 I mali_gralloc: allocate: id=271000010f9, hal_format=RGBA8888, mali_format=RGBA8888, afbc=SPLIT, usage=GPU_RW|HWC|BACKBUF, size=720x1600(4680704), stride=720, name=VRI[gig_tech]#225(BLAST Consumer)225
10-08 12:22:25.027  1408  8291 I mali_gralloc: register: id=0x271000010f9, importpid=-1
10-08 12:22:25.028   625 16074 I mali_gralloc: allocate: id=271000010fa, hal_format=RGBA8888, mali_format=RGBA8888, afbc=SPLIT, usage=GPU_RW|HWC|BACKBUF, size=720x1600(4680704), stride=720, name=VRI[gig_tech]#225(BLAST Consumer)225
10-08 12:22:25.029  1408  8291 I mali_gralloc: register: id=0x271000010fa, importpid=-1
10-08 12:22:25.030   666   730 I mali_gralloc: register: id=0x271000010f9, importpid=1408
10-08 12:22:25.031   625   625 I mali_gralloc: allocate: id=271000010fb, hal_format=RGBA8888, mali_format=RGBA8888, afbc=SPLIT, usage=GPU_RW|HWC|BACKBUF, size=720x1600(4680704), stride=720, name=VRI[gig_tech]#225(BLAST Consumer)225
10-08 12:22:25.031  1408  1489 W Parcel  : Expecting binder but got null!
10-08 12:22:25.031  1408  8291 I mali_gralloc: register: id=0x271000010fb, importpid=-1
10-08 12:22:25.031   626   726 I DPUModule: DpuR5P0::checkLayerFormat <142>: checkLayerFormat: Format(1)
10-08 12:22:25.031   626   726 I DPUModule: DpuR5P0::checkTransform <35>: checkTransform: Transform(0), SRCRect(93,52)
10-08 12:22:25.031   626   726 I DPUModule: DpuR5P0::checkLayerFormat <142>: checkLayerFormat: Format(1)
10-08 12:22:25.031   626   726 I DPUModule: DpuR5P0::checkTransform <35>: checkTransform: Transform(0), SRCRect(0,0)
10-08 12:22:25.031   626   726 I DPUModule: DpuR5P0::checkAFBCBlockSize <97>: checkAFBCBlockSize: compressed(1),format(1), pitch(720), vstride(1600)
10-08 12:22:25.031   626   726 I DPUModule: DpuR5P0::checkLayerFormat <142>: checkLayerFormat: Format(1)
10-08 12:22:25.031   626   726 I DPUModule: DpuR5P0::checkTransform <35>: checkTransform: Transform(0), SRCRect(0,0)
10-08 12:22:25.031   626   726 I DPUModule: DpuR5P0::checkAFBCBlockSize <97>: checkAFBCBlockSize: compressed(1),format(1), pitch(720), vstride(48)
10-08 12:22:25.032   626   726 I DPUModule: DpuR5P0::checkLayerFormat <142>: checkLayerFormat: Format(1)
10-08 12:22:25.032   626   726 I DPUModule: DpuR5P0::checkTransform <35>: checkTransform: Transform(0), SRCRect(0,0)
10-08 12:22:25.032   626   726 I DPUModule: DpuR5P0::checkAFBCBlockSize <97>: checkAFBCBlockSize: compressed(1),format(1), pitch(720), vstride(96)
10-08 12:22:25.032   626   726 I DPUModule: DpuR5P0::checkLayerFormat <142>: checkLayerFormat: Format(1)
10-08 12:22:25.032   626   726 I DPUModule: DpuR5P0::checkTransform <35>: checkTransform: Transform(0), SRCRect(0,0)
10-08 12:22:25.032   626   726 I DPUModule: DpuR5P0::checkAFBCBlockSize <97>: checkAFBCBlockSize: compressed(1),format(1), pitch(720), vstride(48)
10-08 12:22:25.032   626   726 I DPUModule: DpuR5P0::checkLayerFormat <142>: checkLayerFormat: Format(1)
10-08 12:22:25.032   626   726 I DPUModule: DpuR5P0::checkTransform <35>: checkTransform: Transform(0), SRCRect(0,0)
10-08 12:22:25.032   626   726 I DPUModule: DpuR5P0::checkAFBCBlockSize <97>: checkAFBCBlockSize: compressed(1),format(1), pitch(720), vstride(48)
10-08 12:22:25.032   626   726 D DPUModule: [z] support: 0
10-08 12:22:25.036  8290  8290 I com.gig_tech: Using CollectorTypeCMC GC.
10-08 12:22:25.039  8290  8290 E com.gig_tech: Not starting debugger since process cannot load the jdwp agent.
10-08 12:22:25.042  8290  8290 D nativeloader: Load libframework-connectivity-tiramisu-jni.so using APEX ns com_android_tethering for caller /apex/com.android.tethering/javalib/framework-connectivity-t.jar: ok
10-08 12:22:25.044   656   968 W AudioFlinger: Mismatch Effect thread id for audio track check
10-08 12:22:25.049   626   726 I DPUModule: DpuR5P0::checkLayerFormat <142>: checkLayerFormat: Format(1)
10-08 12:22:25.049   626   726 I DPUModule: DpuR5P0::checkTransform <35>: checkTransform: Transform(0), SRCRect(93,52)
10-08 12:22:25.049   626   726 I DPUModule: DpuR5P0::checkLayerFormat <142>: checkLayerFormat: Format(1)
10-08 12:22:25.049   626   726 I DPUModule: DpuR5P0::checkTransform <35>: checkTransform: Transform(0), SRCRect(0,0)
10-08 12:22:25.049   626   726 I DPUModule: DpuR5P0::checkAFBCBlockSize <97>: checkAFBCBlockSize: compressed(1),format(1), pitch(720), vstride(1600)
10-08 12:22:25.049   626   726 I DPUModule: DpuR5P0::checkLayerFormat <142>: checkLayerFormat: Format(1)
10-08 12:22:25.049   626   726 I DPUModule: DpuR5P0::checkTransform <35>: checkTransform: Transform(0), SRCRect(0,0)
10-08 12:22:25.049   626   726 I DPUModule: DpuR5P0::checkAFBCBlockSize <97>: checkAFBCBlockSize: compressed(1),format(1), pitch(720), vstride(48)
10-08 12:22:25.049   626   726 I DPUModule: DpuR5P0::checkLayerFormat <142>: checkLayerFormat: Format(1)
10-08 12:22:25.049   626   726 I DPUModule: DpuR5P0::checkTransform <35>: checkTransform: Transform(0), SRCRect(0,0)
10-08 12:22:25.049   626   726 I DPUModule: DpuR5P0::checkAFBCBlockSize <97>: checkAFBCBlockSize: compressed(1),format(1), pitch(720), vstride(96)
10-08 12:22:25.049   626   726 I DPUModule: DpuR5P0::checkLayerFormat <142>: checkLayerFormat: Format(1)
10-08 12:22:25.049   626   726 I DPUModule: DpuR5P0::checkTransform <35>: checkTransform: Transform(0), SRCRect(0,0)
10-08 12:22:25.049   626   726 I DPUModule: DpuR5P0::checkAFBCBlockSize <97>: checkAFBCBlockSize: compressed(1),format(1), pitch(720), vstride(48)
10-08 12:22:25.049   626   726 I DPUModule: DpuR5P0::checkLayerFormat <142>: checkLayerFormat: Format(1)
10-08 12:22:25.049   626   726 I DPUModule: DpuR5P0::checkTransform <35>: checkTransform: Transform(0), SRCRect(0,0)
10-08 12:22:25.049   626   726 I DPUModule: DpuR5P0::checkAFBCBlockSize <97>: checkAFBCBlockSize: compressed(1),format(1), pitch(720), vstride(48)
10-08 12:22:25.049   626   726 D DPUModule: [z] support: 0
10-08 12:22:25.052  1110  1296 D ApplicationPackageManager: hasSystemFeature:name=android.software.picture_in_picture version=0 getOpPackageName=android hasSystemFeature=false
10-08 12:22:25.052  1110  1296 D ApplicationPackageManager: hasSystemFeature:name=android.software.picture_in_picture version=0 getOpPackageName=android hasSystemFeature=false
10-08 12:22:25.054  1110  1296 D WindowManager: setFocusedApp mFocusedApp = ActivityRecord{a905a3b u0 com.gig_tech/.MainActivity} t15863 d0}displayId = 0Callers = com.android.server.wm.ActivityTaskManagerService.setResumedActivityUncheckLocked:4587 com.android.server.wm.TaskFragment.onActivityStateChanged:826 com.android.server.wm.ActivityRecord.setState:5477 com.android.server.wm.Task.minimalResumeActivityLocked:4804 
10-08 12:22:25.054  8290  8301 E com.gig_tech: Could not write anonymous vdex /system_ext/framework/oat/arm64/unisoc-framework.vdex: Could not open /system_ext/framework/oat/arm64/unisoc-framework.vdex for writing
10-08 12:22:25.055  8290  8290 D CompatibilityChangeReporter: Compat change id reported: 171979766; UID 10240; state: ENABLED
10-08 12:22:25.064  8290  8290 D nativeloader: Configuring clns-4 for other apk /system/framework/org.apache.http.legacy.jar. target_sdk_version=35, uses_libraries=ALL, library_path=/data/app/~~73ntv4_HpNNboQs_erOa1A==/com.gig_tech-rPUqmUKrWrq1Jr2ZFBQSxQ==/lib/arm64:/data/app/~~73ntv4_HpNNboQs_erOa1A==/com.gig_tech-rPUqmUKrWrq1Jr2ZFBQSxQ==/base.apk!/lib/arm64-v8a, permitted_path=/data:/mnt/expand:/data/user/0/com.gig_tech
10-08 12:22:25.064   626   726 I DPUModule: DpuR5P0::checkLayerFormat <142>: checkLayerFormat: Format(1)
10-08 12:22:25.064   626   726 I DPUModule: DpuR5P0::checkTransform <35>: checkTransform: Transform(0), SRCRect(93,52)
10-08 12:22:25.064   626   726 I DPUModule: DpuR5P0::checkLayerFormat <142>: checkLayerFormat: Format(1)
10-08 12:22:25.064   626   726 I DPUModule: DpuR5P0::checkTransform <35>: checkTransform: Transform(0), SRCRect(0,0)
10-08 12:22:25.064   626   726 I DPUModule: DpuR5P0::checkAFBCBlockSize <97>: checkAFBCBlockSize: compressed(1),format(1), pitch(720), vstride(1600)
10-08 12:22:25.064   626   726 I DPUModule: DpuR5P0::checkLayerFormat <142>: checkLayerFormat: Format(1)
10-08 12:22:25.064   626   726 I DPUModule: DpuR5P0::checkTransform <35>: checkTransform: Transform(0), SRCRect(0,0)
10-08 12:22:25.064   626   726 I DPUModule: DpuR5P0::checkAFBCBlockSize <97>: checkAFBCBlockSize: compressed(1),format(1), pitch(720), vstride(48)
10-08 12:22:25.064   626   726 I DPUModule: DpuR5P0::checkLayerFormat <142>: checkLayerFormat: Format(1)
10-08 12:22:25.064   626   726 I DPUModule: DpuR5P0::checkTransform <35>: checkTransform: Transform(0), SRCRect(0,0)
10-08 12:22:25.064   626   726 I DPUModule: DpuR5P0::checkAFBCBlockSize <97>: checkAFBCBlockSize: compressed(1),format(1), pitch(720), vstride(96)
10-08 12:22:25.064   626   726 I DPUModule: DpuR5P0::checkLayerFormat <142>: checkLayerFormat: Format(1)
10-08 12:22:25.064   626   726 I DPUModule: DpuR5P0::checkTransform <35>: checkTransform: Transform(0), SRCRect(0,0)
10-08 12:22:25.064   626   726 I DPUModule: DpuR5P0::checkAFBCBlockSize <97>: checkAFBCBlockSize: compressed(1),format(1), pitch(720), vstride(48)
10-08 12:22:25.064   626   726 I DPUModule: DpuR5P0::checkLayerFormat <142>: checkLayerFormat: Format(1)
10-08 12:22:25.064   626   726 I DPUModule: DpuR5P0::checkTransform <35>: checkTransform: Transform(0), SRCRect(0,0)
10-08 12:22:25.064   626   726 I DPUModule: DpuR5P0::checkAFBCBlockSize <97>: checkAFBCBlockSize: compressed(1),format(1), pitch(720), vstride(48)
10-08 12:22:25.064   626   726 D DPUModule: [z] support: 0
10-08 12:22:25.067  8290  8290 D nativeloader: Configuring clns-5 for other apk /data/app/~~73ntv4_HpNNboQs_erOa1A==/com.gig_tech-rPUqmUKrWrq1Jr2ZFBQSxQ==/base.apk. target_sdk_version=35, uses_libraries=, library_path=/data/app/~~73ntv4_HpNNboQs_erOa1A==/com.gig_tech-rPUqmUKrWrq1Jr2ZFBQSxQ==/lib/arm64:/data/app/~~73ntv4_HpNNboQs_erOa1A==/com.gig_tech-rPUqmUKrWrq1Jr2ZFBQSxQ==/base.apk!/lib/arm64-v8a, permitted_path=/data:/mnt/expand:/data/user/0/com.gig_tech
10-08 12:22:25.067   656   968 W AudioFlinger: Mismatch Effect thread id for audio track check
10-08 12:22:25.073  8290  8290 D nativeloader: Load libframework-connectivity-jni.so using APEX ns com_android_tethering for caller /apex/com.android.tethering/javalib/framework-connectivity.jar: ok
10-08 12:22:25.074  8290  8290 V GraphicsEnvironment: ANGLE Developer option for 'com.gig_tech' set to: 'default'
10-08 12:22:25.074  8290  8290 V GraphicsEnvironment: ANGLE GameManagerService for com.gig_tech: false
10-08 12:22:25.074  8290  8290 V GraphicsEnvironment: Neither updatable production driver nor prerelease driver is supported.
10-08 12:22:25.074  8290  8290 D ApplicationPackageManager: hasSystemFeature:name=android.hardware.vulkan.version version=4206592 getOpPackageName=com.gig_tech hasSystemFeature=true
10-08 12:22:25.076  8290  8290 D NetworkSecurityConfig: No Network Security Config specified, using platform default
10-08 12:22:25.076  8290  8290 D NetworkSecurityConfig: No Network Security Config specified, using platform default
10-08 12:22:25.080   666   666 I Layer   : fillInputInfo layer:Splash Screen com.gig_tech#5234, visible=1 (hasInputInfo:1, isHidden:0, alpha:1.000000, mActiveBuffer:2), parent:7f74722 Splash Screen com.gig_tech#5233, parenthidden:0
10-08 12:22:25.081   626   726 I mali_gralloc: register: id=0x271000010f9, importpid=666
10-08 12:22:25.084  8290  8290 D WM-WrkMgrInitializer: Initializing WorkManager with default configuration.
10-08 12:22:25.090  8290  8290 D WM-PackageManagerHelper: Skipping component enablement for androidx.work.impl.background.systemjob.SystemJobService
10-08 12:22:25.090  8290  8290 D WM-Schedulers: Created SystemJobScheduler and enabled SystemJobService
10-08 12:22:25.094  8290  8290 W SoLoader: Initializing SoLoader: 0
10-08 12:22:25.094  8290  8290 W SoLoader: Recording new base apk path: /data/app/~~73ntv4_HpNNboQs_erOa1A==/com.gig_tech-rPUqmUKrWrq1Jr2ZFBQSxQ==/base.apk
10-08 12:22:25.094  8290  8290 W SoLoader: Previously recorded 0 base apk paths.
10-08 12:22:25.095  8290  8290 I SoLoader: Preparing SO source: DirectorySoSource[root = /vendor/lib64 flags = 2]
10-08 12:22:25.095  8290  8290 I SoLoader: Preparing SO source: DirectorySoSource[root = /system/lib64 flags = 2]
10-08 12:22:25.095  8290  8290 I SoLoader: Preparing SO source: DirectApkSoSource[root = [/data/app/~~73ntv4_HpNNboQs_erOa1A==/com.gig_tech-rPUqmUKrWrq1Jr2ZFBQSxQ==/base.apk!/lib/arm64-v8a]]
10-08 12:22:25.097   626   726 I mali_gralloc: register: id=0x27100000d94, importpid=666
10-08 12:22:25.098   626   726 I mali_gralloc: unregister: id=0x27100000d94, base=0x0, importpid=626
10-08 12:22:25.098   626   726 I mali_gralloc: register: id=0x271000010f7, importpid=666
10-08 12:22:25.098   626   726 I mali_gralloc: unregister: id=0x271000010f7, base=0x0, importpid=626
10-08 12:22:25.098   626   726 I mali_gralloc: register: id=0x271000010f9, importpid=666
10-08 12:22:25.098   626   726 I mali_gralloc: unregister: id=0x271000010f9, base=0x0, importpid=626
10-08 12:22:25.098  8290  8290 I SoLoader: Preparing SO source: ApplicationSoSource[DirectorySoSource[root = /data/app/~~73ntv4_HpNNboQs_erOa1A==/com.gig_tech-rPUqmUKrWrq1Jr2ZFBQSxQ==/lib/arm64 flags = 0]]
10-08 12:22:25.098  8290  8290 I SoLoader: init finish: 4 SO sources prepared
10-08 12:22:25.098   626   726 I mali_gralloc: register: id=0x27100000332, importpid=666
10-08 12:22:25.098   626   726 I mali_gralloc: unregister: id=0x27100000332, base=0x0, importpid=626
10-08 12:22:25.098   626   726 I mali_gralloc: register: id=0x27100000331, importpid=666
10-08 12:22:25.098   626   726 I mali_gralloc: unregister: id=0x27100000331, base=0x0, importpid=626
10-08 12:22:25.098   626   726 I mali_gralloc: register: id=0x27100000322, importpid=666
10-08 12:22:25.098  8290  8290 W SoLoader: SoLoader initialized: 8
10-08 12:22:25.098   626   726 I mali_gralloc: unregister: id=0x27100000322, base=0x0, importpid=626
10-08 12:22:25.098   626   726 I mali_gralloc: register: id=0x27100000326, importpid=666
10-08 12:22:25.098   626   726 I mali_gralloc: unregister: id=0x27100000326, base=0x0, importpid=626
10-08 12:22:25.102   656   968 W AudioFlinger: Mismatch Effect thread id for audio track check
10-08 12:22:25.109  8290  8304 D CompatibilityChangeReporter: Compat change id reported: 160794467; UID 10240; state: ENABLED
10-08 12:22:25.109  8290  8290 D nativeloader: Load /data/app/~~73ntv4_HpNNboQs_erOa1A==/com.gig_tech-rPUqmUKrWrq1Jr2ZFBQSxQ==/base.apk!/lib/arm64-v8a/libc++_shared.so using class loader ns clns-5 (caller=/data/app/~~73ntv4_HpNNboQs_erOa1A==/com.gig_tech-rPUqmUKrWrq1Jr2ZFBQSxQ==/base.apk): ok
10-08 12:22:25.113  8290  8290 D nativeloader: Load /data/app/~~73ntv4_HpNNboQs_erOa1A==/com.gig_tech-rPUqmUKrWrq1Jr2ZFBQSxQ==/base.apk!/lib/arm64-v8a/libjsi.so using class loader ns clns-5 (caller=/data/app/~~73ntv4_HpNNboQs_erOa1A==/com.gig_tech-rPUqmUKrWrq1Jr2ZFBQSxQ==/base.apk): ok
10-08 12:22:25.114   626   726 I mali_gralloc: register: id=0x27100000d94, importpid=666
10-08 12:22:25.114   626   726 I mali_gralloc: unregister: id=0x27100000d94, base=0x0, importpid=626
10-08 12:22:25.115   626   726 I mali_gralloc: register: id=0x271000010f6, importpid=666
10-08 12:22:25.115   626   726 I mali_gralloc: unregister: id=0x271000010f6, base=0x0, importpid=626
10-08 12:22:25.115   626   726 I mali_gralloc: register: id=0x271000010f9, importpid=666
10-08 12:22:25.115   626   726 I mali_gralloc: unregister: id=0x271000010f9, base=0x0, importpid=626
10-08 12:22:25.115   626   726 I mali_gralloc: register: id=0x27100000332, importpid=666
10-08 12:22:25.115   626   726 I mali_gralloc: unregister: id=0x27100000332, base=0x0, importpid=626
10-08 12:22:25.115   626   726 I mali_gralloc: register: id=0x27100000331, importpid=666
10-08 12:22:25.115   626   726 I mali_gralloc: unregister: id=0x27100000331, base=0x0, importpid=626
10-08 12:22:25.115   626   726 I mali_gralloc: register: id=0x27100000322, importpid=666
10-08 12:22:25.115   626   726 I mali_gralloc: unregister: id=0x27100000322, base=0x0, importpid=626
10-08 12:22:25.115   626   726 I mali_gralloc: register: id=0x27100000326, importpid=666
10-08 12:22:25.115   626   726 I mali_gralloc: unregister: id=0x27100000326, base=0x0, importpid=626
10-08 12:22:25.118  8290  8290 D nativeloader: Load /data/app/~~73ntv4_HpNNboQs_erOa1A==/com.gig_tech-rPUqmUKrWrq1Jr2ZFBQSxQ==/base.apk!/lib/arm64-v8a/libfbjni.so using class loader ns clns-5 (caller=/data/app/~~73ntv4_HpNNboQs_erOa1A==/com.gig_tech-rPUqmUKrWrq1Jr2ZFBQSxQ==/base.apk): ok
10-08 12:22:25.122  8290  8290 D nativeloader: Load /data/app/~~73ntv4_HpNNboQs_erOa1A==/com.gig_tech-rPUqmUKrWrq1Jr2ZFBQSxQ==/base.apk!/lib/arm64-v8a/libreactnative.so using class loader ns clns-5 (caller=/data/app/~~73ntv4_HpNNboQs_erOa1A==/com.gig_tech-rPUqmUKrWrq1Jr2ZFBQSxQ==/base.apk): ok
10-08 12:22:25.123  8290  8290 D jni_lib_merge: Entering merged library JNI_OnLoad.
10-08 12:22:25.123  8290  8290 D jni_lib_merge: Preparing 12 pre-merged libs (including stub)
10-08 12:22:25.123  8290  8290 D jni_lib_merge: Preparing to register libfabricjni_so.  onload_func: 0x738eed84a8
10-08 12:22:25.123  8290  8290 D jni_lib_merge: Preparing to register libreact_devsupportjni_so.  onload_func: 0x738efaac20
10-08 12:22:25.123  8290  8290 D jni_lib_merge: Preparing to register libreact_featureflagsjni_so.  onload_func: 0x738efbcdb8
10-08 12:22:25.123  8290  8290 D jni_lib_merge: Preparing to register libreact_newarchdefaults_so.  onload_func: 0x738efe2028
10-08 12:22:25.123  8290  8290 D jni_lib_merge: Preparing to register libreactnativeblob_so.  onload_func: 0x738f074780
10-08 12:22:25.123  8290  8290 D jni_lib_merge: Preparing to register libreactnativejni_so.  onload_func: 0x738f08ecf4
10-08 12:22:25.123  8290  8290 D jni_lib_merge: Preparing to register libreactnativejni_common_so.  onload_func: 0x738f095628
10-08 12:22:25.123  8290  8290 D jni_lib_merge: Preparing to register librninstance_so.  onload_func: 0x738f0ab578
10-08 12:22:25.123  8290  8290 D jni_lib_merge: Preparing to register libturbomodulejsijni_so.  onload_func: 0x738f148b60
10-08 12:22:25.123  8290  8290 D jni_lib_merge: Preparing to register libuimanagerjni_so.  onload_func: 0x738f15019c
10-08 12:22:25.123  8290  8290 D jni_lib_merge: Preparing to register libyoga_so.  onload_func: 0x738f157760
10-08 12:22:25.123  8290  8290 D jni_lib_merge: About to register 11 actual methods.
10-08 12:22:25.131   626   726 I mali_gralloc: register: id=0x27100000d94, importpid=666
10-08 12:22:25.131   626   726 I mali_gralloc: unregister: id=0x27100000d94, base=0x0, importpid=626
10-08 12:22:25.131   626   726 I mali_gralloc: register: id=0x271000010f8, importpid=666
10-08 12:22:25.131   626   726 I mali_gralloc: unregister: id=0x271000010f8, base=0x0, importpid=626
10-08 12:22:25.131   626   726 I mali_gralloc: register: id=0x271000010f9, importpid=666
10-08 12:22:25.131   626   726 I mali_gralloc: unregister: id=0x271000010f9, base=0x0, importpid=626
10-08 12:22:25.131   626   726 I mali_gralloc: register: id=0x27100000332, importpid=666
10-08 12:22:25.131   626   726 I mali_gralloc: unregister: id=0x27100000332, base=0x0, importpid=626
10-08 12:22:25.131   626   726 I mali_gralloc: register: id=0x27100000331, importpid=666
10-08 12:22:25.131   626   726 I mali_gralloc: unregister: id=0x27100000331, base=0x0, importpid=626
10-08 12:22:25.131   626   726 I mali_gralloc: register: id=0x27100000322, importpid=666
10-08 12:22:25.131   626   726 I mali_gralloc: unregister: id=0x27100000322, base=0x0, importpid=626
10-08 12:22:25.131   626   726 I mali_gralloc: register: id=0x27100000326, importpid=666
10-08 12:22:25.131   626   726 I mali_gralloc: unregister: id=0x27100000326, base=0x0, importpid=626
10-08 12:22:25.132  8290  8290 D nativeloader: Load /data/app/~~73ntv4_HpNNboQs_erOa1A==/com.gig_tech-rPUqmUKrWrq1Jr2ZFBQSxQ==/base.apk!/lib/arm64-v8a/libreact_codegen_rnscreens.so using class loader ns clns-5 (caller=/data/app/~~73ntv4_HpNNboQs_erOa1A==/com.gig_tech-rPUqmUKrWrq1Jr2ZFBQSxQ==/base.apk): ok
10-08 12:22:25.132  8290  8290 D jni_lib_merge: Entering merged library JNI_OnLoad.
10-08 12:22:25.132  8290  8290 D jni_lib_merge: Preparing 12 pre-merged libs (including stub)
10-08 12:22:25.132  8290  8290 D jni_lib_merge: Preparing to register libfabricjni_so.  onload_func: 0x738eed84a8
10-08 12:22:25.132  8290  8290 D jni_lib_merge: Preparing to register libreact_devsupportjni_so.  onload_func: 0x738efaac20
10-08 12:22:25.132  8290  8290 D jni_lib_merge: Preparing to register libreact_featureflagsjni_so.  onload_func: 0x738efbcdb8
10-08 12:22:25.132  8290  8290 D jni_lib_merge: Preparing to register libreact_newarchdefaults_so.  onload_func: 0x738efe2028
10-08 12:22:25.132  8290  8290 D jni_lib_merge: Preparing to register libreactnativeblob_so.  onload_func: 0x738f074780
10-08 12:22:25.132  8290  8290 D jni_lib_merge: Preparing to register libreactnativejni_so.  onload_func: 0x738f08ecf4
10-08 12:22:25.132  8290  8290 D jni_lib_merge: Preparing to register libreactnativejni_common_so.  onload_func: 0x738f095628
